21:08:41 **** Build of configuration Debug for project STM32F103C6 ****
make -j16 all 
arm-none-eabi-gcc -gdwarf-2 -mcpu=cortex-m3 -g3 -DDEBUG -c -x assembler-with-cpp -MMD -MP -MF"Startup/startup_stm32f103c6tx.d" -MT"Startup/startup_stm32f103c6tx.o" --specs=nano.specs -mfloat-abi=soft -mthumb -o "Startup/startup_stm32f103c6tx.o" "../Startup/startup_stm32f103c6tx.s"
arm-none-eabi-gcc -gdwarf-2 "../Src/03_EXTI_Test.c" -mcpu=cortex-m3 -std=gnu11 -g3 -DDEBUG -DSTM32 -DSTM32F1 -DSTM32F103C6Tx -c -I"C:/Users/Abdel/OneDrive/Documents/EmbeddedSystemsInDepth/Drivers/Stm32f103xx/STM32F103C6/MCAL/Inc" -I"C:/Users/Abdel/OneDrive/Documents/EmbeddedSystemsInDepth/Drivers/Stm32f103xx/STM32F103C6/HAL/SevenSegment" -I"C:/Users/Abdel/OneDrive/Documents/EmbeddedSystemsInDepth/Drivers/Stm32f103xx/STM32F103C6/HAL/KeyPad" -I"C:/Users/Abdel/OneDrive/Documents/EmbeddedSystemsInDepth/Drivers/Stm32f103xx/STM32F103C6/HAL/LCD" -I../Inc -I"C:/Users/Abdel/OneDrive/Documents/EmbeddedSystemsInDepth/Drivers/Stm32f103xx/STM32F103C6/HAL/EEPROM" -O0 -ffunction-sections -fdata-sections -Wall -fstack-usage -MMD -MP -MF"Src/03_EXTI_Test.d" -MT"Src/03_EXTI_Test.o" --specs=nano.specs -mfloat-abi=soft -mthumb -o "Src/03_EXTI_Test.o"
arm-none-eabi-gcc -gdwarf-2 "../Src/syscalls.c" -mcpu=cortex-m3 -std=gnu11 -g3 -DDEBUG -DSTM32 -DSTM32F1 -DSTM32F103C6Tx -c -I"C:/Users/Abdel/OneDrive/Documents/EmbeddedSystemsInDepth/Drivers/Stm32f103xx/STM32F103C6/MCAL/Inc" -I"C:/Users/Abdel/OneDrive/Documents/EmbeddedSystemsInDepth/Drivers/Stm32f103xx/STM32F103C6/HAL/SevenSegment" -I"C:/Users/Abdel/OneDrive/Documents/EmbeddedSystemsInDepth/Drivers/Stm32f103xx/STM32F103C6/HAL/KeyPad" -I"C:/Users/Abdel/OneDrive/Documents/EmbeddedSystemsInDepth/Drivers/Stm32f103xx/STM32F103C6/HAL/LCD" -I../Inc -I"C:/Users/Abdel/OneDrive/Documents/EmbeddedSystemsInDepth/Drivers/Stm32f103xx/STM32F103C6/HAL/EEPROM" -O0 -ffunction-sections -fdata-sections -Wall -fstack-usage -MMD -MP -MF"Src/syscalls.d" -MT"Src/syscalls.o" --specs=nano.specs -mfloat-abi=soft -mthumb -o "Src/syscalls.o"
arm-none-eabi-gcc -gdwarf-2 "../Src/sysmem.c" -mcpu=cortex-m3 -std=gnu11 -g3 -DDEBUG -DSTM32 -DSTM32F1 -DSTM32F103C6Tx -c -I"C:/Users/Abdel/OneDrive/Documents/EmbeddedSystemsInDepth/Drivers/Stm32f103xx/STM32F103C6/MCAL/Inc" -I"C:/Users/Abdel/OneDrive/Documents/EmbeddedSystemsInDepth/Drivers/Stm32f103xx/STM32F103C6/HAL/SevenSegment" -I"C:/Users/Abdel/OneDrive/Documents/EmbeddedSystemsInDepth/Drivers/Stm32f103xx/STM32F103C6/HAL/KeyPad" -I"C:/Users/Abdel/OneDrive/Documents/EmbeddedSystemsInDepth/Drivers/Stm32f103xx/STM32F103C6/HAL/LCD" -I../Inc -I"C:/Users/Abdel/OneDrive/Documents/EmbeddedSystemsInDepth/Drivers/Stm32f103xx/STM32F103C6/HAL/EEPROM" -O0 -ffunction-sections -fdata-sections -Wall -fstack-usage -MMD -MP -MF"Src/sysmem.d" -MT"Src/sysmem.o" --specs=nano.specs -mfloat-abi=soft -mthumb -o "Src/sysmem.o"
arm-none-eabi-gcc -gdwarf-2 "../MCAL/Src/Stm32f103c6_EXTI_Driver.c" -mcpu=cortex-m3 -std=gnu11 -g3 -DDEBUG -DSTM32 -DSTM32F1 -DSTM32F103C6Tx -c -I"C:/Users/Abdel/OneDrive/Documents/EmbeddedSystemsInDepth/Drivers/Stm32f103xx/STM32F103C6/MCAL/Inc" -I"C:/Users/Abdel/OneDrive/Documents/EmbeddedSystemsInDepth/Drivers/Stm32f103xx/STM32F103C6/HAL/SevenSegment" -I"C:/Users/Abdel/OneDrive/Documents/EmbeddedSystemsInDepth/Drivers/Stm32f103xx/STM32F103C6/HAL/KeyPad" -I"C:/Users/Abdel/OneDrive/Documents/EmbeddedSystemsInDepth/Drivers/Stm32f103xx/STM32F103C6/HAL/LCD" -I../Inc -I"C:/Users/Abdel/OneDrive/Documents/EmbeddedSystemsInDepth/Drivers/Stm32f103xx/STM32F103C6/HAL/EEPROM" -O0 -ffunction-sections -fdata-sections -Wall -fstack-usage -MMD -MP -MF"MCAL/Src/Stm32f103c6_EXTI_Driver.d" -MT"MCAL/Src/Stm32f103c6_EXTI_Driver.o" --specs=nano.specs -mfloat-abi=soft -mthumb -o "MCAL/Src/Stm32f103c6_EXTI_Driver.o"
arm-none-eabi-gcc -gdwarf-2 "../MCAL/Src/Stm32f103c6_GPIO_Driver.c" -mcpu=cortex-m3 -std=gnu11 -g3 -DDEBUG -DSTM32 -DSTM32F1 -DSTM32F103C6Tx -c -I"C:/Users/Abdel/OneDrive/Documents/EmbeddedSystemsInDepth/Drivers/Stm32f103xx/STM32F103C6/MCAL/Inc" -I"C:/Users/Abdel/OneDrive/Documents/EmbeddedSystemsInDepth/Drivers/Stm32f103xx/STM32F103C6/HAL/SevenSegment" -I"C:/Users/Abdel/OneDrive/Documents/EmbeddedSystemsInDepth/Drivers/Stm32f103xx/STM32F103C6/HAL/KeyPad" -I"C:/Users/Abdel/OneDrive/Documents/EmbeddedSystemsInDepth/Drivers/Stm32f103xx/STM32F103C6/HAL/LCD" -I../Inc -I"C:/Users/Abdel/OneDrive/Documents/EmbeddedSystemsInDepth/Drivers/Stm32f103xx/STM32F103C6/HAL/EEPROM" -O0 -ffunction-sections -fdata-sections -Wall -fstack-usage -MMD -MP -MF"MCAL/Src/Stm32f103c6_GPIO_Driver.d" -MT"MCAL/Src/Stm32f103c6_GPIO_Driver.o" --specs=nano.specs -mfloat-abi=soft -mthumb -o "MCAL/Src/Stm32f103c6_GPIO_Driver.o"
arm-none-eabi-gcc -gdwarf-2 "../MCAL/Src/Stm32f103c6_I2C_Driver.c" -mcpu=cortex-m3 -std=gnu11 -g3 -DDEBUG -DSTM32 -DSTM32F1 -DSTM32F103C6Tx -c -I"C:/Users/Abdel/OneDrive/Documents/EmbeddedSystemsInDepth/Drivers/Stm32f103xx/STM32F103C6/MCAL/Inc" -I"C:/Users/Abdel/OneDrive/Documents/EmbeddedSystemsInDepth/Drivers/Stm32f103xx/STM32F103C6/HAL/SevenSegment" -I"C:/Users/Abdel/OneDrive/Documents/EmbeddedSystemsInDepth/Drivers/Stm32f103xx/STM32F103C6/HAL/KeyPad" -I"C:/Users/Abdel/OneDrive/Documents/EmbeddedSystemsInDepth/Drivers/Stm32f103xx/STM32F103C6/HAL/LCD" -I../Inc -I"C:/Users/Abdel/OneDrive/Documents/EmbeddedSystemsInDepth/Drivers/Stm32f103xx/STM32F103C6/HAL/EEPROM" -O0 -ffunction-sections -fdata-sections -Wall -fstack-usage -MMD -MP -MF"MCAL/Src/Stm32f103c6_I2C_Driver.d" -MT"MCAL/Src/Stm32f103c6_I2C_Driver.o" --specs=nano.specs -mfloat-abi=soft -mthumb -o "MCAL/Src/Stm32f103c6_I2C_Driver.o"
arm-none-eabi-gcc -gdwarf-2 "../MCAL/Src/Stm32f103c6_RCC_Driver.c" -mcpu=cortex-m3 -std=gnu11 -g3 -DDEBUG -DSTM32 -DSTM32F1 -DSTM32F103C6Tx -c -I"C:/Users/Abdel/OneDrive/Documents/EmbeddedSystemsInDepth/Drivers/Stm32f103xx/STM32F103C6/MCAL/Inc" -I"C:/Users/Abdel/OneDrive/Documents/EmbeddedSystemsInDepth/Drivers/Stm32f103xx/STM32F103C6/HAL/SevenSegment" -I"C:/Users/Abdel/OneDrive/Documents/EmbeddedSystemsInDepth/Drivers/Stm32f103xx/STM32F103C6/HAL/KeyPad" -I"C:/Users/Abdel/OneDrive/Documents/EmbeddedSystemsInDepth/Drivers/Stm32f103xx/STM32F103C6/HAL/LCD" -I../Inc -I"C:/Users/Abdel/OneDrive/Documents/EmbeddedSystemsInDepth/Drivers/Stm32f103xx/STM32F103C6/HAL/EEPROM" -O0 -ffunction-sections -fdata-sections -Wall -fstack-usage -MMD -MP -MF"MCAL/Src/Stm32f103c6_RCC_Driver.d" -MT"MCAL/Src/Stm32f103c6_RCC_Driver.o" --specs=nano.specs -mfloat-abi=soft -mthumb -o "MCAL/Src/Stm32f103c6_RCC_Driver.o"
arm-none-eabi-gcc -gdwarf-2 "../MCAL/Src/Stm32f103c6_SPI_Driver.c" -mcpu=cortex-m3 -std=gnu11 -g3 -DDEBUG -DSTM32 -DSTM32F1 -DSTM32F103C6Tx -c -I"C:/Users/Abdel/OneDrive/Documents/EmbeddedSystemsInDepth/Drivers/Stm32f103xx/STM32F103C6/MCAL/Inc" -I"C:/Users/Abdel/OneDrive/Documents/EmbeddedSystemsInDepth/Drivers/Stm32f103xx/STM32F103C6/HAL/SevenSegment" -I"C:/Users/Abdel/OneDrive/Documents/EmbeddedSystemsInDepth/Drivers/Stm32f103xx/STM32F103C6/HAL/KeyPad" -I"C:/Users/Abdel/OneDrive/Documents/EmbeddedSystemsInDepth/Drivers/Stm32f103xx/STM32F103C6/HAL/LCD" -I../Inc -I"C:/Users/Abdel/OneDrive/Documents/EmbeddedSystemsInDepth/Drivers/Stm32f103xx/STM32F103C6/HAL/EEPROM" -O0 -ffunction-sections -fdata-sections -Wall -fstack-usage -MMD -MP -MF"MCAL/Src/Stm32f103c6_SPI_Driver.d" -MT"MCAL/Src/Stm32f103c6_SPI_Driver.o" --specs=nano.specs -mfloat-abi=soft -mthumb -o "MCAL/Src/Stm32f103c6_SPI_Driver.o"
arm-none-eabi-gcc -gdwarf-2 "../MCAL/Src/Stm32f103c6_USART_Driver.c" -mcpu=cortex-m3 -std=gnu11 -g3 -DDEBUG -DSTM32 -DSTM32F1 -DSTM32F103C6Tx -c -I"C:/Users/Abdel/OneDrive/Documents/EmbeddedSystemsInDepth/Drivers/Stm32f103xx/STM32F103C6/MCAL/Inc" -I"C:/Users/Abdel/OneDrive/Documents/EmbeddedSystemsInDepth/Drivers/Stm32f103xx/STM32F103C6/HAL/SevenSegment" -I"C:/Users/Abdel/OneDrive/Documents/EmbeddedSystemsInDepth/Drivers/Stm32f103xx/STM32F103C6/HAL/KeyPad" -I"C:/Users/Abdel/OneDrive/Documents/EmbeddedSystemsInDepth/Drivers/Stm32f103xx/STM32F103C6/HAL/LCD" -I../Inc -I"C:/Users/Abdel/OneDrive/Documents/EmbeddedSystemsInDepth/Drivers/Stm32f103xx/STM32F103C6/HAL/EEPROM" -O0 -ffunction-sections -fdata-sections -Wall -fstack-usage -MMD -MP -MF"MCAL/Src/Stm32f103c6_USART_Driver.d" -MT"MCAL/Src/Stm32f103c6_USART_Driver.o" --specs=nano.specs -mfloat-abi=soft -mthumb -o "MCAL/Src/Stm32f103c6_USART_Driver.o"
arm-none-eabi-gcc -gdwarf-2 "../HAL/SevenSegment/sevensegment.c" -mcpu=cortex-m3 -std=gnu11 -g3 -DDEBUG -DSTM32 -DSTM32F1 -DSTM32F103C6Tx -c -I"C:/Users/Abdel/OneDrive/Documents/EmbeddedSystemsInDepth/Drivers/Stm32f103xx/STM32F103C6/MCAL/Inc" -I"C:/Users/Abdel/OneDrive/Documents/EmbeddedSystemsInDepth/Drivers/Stm32f103xx/STM32F103C6/HAL/SevenSegment" -I"C:/Users/Abdel/OneDrive/Documents/EmbeddedSystemsInDepth/Drivers/Stm32f103xx/STM32F103C6/HAL/KeyPad" -I"C:/Users/Abdel/OneDrive/Documents/EmbeddedSystemsInDepth/Drivers/Stm32f103xx/STM32F103C6/HAL/LCD" -I../Inc -I"C:/Users/Abdel/OneDrive/Documents/EmbeddedSystemsInDepth/Drivers/Stm32f103xx/STM32F103C6/HAL/EEPROM" -O0 -ffunction-sections -fdata-sections -Wall -fstack-usage -MMD -MP -MF"HAL/SevenSegment/sevensegment.d" -MT"HAL/SevenSegment/sevensegment.o" --specs=nano.specs -mfloat-abi=soft -mthumb -o "HAL/SevenSegment/sevensegment.o"
arm-none-eabi-gcc -gdwarf-2 "../HAL/LCD/lcd.c" -mcpu=cortex-m3 -std=gnu11 -g3 -DDEBUG -DSTM32 -DSTM32F1 -DSTM32F103C6Tx -c -I"C:/Users/Abdel/OneDrive/Documents/EmbeddedSystemsInDepth/Drivers/Stm32f103xx/STM32F103C6/MCAL/Inc" -I"C:/Users/Abdel/OneDrive/Documents/EmbeddedSystemsInDepth/Drivers/Stm32f103xx/STM32F103C6/HAL/SevenSegment" -I"C:/Users/Abdel/OneDrive/Documents/EmbeddedSystemsInDepth/Drivers/Stm32f103xx/STM32F103C6/HAL/KeyPad" -I"C:/Users/Abdel/OneDrive/Documents/EmbeddedSystemsInDepth/Drivers/Stm32f103xx/STM32F103C6/HAL/LCD" -I../Inc -I"C:/Users/Abdel/OneDrive/Documents/EmbeddedSystemsInDepth/Drivers/Stm32f103xx/STM32F103C6/HAL/EEPROM" -O0 -ffunction-sections -fdata-sections -Wall -fstack-usage -MMD -MP -MF"HAL/LCD/lcd.d" -MT"HAL/LCD/lcd.o" --specs=nano.specs -mfloat-abi=soft -mthumb -o "HAL/LCD/lcd.o"
arm-none-eabi-gcc -gdwarf-2 "../HAL/KeyPad/keypad.c" -mcpu=cortex-m3 -std=gnu11 -g3 -DDEBUG -DSTM32 -DSTM32F1 -DSTM32F103C6Tx -c -I"C:/Users/Abdel/OneDrive/Documents/EmbeddedSystemsInDepth/Drivers/Stm32f103xx/STM32F103C6/MCAL/Inc" -I"C:/Users/Abdel/OneDrive/Documents/EmbeddedSystemsInDepth/Drivers/Stm32f103xx/STM32F103C6/HAL/SevenSegment" -I"C:/Users/Abdel/OneDrive/Documents/EmbeddedSystemsInDepth/Drivers/Stm32f103xx/STM32F103C6/HAL/KeyPad" -I"C:/Users/Abdel/OneDrive/Documents/EmbeddedSystemsInDepth/Drivers/Stm32f103xx/STM32F103C6/HAL/LCD" -I../Inc -I"C:/Users/Abdel/OneDrive/Documents/EmbeddedSystemsInDepth/Drivers/Stm32f103xx/STM32F103C6/HAL/EEPROM" -O0 -ffunction-sections -fdata-sections -Wall -fstack-usage -MMD -MP -MF"HAL/KeyPad/keypad.d" -MT"HAL/KeyPad/keypad.o" --specs=nano.specs -mfloat-abi=soft -mthumb -o "HAL/KeyPad/keypad.o"
arm-none-eabi-gcc -gdwarf-2 "../HAL/EEPROM/I2C_Slave_EEPROM.c" -mcpu=cortex-m3 -std=gnu11 -g3 -DDEBUG -DSTM32 -DSTM32F1 -DSTM32F103C6Tx -c -I"C:/Users/Abdel/OneDrive/Documents/EmbeddedSystemsInDepth/Drivers/Stm32f103xx/STM32F103C6/MCAL/Inc" -I"C:/Users/Abdel/OneDrive/Documents/EmbeddedSystemsInDepth/Drivers/Stm32f103xx/STM32F103C6/HAL/SevenSegment" -I"C:/Users/Abdel/OneDrive/Documents/EmbeddedSystemsInDepth/Drivers/Stm32f103xx/STM32F103C6/HAL/KeyPad" -I"C:/Users/Abdel/OneDrive/Documents/EmbeddedSystemsInDepth/Drivers/Stm32f103xx/STM32F103C6/HAL/LCD" -I../Inc -I"C:/Users/Abdel/OneDrive/Documents/EmbeddedSystemsInDepth/Drivers/Stm32f103xx/STM32F103C6/HAL/EEPROM" -O0 -ffunction-sections -fdata-sections -Wall -fstack-usage -MMD -MP -MF"HAL/EEPROM/I2C_Slave_EEPROM.d" -MT"HAL/EEPROM/I2C_Slave_EEPROM.o" --specs=nano.specs -mfloat-abi=soft -mthumb -o "HAL/EEPROM/I2C_Slave_EEPROM.o"
arm-none-eabi-gcc -gdwarf-2 -o "STM32F103C6.axf" @"objects.list"   -mcpu=cortex-m3 -T"C:\Users\Abdel\OneDrive\Documents\EmbeddedSystemsInDepth\Drivers\Stm32f103xx\STM32F103C6\STM32F103C6TX_FLASH.ld" --specs=nosys.specs -Wl,-Map="STM32F103C6.map" -Wl,--gc-sections -static --specs=nano.specs -mfloat-abi=soft -mthumb -Wl,--start-group -lc -lm -Wl,--end-group
Finished building target: STM32F103C6.axf
 
arm-none-eabi-size   STM32F103C6.axf 
arm-none-eabi-objdump -h -S  STM32F103C6.axf  > "STM32F103C6.list"
   text	   data	    bss	    dec	    hex	filename
   4888	      8	   1736	   6632	   19e8	STM32F103C6.axf
Finished building: default.size.stdout
 
Finished building: STM32F103C6.list
 

21:08:43 Build Finished. 0 errors, 0 warnings. (took 1s.351ms)

