16:39:53 **** Build of configuration Debug for project MY_RTOS ****
make -j16 all 
arm-none-eabi-gcc -gdwarf-2 -mcpu=cortex-m3 -g3 -DDEBUG -c -x assembler-with-cpp -MMD -MP -MF"Startup/startup_stm32f103c6tx.d" -MT"Startup/startup_stm32f103c6tx.o" --specs=nano.specs -mfloat-abi=soft -mthumb -o "Startup/startup_stm32f103c6tx.o" "../Startup/startup_stm32f103c6tx.s"
arm-none-eabi-gcc -gdwarf-2 "../Src/main.c" -mcpu=cortex-m3 -std=gnu11 -g3 -DDEBUG -DSTM32 -DSTM32F1 -DSTM32F103C6Tx -c -I"C:/Users/Abdel/OneDrive/Documents/EmbeddedSystemsInDepth/STM32CUBE_IDE_Diploma_Workspace/Unit15_Create_Your_Own_RTOS/Create_Your_Own_RTOS/MY_RTOS/MCAL/Inc" -I"C:/Users/Abdel/OneDrive/Documents/EmbeddedSystemsInDepth/STM32CUBE_IDE_Diploma_Workspace/Unit15_Create_Your_Own_RTOS/Create_Your_Own_RTOS/MY_RTOS/MYxx_RTOS/Inc" -I"C:/Users/Abdel/OneDrive/Documents/EmbeddedSystemsInDepth/STM32CUBE_IDE_Diploma_Workspace/Unit15_Create_Your_Own_RTOS/Create_Your_Own_RTOS/MY_RTOS/HAL/SevenSegment" -I"C:/Users/Abdel/OneDrive/Documents/EmbeddedSystemsInDepth/STM32CUBE_IDE_Diploma_Workspace/Unit15_Create_Your_Own_RTOS/Create_Your_Own_RTOS/MY_RTOS/HAL/KeyPad" -I"C:/Users/Abdel/OneDrive/Documents/EmbeddedSystemsInDepth/STM32CUBE_IDE_Diploma_Workspace/Unit15_Create_Your_Own_RTOS/Create_Your_Own_RTOS/MY_RTOS/HAL/LCD" -I../Inc -I"C:/Users/Abdel/OneDrive/Documents/EmbeddedSystemsInDepth/STM32CUBE_IDE_Diploma_Workspace/Unit15_Create_Your_Own_RTOS/Create_Your_Own_RTOS/MY_RTOS/HAL/EEPROM" -I"C:/Users/Abdel/OneDrive/Documents/EmbeddedSystemsInDepth/STM32CUBE_IDE_Diploma_Workspace/Unit15_Create_Your_Own_RTOS/Create_Your_Own_RTOS/MY_RTOS/CMSIS_V5" -O0 -ffunction-sections -fdata-sections -Wall -fstack-usage -MMD -MP -MF"Src/main.d" -MT"Src/main.o" --specs=nano.specs -mfloat-abi=soft -mthumb -o "Src/main.o"
arm-none-eabi-gcc -gdwarf-2 "../Src/syscalls.c" -mcpu=cortex-m3 -std=gnu11 -g3 -DDEBUG -DSTM32 -DSTM32F1 -DSTM32F103C6Tx -c -I"C:/Users/Abdel/OneDrive/Documents/EmbeddedSystemsInDepth/STM32CUBE_IDE_Diploma_Workspace/Unit15_Create_Your_Own_RTOS/Create_Your_Own_RTOS/MY_RTOS/MCAL/Inc" -I"C:/Users/Abdel/OneDrive/Documents/EmbeddedSystemsInDepth/STM32CUBE_IDE_Diploma_Workspace/Unit15_Create_Your_Own_RTOS/Create_Your_Own_RTOS/MY_RTOS/MYxx_RTOS/Inc" -I"C:/Users/Abdel/OneDrive/Documents/EmbeddedSystemsInDepth/STM32CUBE_IDE_Diploma_Workspace/Unit15_Create_Your_Own_RTOS/Create_Your_Own_RTOS/MY_RTOS/HAL/SevenSegment" -I"C:/Users/Abdel/OneDrive/Documents/EmbeddedSystemsInDepth/STM32CUBE_IDE_Diploma_Workspace/Unit15_Create_Your_Own_RTOS/Create_Your_Own_RTOS/MY_RTOS/HAL/KeyPad" -I"C:/Users/Abdel/OneDrive/Documents/EmbeddedSystemsInDepth/STM32CUBE_IDE_Diploma_Workspace/Unit15_Create_Your_Own_RTOS/Create_Your_Own_RTOS/MY_RTOS/HAL/LCD" -I../Inc -I"C:/Users/Abdel/OneDrive/Documents/EmbeddedSystemsInDepth/STM32CUBE_IDE_Diploma_Workspace/Unit15_Create_Your_Own_RTOS/Create_Your_Own_RTOS/MY_RTOS/HAL/EEPROM" -I"C:/Users/Abdel/OneDrive/Documents/EmbeddedSystemsInDepth/STM32CUBE_IDE_Diploma_Workspace/Unit15_Create_Your_Own_RTOS/Create_Your_Own_RTOS/MY_RTOS/CMSIS_V5" -O0 -ffunction-sections -fdata-sections -Wall -fstack-usage -MMD -MP -MF"Src/syscalls.d" -MT"Src/syscalls.o" --specs=nano.specs -mfloat-abi=soft -mthumb -o "Src/syscalls.o"
arm-none-eabi-gcc -gdwarf-2 "../Src/sysmem.c" -mcpu=cortex-m3 -std=gnu11 -g3 -DDEBUG -DSTM32 -DSTM32F1 -DSTM32F103C6Tx -c -I"C:/Users/Abdel/OneDrive/Documents/EmbeddedSystemsInDepth/STM32CUBE_IDE_Diploma_Workspace/Unit15_Create_Your_Own_RTOS/Create_Your_Own_RTOS/MY_RTOS/MCAL/Inc" -I"C:/Users/Abdel/OneDrive/Documents/EmbeddedSystemsInDepth/STM32CUBE_IDE_Diploma_Workspace/Unit15_Create_Your_Own_RTOS/Create_Your_Own_RTOS/MY_RTOS/MYxx_RTOS/Inc" -I"C:/Users/Abdel/OneDrive/Documents/EmbeddedSystemsInDepth/STM32CUBE_IDE_Diploma_Workspace/Unit15_Create_Your_Own_RTOS/Create_Your_Own_RTOS/MY_RTOS/HAL/SevenSegment" -I"C:/Users/Abdel/OneDrive/Documents/EmbeddedSystemsInDepth/STM32CUBE_IDE_Diploma_Workspace/Unit15_Create_Your_Own_RTOS/Create_Your_Own_RTOS/MY_RTOS/HAL/KeyPad" -I"C:/Users/Abdel/OneDrive/Documents/EmbeddedSystemsInDepth/STM32CUBE_IDE_Diploma_Workspace/Unit15_Create_Your_Own_RTOS/Create_Your_Own_RTOS/MY_RTOS/HAL/LCD" -I../Inc -I"C:/Users/Abdel/OneDrive/Documents/EmbeddedSystemsInDepth/STM32CUBE_IDE_Diploma_Workspace/Unit15_Create_Your_Own_RTOS/Create_Your_Own_RTOS/MY_RTOS/HAL/EEPROM" -I"C:/Users/Abdel/OneDrive/Documents/EmbeddedSystemsInDepth/STM32CUBE_IDE_Diploma_Workspace/Unit15_Create_Your_Own_RTOS/Create_Your_Own_RTOS/MY_RTOS/CMSIS_V5" -O0 -ffunction-sections -fdata-sections -Wall -fstack-usage -MMD -MP -MF"Src/sysmem.d" -MT"Src/sysmem.o" --specs=nano.specs -mfloat-abi=soft -mthumb -o "Src/sysmem.o"
arm-none-eabi-gcc -gdwarf-2 "../MYxx_RTOS/Src/CortexMx_OS_Porting.c" -mcpu=cortex-m3 -std=gnu11 -g3 -DDEBUG -DSTM32 -DSTM32F1 -DSTM32F103C6Tx -c -I"C:/Users/Abdel/OneDrive/Documents/EmbeddedSystemsInDepth/STM32CUBE_IDE_Diploma_Workspace/Unit15_Create_Your_Own_RTOS/Create_Your_Own_RTOS/MY_RTOS/MCAL/Inc" -I"C:/Users/Abdel/OneDrive/Documents/EmbeddedSystemsInDepth/STM32CUBE_IDE_Diploma_Workspace/Unit15_Create_Your_Own_RTOS/Create_Your_Own_RTOS/MY_RTOS/MYxx_RTOS/Inc" -I"C:/Users/Abdel/OneDrive/Documents/EmbeddedSystemsInDepth/STM32CUBE_IDE_Diploma_Workspace/Unit15_Create_Your_Own_RTOS/Create_Your_Own_RTOS/MY_RTOS/HAL/SevenSegment" -I"C:/Users/Abdel/OneDrive/Documents/EmbeddedSystemsInDepth/STM32CUBE_IDE_Diploma_Workspace/Unit15_Create_Your_Own_RTOS/Create_Your_Own_RTOS/MY_RTOS/HAL/KeyPad" -I"C:/Users/Abdel/OneDrive/Documents/EmbeddedSystemsInDepth/STM32CUBE_IDE_Diploma_Workspace/Unit15_Create_Your_Own_RTOS/Create_Your_Own_RTOS/MY_RTOS/HAL/LCD" -I../Inc -I"C:/Users/Abdel/OneDrive/Documents/EmbeddedSystemsInDepth/STM32CUBE_IDE_Diploma_Workspace/Unit15_Create_Your_Own_RTOS/Create_Your_Own_RTOS/MY_RTOS/HAL/EEPROM" -I"C:/Users/Abdel/OneDrive/Documents/EmbeddedSystemsInDepth/STM32CUBE_IDE_Diploma_Workspace/Unit15_Create_Your_Own_RTOS/Create_Your_Own_RTOS/MY_RTOS/CMSIS_V5" -O0 -ffunction-sections -fdata-sections -Wall -fstack-usage -MMD -MP -MF"MYxx_RTOS/Src/CortexMx_OS_Porting.d" -MT"MYxx_RTOS/Src/CortexMx_OS_Porting.o" --specs=nano.specs -mfloat-abi=soft -mthumb -o "MYxx_RTOS/Src/CortexMx_OS_Porting.o"
arm-none-eabi-gcc -gdwarf-2 "../MYxx_RTOS/Src/OS_Queue.c" -mcpu=cortex-m3 -std=gnu11 -g3 -DDEBUG -DSTM32 -DSTM32F1 -DSTM32F103C6Tx -c -I"C:/Users/Abdel/OneDrive/Documents/EmbeddedSystemsInDepth/STM32CUBE_IDE_Diploma_Workspace/Unit15_Create_Your_Own_RTOS/Create_Your_Own_RTOS/MY_RTOS/MCAL/Inc" -I"C:/Users/Abdel/OneDrive/Documents/EmbeddedSystemsInDepth/STM32CUBE_IDE_Diploma_Workspace/Unit15_Create_Your_Own_RTOS/Create_Your_Own_RTOS/MY_RTOS/MYxx_RTOS/Inc" -I"C:/Users/Abdel/OneDrive/Documents/EmbeddedSystemsInDepth/STM32CUBE_IDE_Diploma_Workspace/Unit15_Create_Your_Own_RTOS/Create_Your_Own_RTOS/MY_RTOS/HAL/SevenSegment" -I"C:/Users/Abdel/OneDrive/Documents/EmbeddedSystemsInDepth/STM32CUBE_IDE_Diploma_Workspace/Unit15_Create_Your_Own_RTOS/Create_Your_Own_RTOS/MY_RTOS/HAL/KeyPad" -I"C:/Users/Abdel/OneDrive/Documents/EmbeddedSystemsInDepth/STM32CUBE_IDE_Diploma_Workspace/Unit15_Create_Your_Own_RTOS/Create_Your_Own_RTOS/MY_RTOS/HAL/LCD" -I../Inc -I"C:/Users/Abdel/OneDrive/Documents/EmbeddedSystemsInDepth/STM32CUBE_IDE_Diploma_Workspace/Unit15_Create_Your_Own_RTOS/Create_Your_Own_RTOS/MY_RTOS/HAL/EEPROM" -I"C:/Users/Abdel/OneDrive/Documents/EmbeddedSystemsInDepth/STM32CUBE_IDE_Diploma_Workspace/Unit15_Create_Your_Own_RTOS/Create_Your_Own_RTOS/MY_RTOS/CMSIS_V5" -O0 -ffunction-sections -fdata-sections -Wall -fstack-usage -MMD -MP -MF"MYxx_RTOS/Src/OS_Queue.d" -MT"MYxx_RTOS/Src/OS_Queue.o" --specs=nano.specs -mfloat-abi=soft -mthumb -o "MYxx_RTOS/Src/OS_Queue.o"
arm-none-eabi-gcc -gdwarf-2 "../MYxx_RTOS/Src/OS_Scheduler.c" -mcpu=cortex-m3 -std=gnu11 -g3 -DDEBUG -DSTM32 -DSTM32F1 -DSTM32F103C6Tx -c -I"C:/Users/Abdel/OneDrive/Documents/EmbeddedSystemsInDepth/STM32CUBE_IDE_Diploma_Workspace/Unit15_Create_Your_Own_RTOS/Create_Your_Own_RTOS/MY_RTOS/MCAL/Inc" -I"C:/Users/Abdel/OneDrive/Documents/EmbeddedSystemsInDepth/STM32CUBE_IDE_Diploma_Workspace/Unit15_Create_Your_Own_RTOS/Create_Your_Own_RTOS/MY_RTOS/MYxx_RTOS/Inc" -I"C:/Users/Abdel/OneDrive/Documents/EmbeddedSystemsInDepth/STM32CUBE_IDE_Diploma_Workspace/Unit15_Create_Your_Own_RTOS/Create_Your_Own_RTOS/MY_RTOS/HAL/SevenSegment" -I"C:/Users/Abdel/OneDrive/Documents/EmbeddedSystemsInDepth/STM32CUBE_IDE_Diploma_Workspace/Unit15_Create_Your_Own_RTOS/Create_Your_Own_RTOS/MY_RTOS/HAL/KeyPad" -I"C:/Users/Abdel/OneDrive/Documents/EmbeddedSystemsInDepth/STM32CUBE_IDE_Diploma_Workspace/Unit15_Create_Your_Own_RTOS/Create_Your_Own_RTOS/MY_RTOS/HAL/LCD" -I../Inc -I"C:/Users/Abdel/OneDrive/Documents/EmbeddedSystemsInDepth/STM32CUBE_IDE_Diploma_Workspace/Unit15_Create_Your_Own_RTOS/Create_Your_Own_RTOS/MY_RTOS/HAL/EEPROM" -I"C:/Users/Abdel/OneDrive/Documents/EmbeddedSystemsInDepth/STM32CUBE_IDE_Diploma_Workspace/Unit15_Create_Your_Own_RTOS/Create_Your_Own_RTOS/MY_RTOS/CMSIS_V5" -O0 -ffunction-sections -fdata-sections -Wall -fstack-usage -MMD -MP -MF"MYxx_RTOS/Src/OS_Scheduler.d" -MT"MYxx_RTOS/Src/OS_Scheduler.o" --specs=nano.specs -mfloat-abi=soft -mthumb -o "MYxx_RTOS/Src/OS_Scheduler.o"
arm-none-eabi-gcc -gdwarf-2 "../MCAL/Src/Stm32f103c6_EXTI_Driver.c" -mcpu=cortex-m3 -std=gnu11 -g3 -DDEBUG -DSTM32 -DSTM32F1 -DSTM32F103C6Tx -c -I"C:/Users/Abdel/OneDrive/Documents/EmbeddedSystemsInDepth/STM32CUBE_IDE_Diploma_Workspace/Unit15_Create_Your_Own_RTOS/Create_Your_Own_RTOS/MY_RTOS/MCAL/Inc" -I"C:/Users/Abdel/OneDrive/Documents/EmbeddedSystemsInDepth/STM32CUBE_IDE_Diploma_Workspace/Unit15_Create_Your_Own_RTOS/Create_Your_Own_RTOS/MY_RTOS/MYxx_RTOS/Inc" -I"C:/Users/Abdel/OneDrive/Documents/EmbeddedSystemsInDepth/STM32CUBE_IDE_Diploma_Workspace/Unit15_Create_Your_Own_RTOS/Create_Your_Own_RTOS/MY_RTOS/HAL/SevenSegment" -I"C:/Users/Abdel/OneDrive/Documents/EmbeddedSystemsInDepth/STM32CUBE_IDE_Diploma_Workspace/Unit15_Create_Your_Own_RTOS/Create_Your_Own_RTOS/MY_RTOS/HAL/KeyPad" -I"C:/Users/Abdel/OneDrive/Documents/EmbeddedSystemsInDepth/STM32CUBE_IDE_Diploma_Workspace/Unit15_Create_Your_Own_RTOS/Create_Your_Own_RTOS/MY_RTOS/HAL/LCD" -I../Inc -I"C:/Users/Abdel/OneDrive/Documents/EmbeddedSystemsInDepth/STM32CUBE_IDE_Diploma_Workspace/Unit15_Create_Your_Own_RTOS/Create_Your_Own_RTOS/MY_RTOS/HAL/EEPROM" -I"C:/Users/Abdel/OneDrive/Documents/EmbeddedSystemsInDepth/STM32CUBE_IDE_Diploma_Workspace/Unit15_Create_Your_Own_RTOS/Create_Your_Own_RTOS/MY_RTOS/CMSIS_V5" -O0 -ffunction-sections -fdata-sections -Wall -fstack-usage -MMD -MP -MF"MCAL/Src/Stm32f103c6_EXTI_Driver.d" -MT"MCAL/Src/Stm32f103c6_EXTI_Driver.o" --specs=nano.specs -mfloat-abi=soft -mthumb -o "MCAL/Src/Stm32f103c6_EXTI_Driver.o"
arm-none-eabi-gcc -gdwarf-2 "../MCAL/Src/Stm32f103c6_GPIO_Driver.c" -mcpu=cortex-m3 -std=gnu11 -g3 -DDEBUG -DSTM32 -DSTM32F1 -DSTM32F103C6Tx -c -I"C:/Users/Abdel/OneDrive/Documents/EmbeddedSystemsInDepth/STM32CUBE_IDE_Diploma_Workspace/Unit15_Create_Your_Own_RTOS/Create_Your_Own_RTOS/MY_RTOS/MCAL/Inc" -I"C:/Users/Abdel/OneDrive/Documents/EmbeddedSystemsInDepth/STM32CUBE_IDE_Diploma_Workspace/Unit15_Create_Your_Own_RTOS/Create_Your_Own_RTOS/MY_RTOS/MYxx_RTOS/Inc" -I"C:/Users/Abdel/OneDrive/Documents/EmbeddedSystemsInDepth/STM32CUBE_IDE_Diploma_Workspace/Unit15_Create_Your_Own_RTOS/Create_Your_Own_RTOS/MY_RTOS/HAL/SevenSegment" -I"C:/Users/Abdel/OneDrive/Documents/EmbeddedSystemsInDepth/STM32CUBE_IDE_Diploma_Workspace/Unit15_Create_Your_Own_RTOS/Create_Your_Own_RTOS/MY_RTOS/HAL/KeyPad" -I"C:/Users/Abdel/OneDrive/Documents/EmbeddedSystemsInDepth/STM32CUBE_IDE_Diploma_Workspace/Unit15_Create_Your_Own_RTOS/Create_Your_Own_RTOS/MY_RTOS/HAL/LCD" -I../Inc -I"C:/Users/Abdel/OneDrive/Documents/EmbeddedSystemsInDepth/STM32CUBE_IDE_Diploma_Workspace/Unit15_Create_Your_Own_RTOS/Create_Your_Own_RTOS/MY_RTOS/HAL/EEPROM" -I"C:/Users/Abdel/OneDrive/Documents/EmbeddedSystemsInDepth/STM32CUBE_IDE_Diploma_Workspace/Unit15_Create_Your_Own_RTOS/Create_Your_Own_RTOS/MY_RTOS/CMSIS_V5" -O0 -ffunction-sections -fdata-sections -Wall -fstack-usage -MMD -MP -MF"MCAL/Src/Stm32f103c6_GPIO_Driver.d" -MT"MCAL/Src/Stm32f103c6_GPIO_Driver.o" --specs=nano.specs -mfloat-abi=soft -mthumb -o "MCAL/Src/Stm32f103c6_GPIO_Driver.o"
arm-none-eabi-gcc -gdwarf-2 "../MCAL/Src/Stm32f103c6_I2C_Driver.c" -mcpu=cortex-m3 -std=gnu11 -g3 -DDEBUG -DSTM32 -DSTM32F1 -DSTM32F103C6Tx -c -I"C:/Users/Abdel/OneDrive/Documents/EmbeddedSystemsInDepth/STM32CUBE_IDE_Diploma_Workspace/Unit15_Create_Your_Own_RTOS/Create_Your_Own_RTOS/MY_RTOS/MCAL/Inc" -I"C:/Users/Abdel/OneDrive/Documents/EmbeddedSystemsInDepth/STM32CUBE_IDE_Diploma_Workspace/Unit15_Create_Your_Own_RTOS/Create_Your_Own_RTOS/MY_RTOS/MYxx_RTOS/Inc" -I"C:/Users/Abdel/OneDrive/Documents/EmbeddedSystemsInDepth/STM32CUBE_IDE_Diploma_Workspace/Unit15_Create_Your_Own_RTOS/Create_Your_Own_RTOS/MY_RTOS/HAL/SevenSegment" -I"C:/Users/Abdel/OneDrive/Documents/EmbeddedSystemsInDepth/STM32CUBE_IDE_Diploma_Workspace/Unit15_Create_Your_Own_RTOS/Create_Your_Own_RTOS/MY_RTOS/HAL/KeyPad" -I"C:/Users/Abdel/OneDrive/Documents/EmbeddedSystemsInDepth/STM32CUBE_IDE_Diploma_Workspace/Unit15_Create_Your_Own_RTOS/Create_Your_Own_RTOS/MY_RTOS/HAL/LCD" -I../Inc -I"C:/Users/Abdel/OneDrive/Documents/EmbeddedSystemsInDepth/STM32CUBE_IDE_Diploma_Workspace/Unit15_Create_Your_Own_RTOS/Create_Your_Own_RTOS/MY_RTOS/HAL/EEPROM" -I"C:/Users/Abdel/OneDrive/Documents/EmbeddedSystemsInDepth/STM32CUBE_IDE_Diploma_Workspace/Unit15_Create_Your_Own_RTOS/Create_Your_Own_RTOS/MY_RTOS/CMSIS_V5" -O0 -ffunction-sections -fdata-sections -Wall -fstack-usage -MMD -MP -MF"MCAL/Src/Stm32f103c6_I2C_Driver.d" -MT"MCAL/Src/Stm32f103c6_I2C_Driver.o" --specs=nano.specs -mfloat-abi=soft -mthumb -o "MCAL/Src/Stm32f103c6_I2C_Driver.o"
arm-none-eabi-gcc -gdwarf-2 "../MCAL/Src/Stm32f103c6_RCC_Driver.c" -mcpu=cortex-m3 -std=gnu11 -g3 -DDEBUG -DSTM32 -DSTM32F1 -DSTM32F103C6Tx -c -I"C:/Users/Abdel/OneDrive/Documents/EmbeddedSystemsInDepth/STM32CUBE_IDE_Diploma_Workspace/Unit15_Create_Your_Own_RTOS/Create_Your_Own_RTOS/MY_RTOS/MCAL/Inc" -I"C:/Users/Abdel/OneDrive/Documents/EmbeddedSystemsInDepth/STM32CUBE_IDE_Diploma_Workspace/Unit15_Create_Your_Own_RTOS/Create_Your_Own_RTOS/MY_RTOS/MYxx_RTOS/Inc" -I"C:/Users/Abdel/OneDrive/Documents/EmbeddedSystemsInDepth/STM32CUBE_IDE_Diploma_Workspace/Unit15_Create_Your_Own_RTOS/Create_Your_Own_RTOS/MY_RTOS/HAL/SevenSegment" -I"C:/Users/Abdel/OneDrive/Documents/EmbeddedSystemsInDepth/STM32CUBE_IDE_Diploma_Workspace/Unit15_Create_Your_Own_RTOS/Create_Your_Own_RTOS/MY_RTOS/HAL/KeyPad" -I"C:/Users/Abdel/OneDrive/Documents/EmbeddedSystemsInDepth/STM32CUBE_IDE_Diploma_Workspace/Unit15_Create_Your_Own_RTOS/Create_Your_Own_RTOS/MY_RTOS/HAL/LCD" -I../Inc -I"C:/Users/Abdel/OneDrive/Documents/EmbeddedSystemsInDepth/STM32CUBE_IDE_Diploma_Workspace/Unit15_Create_Your_Own_RTOS/Create_Your_Own_RTOS/MY_RTOS/HAL/EEPROM" -I"C:/Users/Abdel/OneDrive/Documents/EmbeddedSystemsInDepth/STM32CUBE_IDE_Diploma_Workspace/Unit15_Create_Your_Own_RTOS/Create_Your_Own_RTOS/MY_RTOS/CMSIS_V5" -O0 -ffunction-sections -fdata-sections -Wall -fstack-usage -MMD -MP -MF"MCAL/Src/Stm32f103c6_RCC_Driver.d" -MT"MCAL/Src/Stm32f103c6_RCC_Driver.o" --specs=nano.specs -mfloat-abi=soft -mthumb -o "MCAL/Src/Stm32f103c6_RCC_Driver.o"
arm-none-eabi-gcc -gdwarf-2 "../MCAL/Src/Stm32f103c6_SPI_Driver.c" -mcpu=cortex-m3 -std=gnu11 -g3 -DDEBUG -DSTM32 -DSTM32F1 -DSTM32F103C6Tx -c -I"C:/Users/Abdel/OneDrive/Documents/EmbeddedSystemsInDepth/STM32CUBE_IDE_Diploma_Workspace/Unit15_Create_Your_Own_RTOS/Create_Your_Own_RTOS/MY_RTOS/MCAL/Inc" -I"C:/Users/Abdel/OneDrive/Documents/EmbeddedSystemsInDepth/STM32CUBE_IDE_Diploma_Workspace/Unit15_Create_Your_Own_RTOS/Create_Your_Own_RTOS/MY_RTOS/MYxx_RTOS/Inc" -I"C:/Users/Abdel/OneDrive/Documents/EmbeddedSystemsInDepth/STM32CUBE_IDE_Diploma_Workspace/Unit15_Create_Your_Own_RTOS/Create_Your_Own_RTOS/MY_RTOS/HAL/SevenSegment" -I"C:/Users/Abdel/OneDrive/Documents/EmbeddedSystemsInDepth/STM32CUBE_IDE_Diploma_Workspace/Unit15_Create_Your_Own_RTOS/Create_Your_Own_RTOS/MY_RTOS/HAL/KeyPad" -I"C:/Users/Abdel/OneDrive/Documents/EmbeddedSystemsInDepth/STM32CUBE_IDE_Diploma_Workspace/Unit15_Create_Your_Own_RTOS/Create_Your_Own_RTOS/MY_RTOS/HAL/LCD" -I../Inc -I"C:/Users/Abdel/OneDrive/Documents/EmbeddedSystemsInDepth/STM32CUBE_IDE_Diploma_Workspace/Unit15_Create_Your_Own_RTOS/Create_Your_Own_RTOS/MY_RTOS/HAL/EEPROM" -I"C:/Users/Abdel/OneDrive/Documents/EmbeddedSystemsInDepth/STM32CUBE_IDE_Diploma_Workspace/Unit15_Create_Your_Own_RTOS/Create_Your_Own_RTOS/MY_RTOS/CMSIS_V5" -O0 -ffunction-sections -fdata-sections -Wall -fstack-usage -MMD -MP -MF"MCAL/Src/Stm32f103c6_SPI_Driver.d" -MT"MCAL/Src/Stm32f103c6_SPI_Driver.o" --specs=nano.specs -mfloat-abi=soft -mthumb -o "MCAL/Src/Stm32f103c6_SPI_Driver.o"
arm-none-eabi-gcc -gdwarf-2 "../MCAL/Src/Stm32f103c6_USART_Driver.c" -mcpu=cortex-m3 -std=gnu11 -g3 -DDEBUG -DSTM32 -DSTM32F1 -DSTM32F103C6Tx -c -I"C:/Users/Abdel/OneDrive/Documents/EmbeddedSystemsInDepth/STM32CUBE_IDE_Diploma_Workspace/Unit15_Create_Your_Own_RTOS/Create_Your_Own_RTOS/MY_RTOS/MCAL/Inc" -I"C:/Users/Abdel/OneDrive/Documents/EmbeddedSystemsInDepth/STM32CUBE_IDE_Diploma_Workspace/Unit15_Create_Your_Own_RTOS/Create_Your_Own_RTOS/MY_RTOS/MYxx_RTOS/Inc" -I"C:/Users/Abdel/OneDrive/Documents/EmbeddedSystemsInDepth/STM32CUBE_IDE_Diploma_Workspace/Unit15_Create_Your_Own_RTOS/Create_Your_Own_RTOS/MY_RTOS/HAL/SevenSegment" -I"C:/Users/Abdel/OneDrive/Documents/EmbeddedSystemsInDepth/STM32CUBE_IDE_Diploma_Workspace/Unit15_Create_Your_Own_RTOS/Create_Your_Own_RTOS/MY_RTOS/HAL/KeyPad" -I"C:/Users/Abdel/OneDrive/Documents/EmbeddedSystemsInDepth/STM32CUBE_IDE_Diploma_Workspace/Unit15_Create_Your_Own_RTOS/Create_Your_Own_RTOS/MY_RTOS/HAL/LCD" -I../Inc -I"C:/Users/Abdel/OneDrive/Documents/EmbeddedSystemsInDepth/STM32CUBE_IDE_Diploma_Workspace/Unit15_Create_Your_Own_RTOS/Create_Your_Own_RTOS/MY_RTOS/HAL/EEPROM" -I"C:/Users/Abdel/OneDrive/Documents/EmbeddedSystemsInDepth/STM32CUBE_IDE_Diploma_Workspace/Unit15_Create_Your_Own_RTOS/Create_Your_Own_RTOS/MY_RTOS/CMSIS_V5" -O0 -ffunction-sections -fdata-sections -Wall -fstack-usage -MMD -MP -MF"MCAL/Src/Stm32f103c6_USART_Driver.d" -MT"MCAL/Src/Stm32f103c6_USART_Driver.o" --specs=nano.specs -mfloat-abi=soft -mthumb -o "MCAL/Src/Stm32f103c6_USART_Driver.o"
arm-none-eabi-gcc -gdwarf-2 "../HAL/SevenSegment/sevensegment.c" -mcpu=cortex-m3 -std=gnu11 -g3 -DDEBUG -DSTM32 -DSTM32F1 -DSTM32F103C6Tx -c -I"C:/Users/Abdel/OneDrive/Documents/EmbeddedSystemsInDepth/STM32CUBE_IDE_Diploma_Workspace/Unit15_Create_Your_Own_RTOS/Create_Your_Own_RTOS/MY_RTOS/MCAL/Inc" -I"C:/Users/Abdel/OneDrive/Documents/EmbeddedSystemsInDepth/STM32CUBE_IDE_Diploma_Workspace/Unit15_Create_Your_Own_RTOS/Create_Your_Own_RTOS/MY_RTOS/MYxx_RTOS/Inc" -I"C:/Users/Abdel/OneDrive/Documents/EmbeddedSystemsInDepth/STM32CUBE_IDE_Diploma_Workspace/Unit15_Create_Your_Own_RTOS/Create_Your_Own_RTOS/MY_RTOS/HAL/SevenSegment" -I"C:/Users/Abdel/OneDrive/Documents/EmbeddedSystemsInDepth/STM32CUBE_IDE_Diploma_Workspace/Unit15_Create_Your_Own_RTOS/Create_Your_Own_RTOS/MY_RTOS/HAL/KeyPad" -I"C:/Users/Abdel/OneDrive/Documents/EmbeddedSystemsInDepth/STM32CUBE_IDE_Diploma_Workspace/Unit15_Create_Your_Own_RTOS/Create_Your_Own_RTOS/MY_RTOS/HAL/LCD" -I../Inc -I"C:/Users/Abdel/OneDrive/Documents/EmbeddedSystemsInDepth/STM32CUBE_IDE_Diploma_Workspace/Unit15_Create_Your_Own_RTOS/Create_Your_Own_RTOS/MY_RTOS/HAL/EEPROM" -I"C:/Users/Abdel/OneDrive/Documents/EmbeddedSystemsInDepth/STM32CUBE_IDE_Diploma_Workspace/Unit15_Create_Your_Own_RTOS/Create_Your_Own_RTOS/MY_RTOS/CMSIS_V5" -O0 -ffunction-sections -fdata-sections -Wall -fstack-usage -MMD -MP -MF"HAL/SevenSegment/sevensegment.d" -MT"HAL/SevenSegment/sevensegment.o" --specs=nano.specs -mfloat-abi=soft -mthumb -o "HAL/SevenSegment/sevensegment.o"
arm-none-eabi-gcc -gdwarf-2 "../HAL/LCD/lcd.c" -mcpu=cortex-m3 -std=gnu11 -g3 -DDEBUG -DSTM32 -DSTM32F1 -DSTM32F103C6Tx -c -I"C:/Users/Abdel/OneDrive/Documents/EmbeddedSystemsInDepth/STM32CUBE_IDE_Diploma_Workspace/Unit15_Create_Your_Own_RTOS/Create_Your_Own_RTOS/MY_RTOS/MCAL/Inc" -I"C:/Users/Abdel/OneDrive/Documents/EmbeddedSystemsInDepth/STM32CUBE_IDE_Diploma_Workspace/Unit15_Create_Your_Own_RTOS/Create_Your_Own_RTOS/MY_RTOS/MYxx_RTOS/Inc" -I"C:/Users/Abdel/OneDrive/Documents/EmbeddedSystemsInDepth/STM32CUBE_IDE_Diploma_Workspace/Unit15_Create_Your_Own_RTOS/Create_Your_Own_RTOS/MY_RTOS/HAL/SevenSegment" -I"C:/Users/Abdel/OneDrive/Documents/EmbeddedSystemsInDepth/STM32CUBE_IDE_Diploma_Workspace/Unit15_Create_Your_Own_RTOS/Create_Your_Own_RTOS/MY_RTOS/HAL/KeyPad" -I"C:/Users/Abdel/OneDrive/Documents/EmbeddedSystemsInDepth/STM32CUBE_IDE_Diploma_Workspace/Unit15_Create_Your_Own_RTOS/Create_Your_Own_RTOS/MY_RTOS/HAL/LCD" -I../Inc -I"C:/Users/Abdel/OneDrive/Documents/EmbeddedSystemsInDepth/STM32CUBE_IDE_Diploma_Workspace/Unit15_Create_Your_Own_RTOS/Create_Your_Own_RTOS/MY_RTOS/HAL/EEPROM" -I"C:/Users/Abdel/OneDrive/Documents/EmbeddedSystemsInDepth/STM32CUBE_IDE_Diploma_Workspace/Unit15_Create_Your_Own_RTOS/Create_Your_Own_RTOS/MY_RTOS/CMSIS_V5" -O0 -ffunction-sections -fdata-sections -Wall -fstack-usage -MMD -MP -MF"HAL/LCD/lcd.d" -MT"HAL/LCD/lcd.o" --specs=nano.specs -mfloat-abi=soft -mthumb -o "HAL/LCD/lcd.o"
arm-none-eabi-gcc -gdwarf-2 "../HAL/KeyPad/keypad.c" -mcpu=cortex-m3 -std=gnu11 -g3 -DDEBUG -DSTM32 -DSTM32F1 -DSTM32F103C6Tx -c -I"C:/Users/Abdel/OneDrive/Documents/EmbeddedSystemsInDepth/STM32CUBE_IDE_Diploma_Workspace/Unit15_Create_Your_Own_RTOS/Create_Your_Own_RTOS/MY_RTOS/MCAL/Inc" -I"C:/Users/Abdel/OneDrive/Documents/EmbeddedSystemsInDepth/STM32CUBE_IDE_Diploma_Workspace/Unit15_Create_Your_Own_RTOS/Create_Your_Own_RTOS/MY_RTOS/MYxx_RTOS/Inc" -I"C:/Users/Abdel/OneDrive/Documents/EmbeddedSystemsInDepth/STM32CUBE_IDE_Diploma_Workspace/Unit15_Create_Your_Own_RTOS/Create_Your_Own_RTOS/MY_RTOS/HAL/SevenSegment" -I"C:/Users/Abdel/OneDrive/Documents/EmbeddedSystemsInDepth/STM32CUBE_IDE_Diploma_Workspace/Unit15_Create_Your_Own_RTOS/Create_Your_Own_RTOS/MY_RTOS/HAL/KeyPad" -I"C:/Users/Abdel/OneDrive/Documents/EmbeddedSystemsInDepth/STM32CUBE_IDE_Diploma_Workspace/Unit15_Create_Your_Own_RTOS/Create_Your_Own_RTOS/MY_RTOS/HAL/LCD" -I../Inc -I"C:/Users/Abdel/OneDrive/Documents/EmbeddedSystemsInDepth/STM32CUBE_IDE_Diploma_Workspace/Unit15_Create_Your_Own_RTOS/Create_Your_Own_RTOS/MY_RTOS/HAL/EEPROM" -I"C:/Users/Abdel/OneDrive/Documents/EmbeddedSystemsInDepth/STM32CUBE_IDE_Diploma_Workspace/Unit15_Create_Your_Own_RTOS/Create_Your_Own_RTOS/MY_RTOS/CMSIS_V5" -O0 -ffunction-sections -fdata-sections -Wall -fstack-usage -MMD -MP -MF"HAL/KeyPad/keypad.d" -MT"HAL/KeyPad/keypad.o" --specs=nano.specs -mfloat-abi=soft -mthumb -o "HAL/KeyPad/keypad.o"
arm-none-eabi-gcc -gdwarf-2 "../HAL/EEPROM/I2C_Slave_EEPROM.c" -mcpu=cortex-m3 -std=gnu11 -g3 -DDEBUG -DSTM32 -DSTM32F1 -DSTM32F103C6Tx -c -I"C:/Users/Abdel/OneDrive/Documents/EmbeddedSystemsInDepth/STM32CUBE_IDE_Diploma_Workspace/Unit15_Create_Your_Own_RTOS/Create_Your_Own_RTOS/MY_RTOS/MCAL/Inc" -I"C:/Users/Abdel/OneDrive/Documents/EmbeddedSystemsInDepth/STM32CUBE_IDE_Diploma_Workspace/Unit15_Create_Your_Own_RTOS/Create_Your_Own_RTOS/MY_RTOS/MYxx_RTOS/Inc" -I"C:/Users/Abdel/OneDrive/Documents/EmbeddedSystemsInDepth/STM32CUBE_IDE_Diploma_Workspace/Unit15_Create_Your_Own_RTOS/Create_Your_Own_RTOS/MY_RTOS/HAL/SevenSegment" -I"C:/Users/Abdel/OneDrive/Documents/EmbeddedSystemsInDepth/STM32CUBE_IDE_Diploma_Workspace/Unit15_Create_Your_Own_RTOS/Create_Your_Own_RTOS/MY_RTOS/HAL/KeyPad" -I"C:/Users/Abdel/OneDrive/Documents/EmbeddedSystemsInDepth/STM32CUBE_IDE_Diploma_Workspace/Unit15_Create_Your_Own_RTOS/Create_Your_Own_RTOS/MY_RTOS/HAL/LCD" -I../Inc -I"C:/Users/Abdel/OneDrive/Documents/EmbeddedSystemsInDepth/STM32CUBE_IDE_Diploma_Workspace/Unit15_Create_Your_Own_RTOS/Create_Your_Own_RTOS/MY_RTOS/HAL/EEPROM" -I"C:/Users/Abdel/OneDrive/Documents/EmbeddedSystemsInDepth/STM32CUBE_IDE_Diploma_Workspace/Unit15_Create_Your_Own_RTOS/Create_Your_Own_RTOS/MY_RTOS/CMSIS_V5" -O0 -ffunction-sections -fdata-sections -Wall -fstack-usage -MMD -MP -MF"HAL/EEPROM/I2C_Slave_EEPROM.d" -MT"HAL/EEPROM/I2C_Slave_EEPROM.o" --specs=nano.specs -mfloat-abi=soft -mthumb -o "HAL/EEPROM/I2C_Slave_EEPROM.o"
arm-none-eabi-gcc -gdwarf-2 -o "MY_RTOS.axf" @"objects.list"   -mcpu=cortex-m3 -T"C:\Users\Abdel\OneDrive\Documents\EmbeddedSystemsInDepth\STM32CUBE_IDE_Diploma_Workspace\Unit15_Create_Your_Own_RTOS\Create_Your_Own_RTOS\MY_RTOS\STM32F103C6TX_FLASH.ld" --specs=nosys.specs -Wl,-Map="MY_RTOS.map" -Wl,--gc-sections -static --specs=nano.specs -mfloat-abi=soft -mthumb -Wl,--start-group -lc -lm -Wl,--end-group
Finished building target: MY_RTOS.axf
 
arm-none-eabi-size   MY_RTOS.axf 
arm-none-eabi-objdump -h -S  MY_RTOS.axf  > "MY_RTOS.list"
   text	   data	    bss	    dec	    hex	filename
   4860	      8	   2832	   7700	   1e14	MY_RTOS.axf
Finished building: default.size.stdout
 
Finished building: MY_RTOS.list
 

16:39:55 Build Finished. 0 errors, 0 warnings. (took 1s.545ms)

