12:51:53 **** Incremental Build of configuration Debug for project MY_RTOS ****
make -j16 all 
arm-none-eabi-gcc -gdwarf-2 "../Src/main.c" -mcpu=cortex-m3 -std=gnu11 -g3 -DDEBUG -DSTM32 -DSTM32F1 -DSTM32F103C6Tx -c -I"C:/Users/Abdel/OneDrive/Documents/EmbeddedSystemsInDepth/STM32CUBE_IDE_Diploma_Workspace/Unit15_Create_Your_Own_RTOS/Create_Your_Own_RTOS/MY_RTOS/MCAL/Inc" -I"C:/Users/Abdel/OneDrive/Documents/EmbeddedSystemsInDepth/STM32CUBE_IDE_Diploma_Workspace/Unit15_Create_Your_Own_RTOS/Create_Your_Own_RTOS/MY_RTOS/MYxx_RTOS/Inc" -I"C:/Users/Abdel/OneDrive/Documents/EmbeddedSystemsInDepth/STM32CUBE_IDE_Diploma_Workspace/Unit15_Create_Your_Own_RTOS/Create_Your_Own_RTOS/MY_RTOS/HAL/SevenSegment" -I"C:/Users/Abdel/OneDrive/Documents/EmbeddedSystemsInDepth/STM32CUBE_IDE_Diploma_Workspace/Unit15_Create_Your_Own_RTOS/Create_Your_Own_RTOS/MY_RTOS/HAL/KeyPad" -I"C:/Users/Abdel/OneDrive/Documents/EmbeddedSystemsInDepth/STM32CUBE_IDE_Diploma_Workspace/Unit15_Create_Your_Own_RTOS/Create_Your_Own_RTOS/MY_RTOS/HAL/LCD" -I../Inc -I"C:/Users/Abdel/OneDrive/Documents/EmbeddedSystemsInDepth/STM32CUBE_IDE_Diploma_Workspace/Unit15_Create_Your_Own_RTOS/Create_Your_Own_RTOS/MY_RTOS/HAL/EEPROM" -I"C:/Users/Abdel/OneDrive/Documents/EmbeddedSystemsInDepth/STM32CUBE_IDE_Diploma_Workspace/Unit15_Create_Your_Own_RTOS/Create_Your_Own_RTOS/MY_RTOS/CMSIS_V5" -O0 -ffunction-sections -fdata-sections -Wall -fstack-usage -MMD -MP -MF"Src/main.d" -MT"Src/main.o" --specs=nano.specs -mfloat-abi=soft -mthumb -o "Src/main.o"
arm-none-eabi-gcc -gdwarf-2 -o "MY_RTOS.axf" @"objects.list"   -mcpu=cortex-m3 -T"C:\Users\Abdel\OneDrive\Documents\EmbeddedSystemsInDepth\STM32CUBE_IDE_Diploma_Workspace\Unit15_Create_Your_Own_RTOS\Create_Your_Own_RTOS\MY_RTOS\STM32F103C6TX_FLASH.ld" --specs=nosys.specs -Wl,-Map="MY_RTOS.map" -Wl,--gc-sections -static --specs=nano.specs -mfloat-abi=soft -mthumb -Wl,--start-group -lc -lm -Wl,--end-group
Finished building target: MY_RTOS.axf
 
arm-none-eabi-size   MY_RTOS.axf 
arm-none-eabi-objdump -h -S  MY_RTOS.axf  > "MY_RTOS.list"
   text	   data	    bss	    dec	    hex	filename
   5644	     16	   3008	   8668	   21dc	MY_RTOS.axf
Finished building: default.size.stdout
 
Finished building: MY_RTOS.list
 

12:51:54 Build Finished. 0 errors, 0 warnings. (took 533ms)

