C:/Users/Abdel/OneDrive/Documents/EmbeddedSystemsInDepth/STM32CUBE_IDE_Diploma_Workspace/Unit15_Create_Your_Own_RTOS/Create_Your_Own_RTOS/MY_RTOS/CMSIS_V5/core_cm3.h:1641:22:__NVIC_SetPriority	16	static
C:/Users/Abdel/OneDrive/Documents/EmbeddedSystemsInDepth/STM32CUBE_IDE_Diploma_Workspace/Unit15_Create_Your_Own_RTOS/Create_Your_Own_RTOS/MY_RTOS/CMSIS_V5/core_cm3.h:1839:26:SysTick_Config	16	static
../MYxx_RTOS/Src/CortexMx_OS_Porting.c:13:6:NMI_Handler	4	static
../MYxx_RTOS/Src/CortexMx_OS_Porting.c:18:6:HardFault_Handler	4	static
../MYxx_RTOS/Src/CortexMx_OS_Porting.c:23:6:MemManage_Handler	4	static
../MYxx_RTOS/Src/CortexMx_OS_Porting.c:28:6:BusFault_Handler	4	static
../MYxx_RTOS/Src/CortexMx_OS_Porting.c:33:6:UsageFault_Handler	4	static
../MYxx_RTOS/Src/CortexMx_OS_Porting.c:39:30:SVC_Handler	0	static,ignoring_inline_asm
../MYxx_RTOS/Src/CortexMx_OS_Porting.c:48:6:OS_Trigger_PendSV	4	static
../MYxx_RTOS/Src/CortexMx_OS_Porting.c:54:6:HW_Init	8	static
../MYxx_RTOS/Src/CortexMx_OS_Porting.c:72:6:Start_Ticker	8	static
