../MYxx_RTOS/Src/OS_Scheduler.c:62:16:MYRTOS_Init	16	static
../MYxx_RTOS/Src/OS_Scheduler.c:86:6:MYRTOS_StartOS	8	static,ignoring_inline_asm
../MYxx_RTOS/Src/OS_Scheduler.c:113:6:MYRTOS_Create_MainStack	4	static
../MYxx_RTOS/Src/OS_Scheduler.c:121:6:MYRTOS_IDLE_Task	4	static,ignoring_inline_asm
../MYxx_RTOS/Src/OS_Scheduler.c:130:16:MYRTOS_CreateTask	24	static
../MYxx_RTOS/Src/OS_Scheduler.c:160:16:MYRTOS_ActivateTask	24	static
../MYxx_RTOS/Src/OS_Scheduler.c:174:16:MYRTOS_TerminateTask	24	static
../MYxx_RTOS/Src/OS_Scheduler.c:187:16:MYRTOS_TaskWait	24	static
../MYxx_RTOS/Src/OS_Scheduler.c:206:6:MYRTOS_Create_TaskStack	24	static
../MYxx_RTOS/Src/OS_Scheduler.c:244:6:OS_SVC_Set	16	static,ignoring_inline_asm
../MYxx_RTOS/Src/OS_Scheduler.c:260:6:OS_SVC_Services	24	static
../MYxx_RTOS/Src/OS_Scheduler.c:296:6:MYRTOS_TaskScheduler	24	static
../MYxx_RTOS/Src/OS_Scheduler.c:333:6:BubbleSort	24	static
../MYxx_RTOS/Src/OS_Scheduler.c:356:6:MYRTOS_Dispatcher	8	static
../MYxx_RTOS/Src/OS_Scheduler.c:366:6:MYRTOS_Update_TaskWaiting_Time	16	static
../MYxx_RTOS/Src/OS_Scheduler.c:390:16:MYRTOS_AcquireMutex	24	static
../MYxx_RTOS/Src/OS_Scheduler.c:417:6:MYRTOS_ReleaseMutex	16	static
../MYxx_RTOS/Src/OS_Scheduler.c:433:29:PendSV_Handler	0	static,ignoring_inline_asm
../MYxx_RTOS/Src/OS_Scheduler.c:496:6:SysTick_Handler	8	static
