../Core/Src/main.c:63:6:HAL_CAN_TxMailbox0CompleteCallback	16	static
../Core/Src/main.c:68:6:HAL_CAN_RxFifo0MsgPendingCallback	16	static
../Core/Src/main.c:73:6:HAL_CAN_ErrorCallback	16	static
../Core/Src/main.c:86:5:main	16	static
../Core/Src/main.c:130:6:CAN_Tx	56	static
../Core/Src/main.c:167:6:CAN_Rx	56	static
../Core/Src/main.c:190:6:CAN_RX_FilterInit	56	static
../Core/Src/main.c:217:6:SystemClock_Config	72	static
../Core/Src/main.c:254:13:MX_CAN_Init	8	static
../Core/Src/main.c:291:13:MX_GPIO_Init	16	static
../Core/Src/main.c:307:6:Error_Handler	4	static,ignoring_inline_asm
