19:12:27 **** Incremental Build of configuration Debug for project ARM_CortexM3_M4 ****
make -j16 all 
arm-none-eabi-gcc -gdwarf-2 -o "ARM_CortexM3_M4.axf" @"objects.list"   -mcpu=cortex-m3 -T"C:\Users\Abdel\OneDrive\Documents\EmbeddedSystemsInDepth\STM32CUBE_IDE_Diploma_Workspace\Unit14_ARM_CORTEX(M3-M4)\ARM\ARM_CortexM3_M4\STM32F103C6TX_FLASH.ld" --specs=nosys.specs -Wl,-Map="ARM_CortexM3_M4.map" -Wl,--gc-sections -static --specs=nano.specs -mfloat-abi=soft -mthumb -Wl,--start-group -lc -lm -Wl,--end-group
arm-none-eabi-size   ARM_CortexM3_M4.axf 
arm-none-eabi-objdump -h -S  ARM_CortexM3_M4.axf  > "ARM_CortexM3_M4.list"
   text	   data	    bss	    dec	    hex	filename
   3952	     12	   1732	   5696	   1640	ARM_CortexM3_M4.axf
Finished building: default.size.stdout
 
Finished building: ARM_CortexM3_M4.list
 
arm-none-eabi-objdump -D ARM_CortexM3_M4.axf > ARM_Assembly.s	
Finished building target: ARM_CortexM3_M4.elf
 

19:12:28 Build Finished. 0 errors, 0 warnings. (took 877ms)

