Archive member included to satisfy reference by file (symbol)

c:/st/stm32cubeide_1.4.0/stm32cubeide/plugins/com.st.stm32cube.ide.mcu.externaltools.gnu-tools-for-stm32.10.3-2021.10.win32_1.0.0.202111181127/tools/bin/../lib/gcc/arm-none-eabi/10.3.1/../../../../arm-none-eabi/lib/thumb/v7-m/nofp\libc_nano.a(lib_a-errno.o)
                              ./Src/syscalls.o (__errno)
c:/st/stm32cubeide_1.4.0/stm32cubeide/plugins/com.st.stm32cube.ide.mcu.externaltools.gnu-tools-for-stm32.10.3-2021.10.win32_1.0.0.202111181127/tools/bin/../lib/gcc/arm-none-eabi/10.3.1/../../../../arm-none-eabi/lib/thumb/v7-m/nofp\libc_nano.a(lib_a-exit.o)
                              c:/st/stm32cubeide_1.4.0/stm32cubeide/plugins/com.st.stm32cube.ide.mcu.externaltools.gnu-tools-for-stm32.10.3-2021.10.win32_1.0.0.202111181127/tools/bin/../lib/gcc/arm-none-eabi/10.3.1/../../../../arm-none-eabi/lib/thumb/v7-m/nofp/crt0.o (exit)
c:/st/stm32cubeide_1.4.0/stm32cubeide/plugins/com.st.stm32cube.ide.mcu.externaltools.gnu-tools-for-stm32.10.3-2021.10.win32_1.0.0.202111181127/tools/bin/../lib/gcc/arm-none-eabi/10.3.1/../../../../arm-none-eabi/lib/thumb/v7-m/nofp\libc_nano.a(lib_a-impure.o)
                              c:/st/stm32cubeide_1.4.0/stm32cubeide/plugins/com.st.stm32cube.ide.mcu.externaltools.gnu-tools-for-stm32.10.3-2021.10.win32_1.0.0.202111181127/tools/bin/../lib/gcc/arm-none-eabi/10.3.1/../../../../arm-none-eabi/lib/thumb/v7-m/nofp\libc_nano.a(lib_a-exit.o) (_global_impure_ptr)
c:/st/stm32cubeide_1.4.0/stm32cubeide/plugins/com.st.stm32cube.ide.mcu.externaltools.gnu-tools-for-stm32.10.3-2021.10.win32_1.0.0.202111181127/tools/bin/../lib/gcc/arm-none-eabi/10.3.1/../../../../arm-none-eabi/lib/thumb/v7-m/nofp\libc_nano.a(lib_a-init.o)
                              c:/st/stm32cubeide_1.4.0/stm32cubeide/plugins/com.st.stm32cube.ide.mcu.externaltools.gnu-tools-for-stm32.10.3-2021.10.win32_1.0.0.202111181127/tools/bin/../lib/gcc/arm-none-eabi/10.3.1/../../../../arm-none-eabi/lib/thumb/v7-m/nofp/crt0.o (__libc_init_array)
c:/st/stm32cubeide_1.4.0/stm32cubeide/plugins/com.st.stm32cube.ide.mcu.externaltools.gnu-tools-for-stm32.10.3-2021.10.win32_1.0.0.202111181127/tools/bin/../lib/gcc/arm-none-eabi/10.3.1/../../../../arm-none-eabi/lib/thumb/v7-m/nofp\libc_nano.a(lib_a-memset.o)
                              c:/st/stm32cubeide_1.4.0/stm32cubeide/plugins/com.st.stm32cube.ide.mcu.externaltools.gnu-tools-for-stm32.10.3-2021.10.win32_1.0.0.202111181127/tools/bin/../lib/gcc/arm-none-eabi/10.3.1/../../../../arm-none-eabi/lib/thumb/v7-m/nofp/crt0.o (memset)
c:/st/stm32cubeide_1.4.0/stm32cubeide/plugins/com.st.stm32cube.ide.mcu.externaltools.gnu-tools-for-stm32.10.3-2021.10.win32_1.0.0.202111181127/tools/bin/../lib/gcc/arm-none-eabi/10.3.1/../../../../arm-none-eabi/lib/thumb/v7-m/nofp\libc_nano.a(lib_a-sprintf.o)
                              ./HAL/LCD/lcd.o (sprintf)
c:/st/stm32cubeide_1.4.0/stm32cubeide/plugins/com.st.stm32cube.ide.mcu.externaltools.gnu-tools-for-stm32.10.3-2021.10.win32_1.0.0.202111181127/tools/bin/../lib/gcc/arm-none-eabi/10.3.1/../../../../arm-none-eabi/lib/thumb/v7-m/nofp\libc_nano.a(lib_a-strcmp.o)
                              ./MYxx_RTOS/Src/OS_Scheduler.o (strcmp)
c:/st/stm32cubeide_1.4.0/stm32cubeide/plugins/com.st.stm32cube.ide.mcu.externaltools.gnu-tools-for-stm32.10.3-2021.10.win32_1.0.0.202111181127/tools/bin/../lib/gcc/arm-none-eabi/10.3.1/../../../../arm-none-eabi/lib/thumb/v7-m/nofp\libc_nano.a(lib_a-nano-svfprintf.o)
                              c:/st/stm32cubeide_1.4.0/stm32cubeide/plugins/com.st.stm32cube.ide.mcu.externaltools.gnu-tools-for-stm32.10.3-2021.10.win32_1.0.0.202111181127/tools/bin/../lib/gcc/arm-none-eabi/10.3.1/../../../../arm-none-eabi/lib/thumb/v7-m/nofp\libc_nano.a(lib_a-sprintf.o) (_svfprintf_r)
c:/st/stm32cubeide_1.4.0/stm32cubeide/plugins/com.st.stm32cube.ide.mcu.externaltools.gnu-tools-for-stm32.10.3-2021.10.win32_1.0.0.202111181127/tools/bin/../lib/gcc/arm-none-eabi/10.3.1/../../../../arm-none-eabi/lib/thumb/v7-m/nofp\libc_nano.a(lib_a-nano-vfprintf_i.o)
                              c:/st/stm32cubeide_1.4.0/stm32cubeide/plugins/com.st.stm32cube.ide.mcu.externaltools.gnu-tools-for-stm32.10.3-2021.10.win32_1.0.0.202111181127/tools/bin/../lib/gcc/arm-none-eabi/10.3.1/../../../../arm-none-eabi/lib/thumb/v7-m/nofp\libc_nano.a(lib_a-nano-svfprintf.o) (_printf_i)
c:/st/stm32cubeide_1.4.0/stm32cubeide/plugins/com.st.stm32cube.ide.mcu.externaltools.gnu-tools-for-stm32.10.3-2021.10.win32_1.0.0.202111181127/tools/bin/../lib/gcc/arm-none-eabi/10.3.1/../../../../arm-none-eabi/lib/thumb/v7-m/nofp\libc_nano.a(lib_a-memchr-stub.o)
                              c:/st/stm32cubeide_1.4.0/stm32cubeide/plugins/com.st.stm32cube.ide.mcu.externaltools.gnu-tools-for-stm32.10.3-2021.10.win32_1.0.0.202111181127/tools/bin/../lib/gcc/arm-none-eabi/10.3.1/../../../../arm-none-eabi/lib/thumb/v7-m/nofp\libc_nano.a(lib_a-nano-svfprintf.o) (memchr)
[...]
Memory Configuration

Name             Origin             Length             Attributes
RAM              0x0000000020000000 0x0000000000002800 xrw
FLASH            0x0000000008000000 0x0000000000008000 xr
*default*        0x0000000000000000 0xffffffffffffffff

Linker script and memory map

LOAD c:/st/stm32cubeide_1.4.0/stm32cubeide/plugins/com.st.stm32cube.ide.mcu.externaltools.gnu-tools-for-stm32.10.3-2021.10.win32_1.0.0.202111181127/tools/bin/../lib/gcc/arm-none-eabi/10.3.1/thumb/v7-m/nofp/crti.o
LOAD c:/st/stm32cubeide_1.4.0/stm32cubeide/plugins/com.st.stm32cube.ide.mcu.externaltools.gnu-tools-for-stm32.10.3-2021.10.win32_1.0.0.202111181127/tools/bin/../lib/gcc/arm-none-eabi/10.3.1/thumb/v7-m/nofp/crtbegin.o
LOAD c:/st/stm32cubeide_1.4.0/stm32cubeide/plugins/com.st.stm32cube.ide.mcu.externaltools.gnu-tools-for-stm32.10.3-2021.10.win32_1.0.0.202111181127/tools/bin/../lib/gcc/arm-none-eabi/10.3.1/../../../../arm-none-eabi/lib/thumb/v7-m/nofp/crt0.o
LOAD ./HAL/EEPROM/I2C_Slave_EEPROM.o
LOAD ./HAL/KeyPad/keypad.o
LOAD ./HAL/LCD/lcd.o
LOAD ./HAL/SevenSegment/sevensegment.o
LOAD ./MCAL/Src/Stm32f103c6_EXTI_Driver.o
LOAD ./MCAL/Src/Stm32f103c6_GPIO_Driver.o
LOAD ./MCAL/Src/Stm32f103c6_I2C_Driver.o
LOAD ./MCAL/Src/Stm32f103c6_RCC_Driver.o
LOAD ./MCAL/Src/Stm32f103c6_SPI_Driver.o
LOAD ./MCAL/Src/Stm32f103c6_USART_Driver.o
LOAD ./MYxx_RTOS/Src/CortexMx_OS_Porting.o
LOAD ./MYxx_RTOS/Src/OS_Queue.o
LOAD ./MYxx_RTOS/Src/OS_Scheduler.o
LOAD ./Src/main.o
LOAD ./Src/syscalls.o
LOAD ./Src/sysmem.o
LOAD ./Startup/startup_stm32f103c6tx.o
START GROUP
LOAD c:/st/stm32cubeide_1.4.0/stm32cubeide/plugins/com.st.stm32cube.ide.mcu.externaltools.gnu-tools-for-stm32.10.3-2021.10.win32_1.0.0.202111181127/tools/bin/../lib/gcc/arm-none-eabi/10.3.1/../../../../arm-none-eabi/lib/thumb/v7-m/nofp\libc_nano.a
LOAD c:/st/stm32cubeide_1.4.0/stm32cubeide/plugins/com.st.stm32cube.ide.mcu.externaltools.gnu-tools-for-stm32.10.3-2021.10.win32_1.0.0.202111181127/tools/bin/../lib/gcc/arm-none-eabi/10.3.1/../../../../arm-none-eabi/lib/thumb/v7-m/nofp\libm.a
END GROUP
START GROUP
LOAD c:/st/stm32cubeide_1.4.0/stm32cubeide/plugins/com.st.stm32cube.ide.mcu.externaltools.gnu-tools-for-stm32.10.3-2021.10.win32_1.0.0.202111181127/tools/bin/../lib/gcc/arm-none-eabi/10.3.1/thumb/v7-m/nofp\libgcc.a
LOAD c:/st/stm32cubeide_1.4.0/stm32cubeide/plugins/com.st.stm32cube.ide.mcu.externaltools.gnu-tools-for-stm32.10.3-2021.10.win32_1.0.0.202111181127/tools/bin/../lib/gcc/arm-none-eabi/10.3.1/../../../../arm-none-eabi/lib/thumb/v7-m/nofp\libg_nano.a
LOAD c:/st/stm32cubeide_1.4.0/stm32cubeide/plugins/com.st.stm32cube.ide.mcu.externaltools.gnu-tools-for-stm32.10.3-2021.10.win32_1.0.0.202111181127/tools/bin/../lib/gcc/arm-none-eabi/10.3.1/../../../../arm-none-eabi/lib/thumb/v7-m/nofp\libc_nano.a
END GROUP
START GROUP
LOAD c:/st/stm32cubeide_1.4.0/stm32cubeide/plugins/com.st.stm32cube.ide.mcu.externaltools.gnu-tools-for-stm32.10.3-2021.10.win32_1.0.0.202111181127/tools/bin/../lib/gcc/arm-none-eabi/10.3.1/thumb/v7-m/nofp\libgcc.a
LOAD c:/st/stm32cubeide_1.4.0/stm32cubeide/plugins/com.st.stm32cube.ide.mcu.externaltools.gnu-tools-for-stm32.10.3-2021.10.win32_1.0.0.202111181127/tools/bin/../lib/gcc/arm-none-eabi/10.3.1/../../../../arm-none-eabi/lib/thumb/v7-m/nofp\libc_nano.a
LOAD c:/st/stm32cubeide_1.4.0/stm32cubeide/plugins/com.st.stm32cube.ide.mcu.externaltools.gnu-tools-for-stm32.10.3-2021.10.win32_1.0.0.202111181127/tools/bin/../lib/gcc/arm-none-eabi/10.3.1/../../../../arm-none-eabi/lib/thumb/v7-m/nofp\libnosys.a
END GROUP
START GROUP
LOAD c:/st/stm32cubeide_1.4.0/stm32cubeide/plugins/com.st.stm32cube.ide.mcu.externaltools.gnu-tools-for-stm32.10.3-2021.10.win32_1.0.0.202111181127/tools/bin/../lib/gcc/arm-none-eabi/10.3.1/thumb/v7-m/nofp\libgcc.a
LOAD c:/st/stm32cubeide_1.4.0/stm32cubeide/plugins/com.st.stm32cube.ide.mcu.externaltools.gnu-tools-for-stm32.10.3-2021.10.win32_1.0.0.202111181127/tools/bin/../lib/gcc/arm-none-eabi/10.3.1/../../../../arm-none-eabi/lib/thumb/v7-m/nofp\libc_nano.a
LOAD c:/st/stm32cubeide_1.4.0/stm32cubeide/plugins/com.st.stm32cube.ide.mcu.externaltools.gnu-tools-for-stm32.10.3-2021.10.win32_1.0.0.202111181127/tools/bin/../lib/gcc/arm-none-eabi/10.3.1/../../../../arm-none-eabi/lib/thumb/v7-m/nofp\libnosys.a
END GROUP
LOAD c:/st/stm32cubeide_1.4.0/stm32cubeide/plugins/com.st.stm32cube.ide.mcu.externaltools.gnu-tools-for-stm32.10.3-2021.10.win32_1.0.0.202111181127/tools/bin/../lib/gcc/arm-none-eabi/10.3.1/thumb/v7-m/nofp/crtend.o
LOAD c:/st/stm32cubeide_1.4.0/stm32cubeide/plugins/com.st.stm32cube.ide.mcu.externaltools.gnu-tools-for-stm32.10.3-2021.10.win32_1.0.0.202111181127/tools/bin/../lib/gcc/arm-none-eabi/10.3.1/thumb/v7-m/nofp/crtn.o
                0x0000000020002800                _estack = (ORIGIN (RAM) + LENGTH (RAM))
                0x0000000000000200                _Min_Heap_Size = 0x200
                0x0000000000000400                _Min_Stack_Size = 0x400

.isr_vector     0x0000000008000000      0x130
                0x0000000008000000                . = ALIGN (0x4)
 *(.isr_vector)
 .isr_vector    0x0000000008000000      0x130 ./Startup/startup_stm32f103c6tx.o
                0x0000000008000000                g_pfnVectors
                0x0000000008000130                . = ALIGN (0x4)

.text           0x0000000008000130     0x14a0
                0x0000000008000130                . = ALIGN (0x4)
 *(.text)
 .text          0x0000000008000130       0x40 c:/st/stm32cubeide_1.4.0/stm32cubeide/plugins/com.st.stm32cube.ide.mcu.externaltools.gnu-tools-for-stm32.10.3-2021.10.win32_1.0.0.202111181127/tools/bin/../lib/gcc/arm-none-eabi/10.3.1/thumb/v7-m/nofp/crtbegin.o
 .text          0x0000000008000170       0x14 c:/st/stm32cubeide_1.4.0/stm32cubeide/plugins/com.st.stm32cube.ide.mcu.externaltools.gnu-tools-for-stm32.10.3-2021.10.win32_1.0.0.202111181127/tools/bin/../lib/gcc/arm-none-eabi/10.3.1/../../../../arm-none-eabi/lib/thumb/v7-m/nofp\libc_nano.a(lib_a-strcmp.o)
                0x0000000008000170                strcmp
 *(.text*)
 .text.EXTI0_IRQHandler
                0x0000000008000184       0x24 ./MCAL/Src/Stm32f103c6_EXTI_Driver.o
                0x0000000008000184                EXTI0_IRQHandler
 .text.EXTI1_IRQHandler
                0x00000000080001a8       0x24 ./MCAL/Src/Stm32f103c6_EXTI_Driver.o
                0x00000000080001a8                EXTI1_IRQHandler
 .text.EXTI2_IRQHandler
                0x00000000080001cc       0x24 ./MCAL/Src/Stm32f103c6_EXTI_Driver.o
                0x00000000080001cc                EXTI2_IRQHandler
 .text.EXTI3_IRQHandler
                0x00000000080001f0       0x24 ./MCAL/Src/Stm32f103c6_EXTI_Driver.o
                0x00000000080001f0                EXTI3_IRQHandler
 .text.EXTI4_IRQHandler
                0x0000000008000214       0x24 ./MCAL/Src/Stm32f103c6_EXTI_Driver.o
                0x0000000008000214                EXTI4_IRQHandler
 .text.EXTI9_5_IRQHandler
                0x0000000008000238       0xa8 ./MCAL/Src/Stm32f103c6_EXTI_Driver.o
                0x0000000008000238                EXTI9_5_IRQHandler
 .text.EXTI15_10_IRQHandler
                0x00000000080002e0       0xc4 ./MCAL/Src/Stm32f103c6_EXTI_Driver.o
                0x00000000080002e0                EXTI15_10_IRQHandler
 .text.I2C_ClearADDRFlag
                0x00000000080003a4       0x1e ./MCAL/Src/Stm32f103c6_I2C_Driver.o
                0x00000000080003a4                I2C_ClearADDRFlag
 *fill*         0x00000000080003c2        0x2 
 .text.I2C1_EV_IRQHandler
                0x00000000080003c4       0xe0 ./MCAL/Src/Stm32f103c6_I2C_Driver.o
                0x00000000080003c4                I2C1_EV_IRQHandler
 .text.I2C1_ER_IRQHandler
                0x00000000080004a4        0xc ./MCAL/Src/Stm32f103c6_I2C_Driver.o
                0x00000000080004a4                I2C1_ER_IRQHandler
 .text.I2C2_EV_IRQHandler
                0x00000000080004b0        0xc ./MCAL/Src/Stm32f103c6_I2C_Driver.o
                0x00000000080004b0                I2C2_EV_IRQHandler
 .text.I2C2_ER_IRQHandler
                0x00000000080004bc        0xc ./MCAL/Src/Stm32f103c6_I2C_Driver.o
                0x00000000080004bc                I2C2_ER_IRQHandler
 .text.Slave_States
                0x00000000080004c8       0xe0 ./MCAL/Src/Stm32f103c6_I2C_Driver.o
                0x00000000080004c8                Slave_States
 .text.SPI1_IRQHandler
                0x00000000080005a8       0x58 ./MCAL/Src/Stm32f103c6_SPI_Driver.o
                0x00000000080005a8                SPI1_IRQHandler
 .text.SPI2_IRQHandler
                0x0000000008000600       0x58 ./MCAL/Src/Stm32f103c6_SPI_Driver.o
                0x0000000008000600                SPI2_IRQHandler
 .text.USART1_IRQHandler
                0x0000000008000658       0x70 ./MCAL/Src/Stm32f103c6_USART_Driver.o
                0x0000000008000658                USART1_IRQHandler
 .text.USART2_IRQHandler
                0x00000000080006c8       0x70 ./MCAL/Src/Stm32f103c6_USART_Driver.o
                0x00000000080006c8                USART2_IRQHandler
 .text.USART3_IRQHandler
                0x0000000008000738       0x70 ./MCAL/Src/Stm32f103c6_USART_Driver.o
                0x0000000008000738                USART3_IRQHandler
 .text.__NVIC_SetPriority
                0x00000000080007a8       0x54 ./MYxx_RTOS/Src/CortexMx_OS_Porting.o
 .text.SysTick_Config
                0x00000000080007fc       0x44 ./MYxx_RTOS/Src/CortexMx_OS_Porting.o
 .text.NMI_Handler
                0x0000000008000840        0x6 ./MYxx_RTOS/Src/CortexMx_OS_Porting.o
                0x0000000008000840                NMI_Handler
 .text.HardFault_Handler
                0x0000000008000846        0x6 ./MYxx_RTOS/Src/CortexMx_OS_Porting.o
                0x0000000008000846                HardFault_Handler
 .text.MemManage_Handler
                0x000000000800084c        0x6 ./MYxx_RTOS/Src/CortexMx_OS_Porting.o
                0x000000000800084c                MemManage_Handler
 .text.BusFault_Handler
                0x0000000008000852        0x6 ./MYxx_RTOS/Src/CortexMx_OS_Porting.o
                0x0000000008000852                BusFault_Handler
 .text.UsageFault_Handler
                0x0000000008000858        0x6 ./MYxx_RTOS/Src/CortexMx_OS_Porting.o
                0x0000000008000858                UsageFault_Handler
 .text.SVC_Handler
                0x000000000800085e       0x14 ./MYxx_RTOS/Src/CortexMx_OS_Porting.o
                0x000000000800085e                SVC_Handler
 *fill*         0x0000000008000872        0x2 
 .text.OS_Trigger_PendSV
                0x0000000008000874       0x1c ./MYxx_RTOS/Src/CortexMx_OS_Porting.o
                0x0000000008000874                OS_Trigger_PendSV
 .text.HW_Init  0x0000000008000890       0x1c ./MYxx_RTOS/Src/CortexMx_OS_Porting.o
                0x0000000008000890                HW_Init
 .text.Start_Ticker
                0x00000000080008ac       0x10 ./MYxx_RTOS/Src/CortexMx_OS_Porting.o
                0x00000000080008ac                Start_Ticker
 .text.FIFO_Init
                0x00000000080008bc       0x40 ./MYxx_RTOS/Src/OS_Queue.o
                0x00000000080008bc                FIFO_Init
 .text.FIFO_Enqueue
                0x00000000080008fc       0x70 ./MYxx_RTOS/Src/OS_Queue.o
                0x00000000080008fc                FIFO_Enqueue
 .text.FIFO_Dequeue
                0x000000000800096c       0x7c ./MYxx_RTOS/Src/OS_Queue.o
                0x000000000800096c                FIFO_Dequeue
 .text.FIFO_IsFull
                0x00000000080009e8       0x42 ./MYxx_RTOS/Src/OS_Queue.o
                0x00000000080009e8                FIFO_IsFull
 *fill*         0x0000000008000a2a        0x2 
 .text.MYRTOS_Init
                0x0000000008000a2c       0x78 ./MYxx_RTOS/Src/OS_Scheduler.o
                0x0000000008000a2c                MYRTOS_Init
 .text.MYRTOS_StartOS
                0x0000000008000aa4       0x54 ./MYxx_RTOS/Src/OS_Scheduler.o
                0x0000000008000aa4                MYRTOS_StartOS
 .text.MYRTOS_Create_MainStack
                0x0000000008000af8       0x3c ./MYxx_RTOS/Src/OS_Scheduler.o
 .text.MYRTOS_IDLE_Task
                0x0000000008000b34       0x1c ./MYxx_RTOS/Src/OS_Scheduler.o
 .text.MYRTOS_CreateTask
                0x0000000008000b50       0x74 ./MYxx_RTOS/Src/OS_Scheduler.o
                0x0000000008000b50                MYRTOS_CreateTask
 .text.MYRTOS_ActivateTask
                0x0000000008000bc4       0x24 ./MYxx_RTOS/Src/OS_Scheduler.o
                0x0000000008000bc4                MYRTOS_ActivateTask
 .text.MYRTOS_TerminateTask
                0x0000000008000be8       0x24 ./MYxx_RTOS/Src/OS_Scheduler.o
                0x0000000008000be8                MYRTOS_TerminateTask
 .text.MYRTOS_Create_TaskStack
                0x0000000008000c0c       0x7e ./MYxx_RTOS/Src/OS_Scheduler.o
 .text.OS_SVC_Set
                0x0000000008000c8a       0x34 ./MYxx_RTOS/Src/OS_Scheduler.o
 *fill*         0x0000000008000cbe        0x2 
 .text.OS_SVC_Services
                0x0000000008000cc0       0x6c ./MYxx_RTOS/Src/OS_Scheduler.o
                0x0000000008000cc0                OS_SVC_Services
 .text.MYRTOS_TaskScheduler
                0x0000000008000d2c      0x104 ./MYxx_RTOS/Src/OS_Scheduler.o
 .text.BubbleSort
                0x0000000008000e30       0xa4 ./MYxx_RTOS/Src/OS_Scheduler.o
 .text.MYRTOS_Dispatcher
                0x0000000008000ed4       0x38 ./MYxx_RTOS/Src/OS_Scheduler.o
 .text.MYRTOS_Update_TaskWaiting_Time
                0x0000000008000f0c       0x8c ./MYxx_RTOS/Src/OS_Scheduler.o
 .text.MYRTOS_AcquireMutex
                0x0000000008000f98       0x4a ./MYxx_RTOS/Src/OS_Scheduler.o
                0x0000000008000f98                MYRTOS_AcquireMutex
 .text.MYRTOS_ReleaseMutex
                0x0000000008000fe2       0x3a ./MYxx_RTOS/Src/OS_Scheduler.o
                0x0000000008000fe2                MYRTOS_ReleaseMutex
 .text.PendSV_Handler
                0x000000000800101c      0x1c0 ./MYxx_RTOS/Src/OS_Scheduler.o
                0x000000000800101c                PendSV_Handler
 .text.SysTick_Handler
                0x00000000080011dc       0x28 ./MYxx_RTOS/Src/OS_Scheduler.o
                0x00000000080011dc                SysTick_Handler
 .text.Task1    0x0000000008001204       0x74 ./Src/main.o
                0x0000000008001204                Task1
 .text.Task2    0x0000000008001278       0x50 ./Src/main.o
                0x0000000008001278                Task2
 .text.Task3    0x00000000080012c8       0x50 ./Src/main.o
                0x00000000080012c8                Task3
 .text.Task4    0x0000000008001318       0x6c ./Src/main.o
                0x0000000008001318                Task4
 .text.main     0x0000000008001384      0x198 ./Src/main.o
                0x0000000008001384                main
 .text.Reset_Handler
                0x000000000800151c       0x50 ./Startup/startup_stm32f103c6tx.o
                0x000000000800151c                Reset_Handler
 .text.Default_Handler
                0x000000000800156c        0x2 ./Startup/startup_stm32f103c6tx.o
                0x000000000800156c                TIM8_TRG_COM_IRQHandler
                0x000000000800156c                TIM8_CC_IRQHandler
                0x000000000800156c                DebugMon_Handler
                0x000000000800156c                TIM1_CC_IRQHandler
                0x000000000800156c                TIM6_IRQHandler
                0x000000000800156c                PVD_IRQHandler
                0x000000000800156c                SDIO_IRQHandler
                0x000000000800156c                USB_HP_CAN_TX_IRQHandler
                0x000000000800156c                ADC1_2_IRQHandler
                0x000000000800156c                CAN_SCE_IRQHandler
                0x000000000800156c                TAMPER_IRQHandler
                0x000000000800156c                TIM8_UP_IRQHandler
                0x000000000800156c                DMA2_Channel2_IRQHandler
                0x000000000800156c                DMA1_Channel4_IRQHandler
                0x000000000800156c                RTC_IRQHandler
                0x000000000800156c                DMA1_Channel7_IRQHandler
                0x000000000800156c                UART5_IRQHandler
                0x000000000800156c                ADC3_IRQHandler
                0x000000000800156c                TIM4_IRQHandler
                0x000000000800156c                CAN_RX1_IRQHandler
                0x000000000800156c                DMA2_Channel1_IRQHandler
                0x000000000800156c                DMA1_Channel6_IRQHandler
                0x000000000800156c                UART4_IRQHandler
                0x000000000800156c                TIM3_IRQHandler
                0x000000000800156c                RCC_IRQHandler
                0x000000000800156c                TIM1_TRG_COM_IRQHandler
                0x000000000800156c                DMA1_Channel1_IRQHandler
                0x000000000800156c                Default_Handler
                0x000000000800156c                TIM7_IRQHandler
                0x000000000800156c                TIM5_IRQHandler
                0x000000000800156c                USB_LP_CAN_RX0_IRQHandler
                0x000000000800156c                DMA1_Channel5_IRQHandler
                0x000000000800156c                DMA1_Channel3_IRQHandler
                0x000000000800156c                FSMC_IRQHandler
                0x000000000800156c                TIM1_UP_IRQHandler
                0x000000000800156c                WWDG_IRQHandler
                0x000000000800156c                TIM2_IRQHandler
                0x000000000800156c                TIM1_BRK_IRQHandler
                0x000000000800156c                RTCAlarm_IRQHandler
                0x000000000800156c                DMA2_Channel4_5_IRQHandler
                0x000000000800156c                DMA1_Channel2_IRQHandler
                0x000000000800156c                TIM8_BRK_IRQHandler
                0x000000000800156c                FLASH_IRQHandler
                0x000000000800156c                SPI3_IRQHandler
                0x000000000800156c                DMA2_Channel3_IRQHandler
 *fill*         0x000000000800156e        0x2 
 .text.__libc_init_array
                0x0000000008001570       0x48 c:/st/stm32cubeide_1.4.0/stm32cubeide/plugins/com.st.stm32cube.ide.mcu.externaltools.gnu-tools-for-stm32.10.3-2021.10.win32_1.0.0.202111181127/tools/bin/../lib/gcc/arm-none-eabi/10.3.1/../../../../arm-none-eabi/lib/thumb/v7-m/nofp\libc_nano.a(lib_a-init.o)
                0x0000000008001570                __libc_init_array
 *(.glue_7)
 .glue_7        0x00000000080015b8        0x0 linker stubs
 *(.glue_7t)
 .glue_7t       0x00000000080015b8        0x0 linker stubs
 *(.eh_frame)
 .eh_frame      0x00000000080015b8        0x0 c:/st/stm32cubeide_1.4.0/stm32cubeide/plugins/com.st.stm32cube.ide.mcu.externaltools.gnu-tools-for-stm32.10.3-2021.10.win32_1.0.0.202111181127/tools/bin/../lib/gcc/arm-none-eabi/10.3.1/thumb/v7-m/nofp/crtbegin.o
 *(.init)
 .init          0x00000000080015b8        0x4 c:/st/stm32cubeide_1.4.0/stm32cubeide/plugins/com.st.stm32cube.ide.mcu.externaltools.gnu-tools-for-stm32.10.3-2021.10.win32_1.0.0.202111181127/tools/bin/../lib/gcc/arm-none-eabi/10.3.1/thumb/v7-m/nofp/crti.o
                0x00000000080015b8                _init
 .init          0x00000000080015bc        0x8 c:/st/stm32cubeide_1.4.0/stm32cubeide/plugins/com.st.stm32cube.ide.mcu.externaltools.gnu-tools-for-stm32.10.3-2021.10.win32_1.0.0.202111181127/tools/bin/../lib/gcc/arm-none-eabi/10.3.1/thumb/v7-m/nofp/crtn.o
 *(.fini)
 .fini          0x00000000080015c4        0x4 c:/st/stm32cubeide_1.4.0/stm32cubeide/plugins/com.st.stm32cube.ide.mcu.externaltools.gnu-tools-for-stm32.10.3-2021.10.win32_1.0.0.202111181127/tools/bin/../lib/gcc/arm-none-eabi/10.3.1/thumb/v7-m/nofp/crti.o
                0x00000000080015c4                _fini
 .fini          0x00000000080015c8        0x8 c:/st/stm32cubeide_1.4.0/stm32cubeide/plugins/com.st.stm32cube.ide.mcu.externaltools.gnu-tools-for-stm32.10.3-2021.10.win32_1.0.0.202111181127/tools/bin/../lib/gcc/arm-none-eabi/10.3.1/thumb/v7-m/nofp/crtn.o
                0x00000000080015d0                . = ALIGN (0x4)
                0x00000000080015d0                _etext = .

.vfp11_veneer   0x00000000080015d0        0x0
 .vfp11_veneer  0x00000000080015d0        0x0 linker stubs

.v4_bx          0x00000000080015d0        0x0
 .v4_bx         0x00000000080015d0        0x0 linker stubs

.iplt           0x00000000080015d0        0x0
 .iplt          0x00000000080015d0        0x0 c:/st/stm32cubeide_1.4.0/stm32cubeide/plugins/com.st.stm32cube.ide.mcu.externaltools.gnu-tools-for-stm32.10.3-2021.10.win32_1.0.0.202111181127/tools/bin/../lib/gcc/arm-none-eabi/10.3.1/thumb/v7-m/nofp/crtbegin.o

.rodata         0x00000000080015d0       0x3c
                0x00000000080015d0                . = ALIGN (0x4)
 *(.rodata)
 .rodata        0x00000000080015d0        0xa ./MYxx_RTOS/Src/OS_Scheduler.o
 *fill*         0x00000000080015da        0x2 
 .rodata        0x00000000080015dc       0x2e ./Src/main.o
 *(.rodata*)
                0x000000000800160c                . = ALIGN (0x4)
 *fill*         0x000000000800160a        0x2 

.rel.dyn        0x000000000800160c        0x0
 .rel.iplt      0x000000000800160c        0x0 c:/st/stm32cubeide_1.4.0/stm32cubeide/plugins/com.st.stm32cube.ide.mcu.externaltools.gnu-tools-for-stm32.10.3-2021.10.win32_1.0.0.202111181127/tools/bin/../lib/gcc/arm-none-eabi/10.3.1/thumb/v7-m/nofp/crtbegin.o

.ARM.extab      0x000000000800160c        0x0
                0x000000000800160c                . = ALIGN (0x4)
 *(.ARM.extab* .gnu.linkonce.armextab.*)
                0x000000000800160c                . = ALIGN (0x4)

.ARM            0x000000000800160c        0x0
                0x000000000800160c                . = ALIGN (0x4)
                0x000000000800160c                __exidx_start = .
 *(.ARM.exidx*)
                0x000000000800160c                __exidx_end = .
                0x000000000800160c                . = ALIGN (0x4)

.preinit_array  0x000000000800160c        0x0
                0x000000000800160c                . = ALIGN (0x4)
                0x000000000800160c                PROVIDE (__preinit_array_start = .)
 *(.preinit_array*)
                0x000000000800160c                PROVIDE (__preinit_array_end = .)
                0x000000000800160c                . = ALIGN (0x4)

.init_array     0x000000000800160c        0x4
                0x000000000800160c                . = ALIGN (0x4)
                0x000000000800160c                PROVIDE (__init_array_start = .)
 *(SORT_BY_NAME(.init_array.*))
 *(.init_array*)
 .init_array    0x000000000800160c        0x4 c:/st/stm32cubeide_1.4.0/stm32cubeide/plugins/com.st.stm32cube.ide.mcu.externaltools.gnu-tools-for-stm32.10.3-2021.10.win32_1.0.0.202111181127/tools/bin/../lib/gcc/arm-none-eabi/10.3.1/thumb/v7-m/nofp/crtbegin.o
                0x0000000008001610                PROVIDE (__init_array_end = .)
                0x0000000008001610                . = ALIGN (0x4)

.fini_array     0x0000000008001610        0x4
                0x0000000008001610                . = ALIGN (0x4)
                [!provide]                        PROVIDE (__fini_array_start = .)
 *(SORT_BY_NAME(.fini_array.*))
 *(.fini_array*)
 .fini_array    0x0000000008001610        0x4 c:/st/stm32cubeide_1.4.0/stm32cubeide/plugins/com.st.stm32cube.ide.mcu.externaltools.gnu-tools-for-stm32.10.3-2021.10.win32_1.0.0.202111181127/tools/bin/../lib/gcc/arm-none-eabi/10.3.1/thumb/v7-m/nofp/crtbegin.o
                [!provide]                        PROVIDE (__fini_array_end = .)
                0x0000000008001614                . = ALIGN (0x4)
                0x0000000008001614                _sidata = LOADADDR (.data)

.data           0x0000000020000000        0x8 load address 0x0000000008001614
                0x0000000020000000                . = ALIGN (0x4)
                0x0000000020000000                _sdata = .
 *(.data)
 *(.data*)
 .data.payload1
                0x0000000020000000        0x3 ./Src/main.o
                0x0000000020000000                payload1
 *fill*         0x0000000020000003        0x1 
 .data.payload2
                0x0000000020000004        0x3 ./Src/main.o
                0x0000000020000004                payload2
 *(.RamFunc)
 *(.RamFunc*)
                0x0000000020000008                . = ALIGN (0x4)
 *fill*         0x0000000020000007        0x1 
                0x0000000020000008                _edata = .

.igot.plt       0x0000000020000008        0x0 load address 0x000000000800161c
 .igot.plt      0x0000000020000008        0x0 c:/st/stm32cubeide_1.4.0/stm32cubeide/plugins/com.st.stm32cube.ide.mcu.externaltools.gnu-tools-for-stm32.10.3-2021.10.win32_1.0.0.202111181127/tools/bin/../lib/gcc/arm-none-eabi/10.3.1/thumb/v7-m/nofp/crtbegin.o
                0x0000000020000008                . = ALIGN (0x4)

.bss            0x0000000020000008      0x5c0 load address 0x000000000800161c
                0x0000000020000008                _sbss = .
                0x0000000020000008                __bss_start__ = _sbss
 *(.bss)
 .bss           0x0000000020000008       0x1c c:/st/stm32cubeide_1.4.0/stm32cubeide/plugins/com.st.stm32cube.ide.mcu.externaltools.gnu-tools-for-stm32.10.3-2021.10.win32_1.0.0.202111181127/tools/bin/../lib/gcc/arm-none-eabi/10.3.1/thumb/v7-m/nofp/crtbegin.o
 *(.bss*)
 .bss.P_IRQ_Callback_g
                0x0000000020000024       0x40 ./MCAL/Src/Stm32f103c6_EXTI_Driver.o
                0x0000000020000024                P_IRQ_Callback_g
 .bss.Global_I2C_Config
                0x0000000020000064       0x48 ./MCAL/Src/Stm32f103c6_I2C_Driver.o
                0x0000000020000064                Global_I2C_Config
 .bss.P_SPI_IRQ_Callback_g
                0x00000000200000ac        0x8 ./MCAL/Src/Stm32f103c6_SPI_Driver.o
                0x00000000200000ac                P_SPI_IRQ_Callback_g
 .bss.P_UART_IRQ_Callback_g
                0x00000000200000b4        0xc ./MCAL/Src/Stm32f103c6_USART_Driver.o
                0x00000000200000b4                P_UART_IRQ_Callback_g
 .bss.ReadyQueue
                0x00000000200000c0       0x14 ./MYxx_RTOS/Src/OS_Scheduler.o
                0x00000000200000c0                ReadyQueue
 .bss.ReadyQueue_FIFO
                0x00000000200000d4      0x190 ./MYxx_RTOS/Src/OS_Scheduler.o
                0x00000000200000d4                ReadyQueue_FIFO
 .bss.TCB_IDLE_Task
                0x0000000020000264       0x40 ./MYxx_RTOS/Src/OS_Scheduler.o
                0x0000000020000264                TCB_IDLE_Task
 .bss.sOS_ControlBlock
                0x00000000200002a4      0x1ac ./MYxx_RTOS/Src/OS_Scheduler.o
                0x00000000200002a4                sOS_ControlBlock
 .bss.IDLE_Led  0x0000000020000450        0x1 ./MYxx_RTOS/Src/OS_Scheduler.o
                0x0000000020000450                IDLE_Led
 .bss.SysTick_Led
                0x0000000020000451        0x1 ./MYxx_RTOS/Src/OS_Scheduler.o
                0x0000000020000451                SysTick_Led
 *fill*         0x0000000020000452        0x2 
 .bss.TCB_Task1
                0x0000000020000454       0x40 ./Src/main.o
                0x0000000020000454                TCB_Task1
 .bss.TCB_Task2
                0x0000000020000494       0x40 ./Src/main.o
                0x0000000020000494                TCB_Task2
 .bss.TCB_Task3
                0x00000000200004d4       0x40 ./Src/main.o
                0x00000000200004d4                TCB_Task3
 .bss.TCB_Task4
                0x0000000020000514       0x40 ./Src/main.o
                0x0000000020000514                TCB_Task4
 .bss.Task1_Led
                0x0000000020000554        0x1 ./Src/main.o
                0x0000000020000554                Task1_Led
 .bss.Task2_Led
                0x0000000020000555        0x1 ./Src/main.o
                0x0000000020000555                Task2_Led
 .bss.Task3_Led
                0x0000000020000556        0x1 ./Src/main.o
                0x0000000020000556                Task3_Led
 .bss.Task4_Led
                0x0000000020000557        0x1 ./Src/main.o
                0x0000000020000557                Task4_Led
 .bss.Mutex1    0x0000000020000558       0x30 ./Src/main.o
                0x0000000020000558                Mutex1
 .bss.Mutex2    0x0000000020000588       0x30 ./Src/main.o
                0x0000000020000588                Mutex2
 .bss.count.3   0x00000000200005b8        0x4 ./Src/main.o
 .bss.count.2   0x00000000200005bc        0x4 ./Src/main.o
 .bss.count.1   0x00000000200005c0        0x4 ./Src/main.o
 .bss.count.0   0x00000000200005c4        0x4 ./Src/main.o
 *(COMMON)
                0x00000000200005c8                . = ALIGN (0x4)
                0x00000000200005c8                _ebss = .
                0x00000000200005c8                __bss_end__ = _ebss

._user_heap_stack
                0x00000000200005c8      0x600 load address 0x000000000800161c
                0x00000000200005c8                . = ALIGN (0x8)
                [!provide]                        PROVIDE (end = .)
                0x00000000200005c8                PROVIDE (_end = .)
                0x00000000200007c8                . = (. + _Min_Heap_Size)
 *fill*         0x00000000200005c8      0x200 
                0x0000000020000bc8                . = (. + _Min_Stack_Size)
 *fill*         0x00000000200007c8      0x400 
                0x0000000020000bc8                . = ALIGN (0x8)
                0x0000000020000bc8                _eheap = .

/DISCARD/
 libc.a(*)
 libm.a(*)
 libgcc.a(*)

.ARM.attributes
                0x0000000000000000       0x29
 *(.ARM.attributes)
 .ARM.attributes
                0x0000000000000000       0x1d c:/st/stm32cubeide_1.4.0/stm32cubeide/plugins/com.st.stm32cube.ide.mcu.externaltools.gnu-tools-for-stm32.10.3-2021.10.win32_1.0.0.202111181127/tools/bin/../lib/gcc/arm-none-eabi/10.3.1/thumb/v7-m/nofp/crti.o
 .ARM.attributes
                0x000000000000001d       0x2d c:/st/stm32cubeide_1.4.0/stm32cubeide/plugins/com.st.stm32cube.ide.mcu.externaltools.gnu-tools-for-stm32.10.3-2021.10.win32_1.0.0.202111181127/tools/bin/../lib/gcc/arm-none-eabi/10.3.1/thumb/v7-m/nofp/crtbegin.o
 .ARM.attributes
                0x000000000000004a       0x2d ./MCAL/Src/Stm32f103c6_EXTI_Driver.o
 .ARM.attributes
                0x0000000000000077       0x2d ./MCAL/Src/Stm32f103c6_I2C_Driver.o
 .ARM.attributes
                0x00000000000000a4       0x2d ./MCAL/Src/Stm32f103c6_SPI_Driver.o
 .ARM.attributes
                0x00000000000000d1       0x2d ./MCAL/Src/Stm32f103c6_USART_Driver.o
 .ARM.attributes
                0x00000000000000fe       0x2d ./MYxx_RTOS/Src/CortexMx_OS_Porting.o
 .ARM.attributes
                0x000000000000012b       0x2d ./MYxx_RTOS/Src/OS_Queue.o
 .ARM.attributes
                0x0000000000000158       0x2d ./MYxx_RTOS/Src/OS_Scheduler.o
 .ARM.attributes
                0x0000000000000185       0x2d ./Src/main.o
 .ARM.attributes
                0x00000000000001b2       0x21 ./Startup/startup_stm32f103c6tx.o
 .ARM.attributes
                0x00000000000001d3       0x2d c:/st/stm32cubeide_1.4.0/stm32cubeide/plugins/com.st.stm32cube.ide.mcu.externaltools.gnu-tools-for-stm32.10.3-2021.10.win32_1.0.0.202111181127/tools/bin/../lib/gcc/arm-none-eabi/10.3.1/../../../../arm-none-eabi/lib/thumb/v7-m/nofp\libc_nano.a(lib_a-init.o)
 .ARM.attributes
                0x0000000000000200       0x1b c:/st/stm32cubeide_1.4.0/stm32cubeide/plugins/com.st.stm32cube.ide.mcu.externaltools.gnu-tools-for-stm32.10.3-2021.10.win32_1.0.0.202111181127/tools/bin/../lib/gcc/arm-none-eabi/10.3.1/../../../../arm-none-eabi/lib/thumb/v7-m/nofp\libc_nano.a(lib_a-strcmp.o)
 .ARM.attributes
                0x000000000000021b       0x1d c:/st/stm32cubeide_1.4.0/stm32cubeide/plugins/com.st.stm32cube.ide.mcu.externaltools.gnu-tools-for-stm32.10.3-2021.10.win32_1.0.0.202111181127/tools/bin/../lib/gcc/arm-none-eabi/10.3.1/thumb/v7-m/nofp/crtn.o
OUTPUT(MY_RTOS.axf elf32-littlearm)
LOAD linker stubs
LOAD c:/st/stm32cubeide_1.4.0/stm32cubeide/plugins/com.st.stm32cube.ide.mcu.externaltools.gnu-tools-for-stm32.10.3-2021.10.win32_1.0.0.202111181127/tools/bin/../lib/gcc/arm-none-eabi/10.3.1/../../../../arm-none-eabi/lib/thumb/v7-m/nofp\libc.a
LOAD c:/st/stm32cubeide_1.4.0/stm32cubeide/plugins/com.st.stm32cube.ide.mcu.externaltools.gnu-tools-for-stm32.10.3-2021.10.win32_1.0.0.202111181127/tools/bin/../lib/gcc/arm-none-eabi/10.3.1/../../../../arm-none-eabi/lib/thumb/v7-m/nofp\libm.a
LOAD c:/st/stm32cubeide_1.4.0/stm32cubeide/plugins/com.st.stm32cube.ide.mcu.externaltools.gnu-tools-for-stm32.10.3-2021.10.win32_1.0.0.202111181127/tools/bin/../lib/gcc/arm-none-eabi/10.3.1/thumb/v7-m/nofp\libgcc.a

.debug_info     0x0000000000000000     0x34f6
 .debug_info    0x0000000000000000      0x52e ./MCAL/Src/Stm32f103c6_EXTI_Driver.o
 .debug_info    0x000000000000052e      0xaaa ./MCAL/Src/Stm32f103c6_I2C_Driver.o
 .debug_info    0x0000000000000fd8      0x6c6 ./MCAL/Src/Stm32f103c6_SPI_Driver.o
 .debug_info    0x000000000000169e      0x6f8 ./MCAL/Src/Stm32f103c6_USART_Driver.o
 .debug_info    0x0000000000001d96      0x60b ./MYxx_RTOS/Src/CortexMx_OS_Porting.o
 .debug_info    0x00000000000023a1      0x371 ./MYxx_RTOS/Src/OS_Queue.o
 .debug_info    0x0000000000002712      0x8f0 ./MYxx_RTOS/Src/OS_Scheduler.o
 .debug_info    0x0000000000003002      0x4d2 ./Src/main.o
 .debug_info    0x00000000000034d4       0x22 ./Startup/startup_stm32f103c6tx.o

.debug_abbrev   0x0000000000000000      0xe8d
 .debug_abbrev  0x0000000000000000      0x198 ./MCAL/Src/Stm32f103c6_EXTI_Driver.o
 .debug_abbrev  0x0000000000000198      0x223 ./MCAL/Src/Stm32f103c6_I2C_Driver.o
 .debug_abbrev  0x00000000000003bb      0x1f4 ./MCAL/Src/Stm32f103c6_SPI_Driver.o
 .debug_abbrev  0x00000000000005af      0x21a ./MCAL/Src/Stm32f103c6_USART_Driver.o
 .debug_abbrev  0x00000000000007c9      0x16a ./MYxx_RTOS/Src/CortexMx_OS_Porting.o
 .debug_abbrev  0x0000000000000933      0x116 ./MYxx_RTOS/Src/OS_Queue.o
 .debug_abbrev  0x0000000000000a49      0x2b1 ./MYxx_RTOS/Src/OS_Scheduler.o
 .debug_abbrev  0x0000000000000cfa      0x181 ./Src/main.o
 .debug_abbrev  0x0000000000000e7b       0x12 ./Startup/startup_stm32f103c6tx.o

.debug_loc      0x0000000000000000     0x1850
 .debug_loc     0x0000000000000000      0x320 ./MCAL/Src/Stm32f103c6_EXTI_Driver.o
 .debug_loc     0x0000000000000320      0x5dc ./MCAL/Src/Stm32f103c6_I2C_Driver.o
 .debug_loc     0x00000000000008fc      0x2bc ./MCAL/Src/Stm32f103c6_SPI_Driver.o
 .debug_loc     0x0000000000000bb8      0x300 ./MCAL/Src/Stm32f103c6_USART_Driver.o
 .debug_loc     0x0000000000000eb8      0x224 ./MYxx_RTOS/Src/CortexMx_OS_Porting.o
 .debug_loc     0x00000000000010dc      0x164 ./MYxx_RTOS/Src/OS_Queue.o
 .debug_loc     0x0000000000001240      0x528 ./MYxx_RTOS/Src/OS_Scheduler.o
 .debug_loc     0x0000000000001768       0xe8 ./Src/main.o

.debug_aranges  0x0000000000000000      0x3a0
 .debug_aranges
                0x0000000000000000       0x80 ./MCAL/Src/Stm32f103c6_EXTI_Driver.o
 .debug_aranges
                0x0000000000000080       0xa8 ./MCAL/Src/Stm32f103c6_I2C_Driver.o
 .debug_aranges
                0x0000000000000128       0x58 ./MCAL/Src/Stm32f103c6_SPI_Driver.o
 .debug_aranges
                0x0000000000000180       0x60 ./MCAL/Src/Stm32f103c6_USART_Driver.o
 .debug_aranges
                0x00000000000001e0       0x70 ./MYxx_RTOS/Src/CortexMx_OS_Porting.o
 .debug_aranges
                0x0000000000000250       0x38 ./MYxx_RTOS/Src/OS_Queue.o
 .debug_aranges
                0x0000000000000288       0xb0 ./MYxx_RTOS/Src/OS_Scheduler.o
 .debug_aranges
                0x0000000000000338       0x40 ./Src/main.o
 .debug_aranges
                0x0000000000000378       0x28 ./Startup/startup_stm32f103c6tx.o

.debug_ranges   0x0000000000000000      0x318
 .debug_ranges  0x0000000000000000       0x70 ./MCAL/Src/Stm32f103c6_EXTI_Driver.o
 .debug_ranges  0x0000000000000070       0x98 ./MCAL/Src/Stm32f103c6_I2C_Driver.o
 .debug_ranges  0x0000000000000108       0x48 ./MCAL/Src/Stm32f103c6_SPI_Driver.o
 .debug_ranges  0x0000000000000150       0x50 ./MCAL/Src/Stm32f103c6_USART_Driver.o
 .debug_ranges  0x00000000000001a0       0x60 ./MYxx_RTOS/Src/CortexMx_OS_Porting.o
 .debug_ranges  0x0000000000000200       0x28 ./MYxx_RTOS/Src/OS_Queue.o
 .debug_ranges  0x0000000000000228       0xa0 ./MYxx_RTOS/Src/OS_Scheduler.o
 .debug_ranges  0x00000000000002c8       0x30 ./Src/main.o
 .debug_ranges  0x00000000000002f8       0x20 ./Startup/startup_stm32f103c6tx.o

.debug_macro    0x0000000000000000     0x250e
 .debug_macro   0x0000000000000000      0x15b ./MCAL/Src/Stm32f103c6_EXTI_Driver.o
 .debug_macro   0x000000000000015b      0x224 ./MCAL/Src/Stm32f103c6_EXTI_Driver.o
 .debug_macro   0x000000000000037f      0x16a ./MCAL/Src/Stm32f103c6_I2C_Driver.o
 .debug_macro   0x00000000000004e9      0x17c ./MCAL/Src/Stm32f103c6_SPI_Driver.o
 .debug_macro   0x0000000000000665       0xc3 ./MCAL/Src/Stm32f103c6_SPI_Driver.o
 .debug_macro   0x0000000000000728      0x188 ./MCAL/Src/Stm32f103c6_USART_Driver.o
 .debug_macro   0x00000000000008b0       0xe8 ./MCAL/Src/Stm32f103c6_USART_Driver.o
 .debug_macro   0x0000000000000998       0xbd ./MYxx_RTOS/Src/CortexMx_OS_Porting.o
 .debug_macro   0x0000000000000a55       0x28 ./MYxx_RTOS/Src/CortexMx_OS_Porting.o
 .debug_macro   0x0000000000000a7d       0x8e ./MYxx_RTOS/Src/CortexMx_OS_Porting.o
 .debug_macro   0x0000000000000b0b       0x51 ./MYxx_RTOS/Src/CortexMx_OS_Porting.o
 .debug_macro   0x0000000000000b5c       0x1c ./MYxx_RTOS/Src/CortexMx_OS_Porting.o
 .debug_macro   0x0000000000000b78       0x22 ./MYxx_RTOS/Src/CortexMx_OS_Porting.o
 .debug_macro   0x0000000000000b9a       0xdf ./MYxx_RTOS/Src/CortexMx_OS_Porting.o
 .debug_macro   0x0000000000000c79      0xe3c ./MYxx_RTOS/Src/CortexMx_OS_Porting.o
 .debug_macro   0x0000000000001ab5       0x2e ./MYxx_RTOS/Src/CortexMx_OS_Porting.o
 .debug_macro   0x0000000000001ae3      0x265 ./MYxx_RTOS/Src/OS_Queue.o
 .debug_macro   0x0000000000001d48       0x16 ./MYxx_RTOS/Src/OS_Queue.o
 .debug_macro   0x0000000000001d5e       0x97 ./MYxx_RTOS/Src/OS_Queue.o
 .debug_macro   0x0000000000001df5       0xfd ./MYxx_RTOS/Src/OS_Queue.o
 .debug_macro   0x0000000000001ef2      0x26f ./MYxx_RTOS/Src/OS_Scheduler.o
 .debug_macro   0x0000000000002161       0x52 ./MYxx_RTOS/Src/OS_Scheduler.o
 .debug_macro   0x00000000000021b3      0x174 ./MYxx_RTOS/Src/OS_Scheduler.o
 .debug_macro   0x0000000000002327       0x10 ./MYxx_RTOS/Src/OS_Scheduler.o
 .debug_macro   0x0000000000002337      0x1d7 ./Src/main.o

.debug_line     0x0000000000000000     0x4cae
 .debug_line    0x0000000000000000      0x9e1 ./MCAL/Src/Stm32f103c6_EXTI_Driver.o
 .debug_line    0x00000000000009e1      0xb40 ./MCAL/Src/Stm32f103c6_I2C_Driver.o
 .debug_line    0x0000000000001521      0x8f1 ./MCAL/Src/Stm32f103c6_SPI_Driver.o
 .debug_line    0x0000000000001e12      0x8bc ./MCAL/Src/Stm32f103c6_USART_Driver.o
 .debug_line    0x00000000000026ce      0x68d ./MYxx_RTOS/Src/CortexMx_OS_Porting.o
 .debug_line    0x0000000000002d5b      0x88b ./MYxx_RTOS/Src/OS_Queue.o
 .debug_line    0x00000000000035e6      0xd92 ./MYxx_RTOS/Src/OS_Scheduler.o
 .debug_line    0x0000000000004378      0x8b2 ./Src/main.o
 .debug_line    0x0000000000004c2a       0x84 ./Startup/startup_stm32f103c6tx.o

.debug_str      0x0000000000000000    0x13759
 .debug_str     0x0000000000000000     0xabf3 ./MCAL/Src/Stm32f103c6_EXTI_Driver.o
                                       0xadfa (size before relaxing)
 .debug_str     0x000000000000abf3      0x73e ./MCAL/Src/Stm32f103c6_I2C_Driver.o
                                       0x9fe9 (size before relaxing)
 .debug_str     0x000000000000b331      0x79d ./MCAL/Src/Stm32f103c6_SPI_Driver.o
                                       0xa0bb (size before relaxing)
 .debug_str     0x000000000000bace      0x8d1 ./MCAL/Src/Stm32f103c6_USART_Driver.o
                                       0xa246 (size before relaxing)
 .debug_str     0x000000000000c39f     0x5d3d ./MYxx_RTOS/Src/CortexMx_OS_Porting.o
                                       0x999e (size before relaxing)
 .debug_str     0x00000000000120dc     0x1216 ./MYxx_RTOS/Src/OS_Queue.o
                                       0xd99e (size before relaxing)
 .debug_str     0x00000000000132f2      0x3b3 ./MYxx_RTOS/Src/OS_Scheduler.o
                                       0xdd2e (size before relaxing)
 .debug_str     0x00000000000136a5       0x83 ./Src/main.o
                                       0xf0fc (size before relaxing)
 .debug_str     0x0000000000013728       0x31 ./Startup/startup_stm32f103c6tx.o
                                         0xc9 (size before relaxing)

.comment        0x0000000000000000       0x50
 .comment       0x0000000000000000       0x50 ./MCAL/Src/Stm32f103c6_EXTI_Driver.o
                                         0x51 (size before relaxing)
 .comment       0x0000000000000050       0x51 ./MCAL/Src/Stm32f103c6_I2C_Driver.o
 .comment       0x0000000000000050       0x51 ./MCAL/Src/Stm32f103c6_SPI_Driver.o
 .comment       0x0000000000000050       0x51 ./MCAL/Src/Stm32f103c6_USART_Driver.o
 .comment       0x0000000000000050       0x51 ./MYxx_RTOS/Src/CortexMx_OS_Porting.o
 .comment       0x0000000000000050       0x51 ./MYxx_RTOS/Src/OS_Queue.o
 .comment       0x0000000000000050       0x51 ./MYxx_RTOS/Src/OS_Scheduler.o
 .comment       0x0000000000000050       0x51 ./Src/main.o

.debug_frame    0x0000000000000000      0xc74
 .debug_frame   0x0000000000000000      0x1b0 ./MCAL/Src/Stm32f103c6_EXTI_Driver.o
 .debug_frame   0x00000000000001b0      0x2b0 ./MCAL/Src/Stm32f103c6_I2C_Driver.o
 .debug_frame   0x0000000000000460      0x14c ./MCAL/Src/Stm32f103c6_SPI_Driver.o
 .debug_frame   0x00000000000005ac      0x168 ./MCAL/Src/Stm32f103c6_USART_Driver.o
 .debug_frame   0x0000000000000714      0x13c ./MYxx_RTOS/Src/CortexMx_OS_Porting.o
 .debug_frame   0x0000000000000850       0xac ./MYxx_RTOS/Src/OS_Queue.o
 .debug_frame   0x00000000000008fc      0x28c ./MYxx_RTOS/Src/OS_Scheduler.o
 .debug_frame   0x0000000000000b88       0xa0 ./Src/main.o
 .debug_frame   0x0000000000000c28       0x2c c:/st/stm32cubeide_1.4.0/stm32cubeide/plugins/com.st.stm32cube.ide.mcu.externaltools.gnu-tools-for-stm32.10.3-2021.10.win32_1.0.0.202111181127/tools/bin/../lib/gcc/arm-none-eabi/10.3.1/../../../../arm-none-eabi/lib/thumb/v7-m/nofp\libc_nano.a(lib_a-init.o)
 .debug_frame   0x0000000000000c54       0x20 c:/st/stm32cubeide_1.4.0/stm32cubeide/plugins/com.st.stm32cube.ide.mcu.externaltools.gnu-tools-for-stm32.10.3-2021.10.win32_1.0.0.202111181127/tools/bin/../lib/gcc/arm-none-eabi/10.3.1/../../../../arm-none-eabi/lib/thumb/v7-m/nofp\libc_nano.a(lib_a-strcmp.o)
