Archive member included to satisfy reference by file (symbol)

c:/st/stm32cubeide_1.4.0/stm32cubeide/plugins/com.st.stm32cube.ide.mcu.externaltools.gnu-tools-for-stm32.10.3-2021.10.win32_1.0.0.202111181127/tools/bin/../lib/gcc/arm-none-eabi/10.3.1/../../../../arm-none-eabi/lib/thumb/v7-m/nofp\libc_nano.a(lib_a-errno.o)
                              ./Src/syscalls.o (__errno)
c:/st/stm32cubeide_1.4.0/stm32cubeide/plugins/com.st.stm32cube.ide.mcu.externaltools.gnu-tools-for-stm32.10.3-2021.10.win32_1.0.0.202111181127/tools/bin/../lib/gcc/arm-none-eabi/10.3.1/../../../../arm-none-eabi/lib/thumb/v7-m/nofp\libc_nano.a(lib_a-exit.o)
                              c:/st/stm32cubeide_1.4.0/stm32cubeide/plugins/com.st.stm32cube.ide.mcu.externaltools.gnu-tools-for-stm32.10.3-2021.10.win32_1.0.0.202111181127/tools/bin/../lib/gcc/arm-none-eabi/10.3.1/../../../../arm-none-eabi/lib/thumb/v7-m/nofp/crt0.o (exit)
c:/st/stm32cubeide_1.4.0/stm32cubeide/plugins/com.st.stm32cube.ide.mcu.externaltools.gnu-tools-for-stm32.10.3-2021.10.win32_1.0.0.202111181127/tools/bin/../lib/gcc/arm-none-eabi/10.3.1/../../../../arm-none-eabi/lib/thumb/v7-m/nofp\libc_nano.a(lib_a-impure.o)
                              c:/st/stm32cubeide_1.4.0/stm32cubeide/plugins/com.st.stm32cube.ide.mcu.externaltools.gnu-tools-for-stm32.10.3-2021.10.win32_1.0.0.202111181127/tools/bin/../lib/gcc/arm-none-eabi/10.3.1/../../../../arm-none-eabi/lib/thumb/v7-m/nofp\libc_nano.a(lib_a-exit.o) (_global_impure_ptr)
c:/st/stm32cubeide_1.4.0/stm32cubeide/plugins/com.st.stm32cube.ide.mcu.externaltools.gnu-tools-for-stm32.10.3-2021.10.win32_1.0.0.202111181127/tools/bin/../lib/gcc/arm-none-eabi/10.3.1/../../../../arm-none-eabi/lib/thumb/v7-m/nofp\libc_nano.a(lib_a-init.o)
                              c:/st/stm32cubeide_1.4.0/stm32cubeide/plugins/com.st.stm32cube.ide.mcu.externaltools.gnu-tools-for-stm32.10.3-2021.10.win32_1.0.0.202111181127/tools/bin/../lib/gcc/arm-none-eabi/10.3.1/../../../../arm-none-eabi/lib/thumb/v7-m/nofp/crt0.o (__libc_init_array)
c:/st/stm32cubeide_1.4.0/stm32cubeide/plugins/com.st.stm32cube.ide.mcu.externaltools.gnu-tools-for-stm32.10.3-2021.10.win32_1.0.0.202111181127/tools/bin/../lib/gcc/arm-none-eabi/10.3.1/../../../../arm-none-eabi/lib/thumb/v7-m/nofp\libc_nano.a(lib_a-memset.o)
                              c:/st/stm32cubeide_1.4.0/stm32cubeide/plugins/com.st.stm32cube.ide.mcu.externaltools.gnu-tools-for-stm32.10.3-2021.10.win32_1.0.0.202111181127/tools/bin/../lib/gcc/arm-none-eabi/10.3.1/../../../../arm-none-eabi/lib/thumb/v7-m/nofp/crt0.o (memset)
c:/st/stm32cubeide_1.4.0/stm32cubeide/plugins/com.st.stm32cube.ide.mcu.externaltools.gnu-tools-for-stm32.10.3-2021.10.win32_1.0.0.202111181127/tools/bin/../lib/gcc/arm-none-eabi/10.3.1/../../../../arm-none-eabi/lib/thumb/v7-m/nofp\libc_nano.a(lib_a-sprintf.o)
                              ./HAL/LCD/lcd.o (sprintf)
c:/st/stm32cubeide_1.4.0/stm32cubeide/plugins/com.st.stm32cube.ide.mcu.externaltools.gnu-tools-for-stm32.10.3-2021.10.win32_1.0.0.202111181127/tools/bin/../lib/gcc/arm-none-eabi/10.3.1/../../../../arm-none-eabi/lib/thumb/v7-m/nofp\libc_nano.a(lib_a-nano-svfprintf.o)
                              c:/st/stm32cubeide_1.4.0/stm32cubeide/plugins/com.st.stm32cube.ide.mcu.externaltools.gnu-tools-for-stm32.10.3-2021.10.win32_1.0.0.202111181127/tools/bin/../lib/gcc/arm-none-eabi/10.3.1/../../../../arm-none-eabi/lib/thumb/v7-m/nofp\libc_nano.a(lib_a-sprintf.o) (_svfprintf_r)
c:/st/stm32cubeide_1.4.0/stm32cubeide/plugins/com.st.stm32cube.ide.mcu.externaltools.gnu-tools-for-stm32.10.3-2021.10.win32_1.0.0.202111181127/tools/bin/../lib/gcc/arm-none-eabi/10.3.1/../../../../arm-none-eabi/lib/thumb/v7-m/nofp\libc_nano.a(lib_a-nano-vfprintf_i.o)
                              c:/st/stm32cubeide_1.4.0/stm32cubeide/plugins/com.st.stm32cube.ide.mcu.externaltools.gnu-tools-for-stm32.10.3-2021.10.win32_1.0.0.202111181127/tools/bin/../lib/gcc/arm-none-eabi/10.3.1/../../../../arm-none-eabi/lib/thumb/v7-m/nofp\libc_nano.a(lib_a-nano-svfprintf.o) (_printf_i)
c:/st/stm32cubeide_1.4.0/stm32cubeide/plugins/com.st.stm32cube.ide.mcu.externaltools.gnu-tools-for-stm32.10.3-2021.10.win32_1.0.0.202111181127/tools/bin/../lib/gcc/arm-none-eabi/10.3.1/../../../../arm-none-eabi/lib/thumb/v7-m/nofp\libc_nano.a(lib_a-memchr-stub.o)
                              c:/st/stm32cubeide_1.4.0/stm32cubeide/plugins/com.st.stm32cube.ide.mcu.externaltools.gnu-tools-for-stm32.10.3-2021.10.win32_1.0.0.202111181127/tools/bin/../lib/gcc/arm-none-eabi/10.3.1/../../../../arm-none-eabi/lib/thumb/v7-m/nofp\libc_nano.a(lib_a-nano-svfprintf.o) (memchr)
c:/st/stm32cubeide_1.4.0/stm32cubeide/plugins/com.st.stm32cube.ide.mcu.externaltools.gnu-tools-for-stm32.10.3-2021.10.win32_1.0.0.202111181127/tools/bin/../lib/gcc/arm-none-eabi/10.3.1/../../../../arm-none-eabi/lib/thumb/v7-m/nofp\libc_nano.a(lib_a-memcpy-stub.o)
[...]
Memory Configuration

Name             Origin             Length             Attributes
RAM              0x0000000020000000 0x0000000000002800 xrw
FLASH            0x0000000008000000 0x0000000000008000 xr
*default*        0x0000000000000000 0xffffffffffffffff

Linker script and memory map

LOAD c:/st/stm32cubeide_1.4.0/stm32cubeide/plugins/com.st.stm32cube.ide.mcu.externaltools.gnu-tools-for-stm32.10.3-2021.10.win32_1.0.0.202111181127/tools/bin/../lib/gcc/arm-none-eabi/10.3.1/thumb/v7-m/nofp/crti.o
LOAD c:/st/stm32cubeide_1.4.0/stm32cubeide/plugins/com.st.stm32cube.ide.mcu.externaltools.gnu-tools-for-stm32.10.3-2021.10.win32_1.0.0.202111181127/tools/bin/../lib/gcc/arm-none-eabi/10.3.1/thumb/v7-m/nofp/crtbegin.o
LOAD c:/st/stm32cubeide_1.4.0/stm32cubeide/plugins/com.st.stm32cube.ide.mcu.externaltools.gnu-tools-for-stm32.10.3-2021.10.win32_1.0.0.202111181127/tools/bin/../lib/gcc/arm-none-eabi/10.3.1/../../../../arm-none-eabi/lib/thumb/v7-m/nofp/crt0.o
LOAD ./HAL/EEPROM/I2C_Slave_EEPROM.o
LOAD ./HAL/KeyPad/keypad.o
LOAD ./HAL/LCD/lcd.o
LOAD ./HAL/SevenSegment/sevensegment.o
LOAD ./MCAL/Src/Stm32f103c6_EXTI_Driver.o
LOAD ./MCAL/Src/Stm32f103c6_GPIO_Driver.o
LOAD ./MCAL/Src/Stm32f103c6_I2C_Driver.o
LOAD ./MCAL/Src/Stm32f103c6_RCC_Driver.o
LOAD ./MCAL/Src/Stm32f103c6_SPI_Driver.o
LOAD ./MCAL/Src/Stm32f103c6_USART_Driver.o
LOAD ./Src/Session07_SVC_PendSV Exceptions.o
LOAD ./Src/syscalls.o
LOAD ./Src/sysmem.o
LOAD ./Startup/startup_stm32f103c6tx.o
START GROUP
LOAD c:/st/stm32cubeide_1.4.0/stm32cubeide/plugins/com.st.stm32cube.ide.mcu.externaltools.gnu-tools-for-stm32.10.3-2021.10.win32_1.0.0.202111181127/tools/bin/../lib/gcc/arm-none-eabi/10.3.1/../../../../arm-none-eabi/lib/thumb/v7-m/nofp\libc_nano.a
LOAD c:/st/stm32cubeide_1.4.0/stm32cubeide/plugins/com.st.stm32cube.ide.mcu.externaltools.gnu-tools-for-stm32.10.3-2021.10.win32_1.0.0.202111181127/tools/bin/../lib/gcc/arm-none-eabi/10.3.1/../../../../arm-none-eabi/lib/thumb/v7-m/nofp\libm.a
END GROUP
START GROUP
LOAD c:/st/stm32cubeide_1.4.0/stm32cubeide/plugins/com.st.stm32cube.ide.mcu.externaltools.gnu-tools-for-stm32.10.3-2021.10.win32_1.0.0.202111181127/tools/bin/../lib/gcc/arm-none-eabi/10.3.1/thumb/v7-m/nofp\libgcc.a
LOAD c:/st/stm32cubeide_1.4.0/stm32cubeide/plugins/com.st.stm32cube.ide.mcu.externaltools.gnu-tools-for-stm32.10.3-2021.10.win32_1.0.0.202111181127/tools/bin/../lib/gcc/arm-none-eabi/10.3.1/../../../../arm-none-eabi/lib/thumb/v7-m/nofp\libg_nano.a
LOAD c:/st/stm32cubeide_1.4.0/stm32cubeide/plugins/com.st.stm32cube.ide.mcu.externaltools.gnu-tools-for-stm32.10.3-2021.10.win32_1.0.0.202111181127/tools/bin/../lib/gcc/arm-none-eabi/10.3.1/../../../../arm-none-eabi/lib/thumb/v7-m/nofp\libc_nano.a
END GROUP
START GROUP
LOAD c:/st/stm32cubeide_1.4.0/stm32cubeide/plugins/com.st.stm32cube.ide.mcu.externaltools.gnu-tools-for-stm32.10.3-2021.10.win32_1.0.0.202111181127/tools/bin/../lib/gcc/arm-none-eabi/10.3.1/thumb/v7-m/nofp\libgcc.a
LOAD c:/st/stm32cubeide_1.4.0/stm32cubeide/plugins/com.st.stm32cube.ide.mcu.externaltools.gnu-tools-for-stm32.10.3-2021.10.win32_1.0.0.202111181127/tools/bin/../lib/gcc/arm-none-eabi/10.3.1/../../../../arm-none-eabi/lib/thumb/v7-m/nofp\libc_nano.a
LOAD c:/st/stm32cubeide_1.4.0/stm32cubeide/plugins/com.st.stm32cube.ide.mcu.externaltools.gnu-tools-for-stm32.10.3-2021.10.win32_1.0.0.202111181127/tools/bin/../lib/gcc/arm-none-eabi/10.3.1/../../../../arm-none-eabi/lib/thumb/v7-m/nofp\libnosys.a
END GROUP
START GROUP
LOAD c:/st/stm32cubeide_1.4.0/stm32cubeide/plugins/com.st.stm32cube.ide.mcu.externaltools.gnu-tools-for-stm32.10.3-2021.10.win32_1.0.0.202111181127/tools/bin/../lib/gcc/arm-none-eabi/10.3.1/thumb/v7-m/nofp\libgcc.a
LOAD c:/st/stm32cubeide_1.4.0/stm32cubeide/plugins/com.st.stm32cube.ide.mcu.externaltools.gnu-tools-for-stm32.10.3-2021.10.win32_1.0.0.202111181127/tools/bin/../lib/gcc/arm-none-eabi/10.3.1/../../../../arm-none-eabi/lib/thumb/v7-m/nofp\libc_nano.a
LOAD c:/st/stm32cubeide_1.4.0/stm32cubeide/plugins/com.st.stm32cube.ide.mcu.externaltools.gnu-tools-for-stm32.10.3-2021.10.win32_1.0.0.202111181127/tools/bin/../lib/gcc/arm-none-eabi/10.3.1/../../../../arm-none-eabi/lib/thumb/v7-m/nofp\libnosys.a
END GROUP
LOAD c:/st/stm32cubeide_1.4.0/stm32cubeide/plugins/com.st.stm32cube.ide.mcu.externaltools.gnu-tools-for-stm32.10.3-2021.10.win32_1.0.0.202111181127/tools/bin/../lib/gcc/arm-none-eabi/10.3.1/thumb/v7-m/nofp/crtend.o
LOAD c:/st/stm32cubeide_1.4.0/stm32cubeide/plugins/com.st.stm32cube.ide.mcu.externaltools.gnu-tools-for-stm32.10.3-2021.10.win32_1.0.0.202111181127/tools/bin/../lib/gcc/arm-none-eabi/10.3.1/thumb/v7-m/nofp/crtn.o
                0x0000000020002800                _estack = (ORIGIN (RAM) + LENGTH (RAM))
                0x0000000000000200                _Min_Heap_Size = 0x200
                0x0000000000000400                _Min_Stack_Size = 0x400

.isr_vector     0x0000000008000000      0x130
                0x0000000008000000                . = ALIGN (0x4)
 *(.isr_vector)
 .isr_vector    0x0000000008000000      0x130 ./Startup/startup_stm32f103c6tx.o
                0x0000000008000000                g_pfnVectors
                0x0000000008000130                . = ALIGN (0x4)

.text           0x0000000008000130      0x848
                0x0000000008000130                . = ALIGN (0x4)
 *(.text)
 .text          0x0000000008000130       0x40 c:/st/stm32cubeide_1.4.0/stm32cubeide/plugins/com.st.stm32cube.ide.mcu.externaltools.gnu-tools-for-stm32.10.3-2021.10.win32_1.0.0.202111181127/tools/bin/../lib/gcc/arm-none-eabi/10.3.1/thumb/v7-m/nofp/crtbegin.o
 *(.text*)
 .text.EXTI0_IRQHandler
                0x0000000008000170       0x24 ./MCAL/Src/Stm32f103c6_EXTI_Driver.o
                0x0000000008000170                EXTI0_IRQHandler
 .text.EXTI1_IRQHandler
                0x0000000008000194       0x24 ./MCAL/Src/Stm32f103c6_EXTI_Driver.o
                0x0000000008000194                EXTI1_IRQHandler
 .text.EXTI2_IRQHandler
                0x00000000080001b8       0x24 ./MCAL/Src/Stm32f103c6_EXTI_Driver.o
                0x00000000080001b8                EXTI2_IRQHandler
 .text.EXTI3_IRQHandler
                0x00000000080001dc       0x24 ./MCAL/Src/Stm32f103c6_EXTI_Driver.o
                0x00000000080001dc                EXTI3_IRQHandler
 .text.EXTI4_IRQHandler
                0x0000000008000200       0x24 ./MCAL/Src/Stm32f103c6_EXTI_Driver.o
                0x0000000008000200                EXTI4_IRQHandler
 .text.EXTI9_5_IRQHandler
                0x0000000008000224       0xa8 ./MCAL/Src/Stm32f103c6_EXTI_Driver.o
                0x0000000008000224                EXTI9_5_IRQHandler
 .text.EXTI15_10_IRQHandler
                0x00000000080002cc       0xc4 ./MCAL/Src/Stm32f103c6_EXTI_Driver.o
                0x00000000080002cc                EXTI15_10_IRQHandler
 .text.I2C_ClearADDRFlag
                0x0000000008000390       0x1e ./MCAL/Src/Stm32f103c6_I2C_Driver.o
                0x0000000008000390                I2C_ClearADDRFlag
 *fill*         0x00000000080003ae        0x2 
 .text.I2C1_EV_IRQHandler
                0x00000000080003b0       0xe0 ./MCAL/Src/Stm32f103c6_I2C_Driver.o
                0x00000000080003b0                I2C1_EV_IRQHandler
 .text.I2C1_ER_IRQHandler
                0x0000000008000490        0xc ./MCAL/Src/Stm32f103c6_I2C_Driver.o
                0x0000000008000490                I2C1_ER_IRQHandler
 .text.I2C2_EV_IRQHandler
                0x000000000800049c        0xc ./MCAL/Src/Stm32f103c6_I2C_Driver.o
                0x000000000800049c                I2C2_EV_IRQHandler
 .text.I2C2_ER_IRQHandler
                0x00000000080004a8        0xc ./MCAL/Src/Stm32f103c6_I2C_Driver.o
                0x00000000080004a8                I2C2_ER_IRQHandler
 .text.Slave_States
                0x00000000080004b4       0xe0 ./MCAL/Src/Stm32f103c6_I2C_Driver.o
                0x00000000080004b4                Slave_States
 .text.SPI1_IRQHandler
                0x0000000008000594       0x58 ./MCAL/Src/Stm32f103c6_SPI_Driver.o
                0x0000000008000594                SPI1_IRQHandler
 .text.SPI2_IRQHandler
                0x00000000080005ec       0x58 ./MCAL/Src/Stm32f103c6_SPI_Driver.o
                0x00000000080005ec                SPI2_IRQHandler
 .text.USART1_IRQHandler
                0x0000000008000644       0x70 ./MCAL/Src/Stm32f103c6_USART_Driver.o
                0x0000000008000644                USART1_IRQHandler
 .text.USART2_IRQHandler
                0x00000000080006b4       0x70 ./MCAL/Src/Stm32f103c6_USART_Driver.o
                0x00000000080006b4                USART2_IRQHandler
 .text.USART3_IRQHandler
                0x0000000008000724       0x70 ./MCAL/Src/Stm32f103c6_USART_Driver.o
                0x0000000008000724                USART3_IRQHandler
 .text.PendSV_Handler
                0x0000000008000794       0x18 ./Src/Session07_SVC_PendSV Exceptions.o
                0x0000000008000794                PendSV_Handler
 .text.OS_SVC_Services
                0x00000000080007ac       0x84 ./Src/Session07_SVC_PendSV Exceptions.o
                0x00000000080007ac                OS_SVC_Services
 .text.SVC_Handler
                0x0000000008000830       0x14 ./Src/Session07_SVC_PendSV Exceptions.o
                0x0000000008000830                SVC_Handler
 .text.OS_SVC_Set
                0x0000000008000844       0x48 ./Src/Session07_SVC_PendSV Exceptions.o
                0x0000000008000844                OS_SVC_Set
 .text.main     0x000000000800088c       0x36 ./Src/Session07_SVC_PendSV Exceptions.o
                0x000000000800088c                main
 *fill*         0x00000000080008c2        0x2 
 .text.Reset_Handler
                0x00000000080008c4       0x50 ./Startup/startup_stm32f103c6tx.o
                0x00000000080008c4                Reset_Handler
 .text.Default_Handler
                0x0000000008000914        0x2 ./Startup/startup_stm32f103c6tx.o
                0x0000000008000914                TIM8_TRG_COM_IRQHandler
                0x0000000008000914                TIM8_CC_IRQHandler
                0x0000000008000914                DebugMon_Handler
                0x0000000008000914                TIM1_CC_IRQHandler
                0x0000000008000914                HardFault_Handler
                0x0000000008000914                TIM6_IRQHandler
                0x0000000008000914                SysTick_Handler
                0x0000000008000914                PVD_IRQHandler
                0x0000000008000914                SDIO_IRQHandler
                0x0000000008000914                NMI_Handler
                0x0000000008000914                USB_HP_CAN_TX_IRQHandler
                0x0000000008000914                UsageFault_Handler
                0x0000000008000914                ADC1_2_IRQHandler
                0x0000000008000914                CAN_SCE_IRQHandler
                0x0000000008000914                TAMPER_IRQHandler
                0x0000000008000914                TIM8_UP_IRQHandler
                0x0000000008000914                DMA2_Channel2_IRQHandler
                0x0000000008000914                DMA1_Channel4_IRQHandler
                0x0000000008000914                RTC_IRQHandler
                0x0000000008000914                DMA1_Channel7_IRQHandler
                0x0000000008000914                UART5_IRQHandler
                0x0000000008000914                ADC3_IRQHandler
                0x0000000008000914                TIM4_IRQHandler
                0x0000000008000914                CAN_RX1_IRQHandler
                0x0000000008000914                DMA2_Channel1_IRQHandler
                0x0000000008000914                DMA1_Channel6_IRQHandler
                0x0000000008000914                UART4_IRQHandler
                0x0000000008000914                TIM3_IRQHandler
                0x0000000008000914                RCC_IRQHandler
                0x0000000008000914                TIM1_TRG_COM_IRQHandler
                0x0000000008000914                DMA1_Channel1_IRQHandler
                0x0000000008000914                Default_Handler
                0x0000000008000914                TIM7_IRQHandler
                0x0000000008000914                TIM5_IRQHandler
                0x0000000008000914                USB_LP_CAN_RX0_IRQHandler
                0x0000000008000914                MemManage_Handler
                0x0000000008000914                DMA1_Channel5_IRQHandler
                0x0000000008000914                DMA1_Channel3_IRQHandler
                0x0000000008000914                FSMC_IRQHandler
                0x0000000008000914                TIM1_UP_IRQHandler
                0x0000000008000914                WWDG_IRQHandler
                0x0000000008000914                TIM2_IRQHandler
                0x0000000008000914                TIM1_BRK_IRQHandler
                0x0000000008000914                RTCAlarm_IRQHandler
                0x0000000008000914                DMA2_Channel4_5_IRQHandler
                0x0000000008000914                DMA1_Channel2_IRQHandler
                0x0000000008000914                TIM8_BRK_IRQHandler
                0x0000000008000914                FLASH_IRQHandler
                0x0000000008000914                BusFault_Handler
                0x0000000008000914                SPI3_IRQHandler
                0x0000000008000914                DMA2_Channel3_IRQHandler
 *fill*         0x0000000008000916        0x2 
 .text.__libc_init_array
                0x0000000008000918       0x48 c:/st/stm32cubeide_1.4.0/stm32cubeide/plugins/com.st.stm32cube.ide.mcu.externaltools.gnu-tools-for-stm32.10.3-2021.10.win32_1.0.0.202111181127/tools/bin/../lib/gcc/arm-none-eabi/10.3.1/../../../../arm-none-eabi/lib/thumb/v7-m/nofp\libc_nano.a(lib_a-init.o)
                0x0000000008000918                __libc_init_array
 *(.glue_7)
 .glue_7        0x0000000008000960        0x0 linker stubs
 *(.glue_7t)
 .glue_7t       0x0000000008000960        0x0 linker stubs
 *(.eh_frame)
 .eh_frame      0x0000000008000960        0x0 c:/st/stm32cubeide_1.4.0/stm32cubeide/plugins/com.st.stm32cube.ide.mcu.externaltools.gnu-tools-for-stm32.10.3-2021.10.win32_1.0.0.202111181127/tools/bin/../lib/gcc/arm-none-eabi/10.3.1/thumb/v7-m/nofp/crtbegin.o
 *(.init)
 .init          0x0000000008000960        0x4 c:/st/stm32cubeide_1.4.0/stm32cubeide/plugins/com.st.stm32cube.ide.mcu.externaltools.gnu-tools-for-stm32.10.3-2021.10.win32_1.0.0.202111181127/tools/bin/../lib/gcc/arm-none-eabi/10.3.1/thumb/v7-m/nofp/crti.o
                0x0000000008000960                _init
 .init          0x0000000008000964        0x8 c:/st/stm32cubeide_1.4.0/stm32cubeide/plugins/com.st.stm32cube.ide.mcu.externaltools.gnu-tools-for-stm32.10.3-2021.10.win32_1.0.0.202111181127/tools/bin/../lib/gcc/arm-none-eabi/10.3.1/thumb/v7-m/nofp/crtn.o
 *(.fini)
 .fini          0x000000000800096c        0x4 c:/st/stm32cubeide_1.4.0/stm32cubeide/plugins/com.st.stm32cube.ide.mcu.externaltools.gnu-tools-for-stm32.10.3-2021.10.win32_1.0.0.202111181127/tools/bin/../lib/gcc/arm-none-eabi/10.3.1/thumb/v7-m/nofp/crti.o
                0x000000000800096c                _fini
 .fini          0x0000000008000970        0x8 c:/st/stm32cubeide_1.4.0/stm32cubeide/plugins/com.st.stm32cube.ide.mcu.externaltools.gnu-tools-for-stm32.10.3-2021.10.win32_1.0.0.202111181127/tools/bin/../lib/gcc/arm-none-eabi/10.3.1/thumb/v7-m/nofp/crtn.o
                0x0000000008000978                . = ALIGN (0x4)
                0x0000000008000978                _etext = .

.vfp11_veneer   0x0000000008000978        0x0
 .vfp11_veneer  0x0000000008000978        0x0 linker stubs

.v4_bx          0x0000000008000978        0x0
 .v4_bx         0x0000000008000978        0x0 linker stubs

.iplt           0x0000000008000978        0x0
 .iplt          0x0000000008000978        0x0 c:/st/stm32cubeide_1.4.0/stm32cubeide/plugins/com.st.stm32cube.ide.mcu.externaltools.gnu-tools-for-stm32.10.3-2021.10.win32_1.0.0.202111181127/tools/bin/../lib/gcc/arm-none-eabi/10.3.1/thumb/v7-m/nofp/crtbegin.o

.rel.dyn        0x0000000008000978        0x0
 .rel.iplt      0x0000000008000978        0x0 c:/st/stm32cubeide_1.4.0/stm32cubeide/plugins/com.st.stm32cube.ide.mcu.externaltools.gnu-tools-for-stm32.10.3-2021.10.win32_1.0.0.202111181127/tools/bin/../lib/gcc/arm-none-eabi/10.3.1/thumb/v7-m/nofp/crtbegin.o

.rodata         0x0000000008000978        0x0
                0x0000000008000978                . = ALIGN (0x4)
 *(.rodata)
 *(.rodata*)
                0x0000000008000978                . = ALIGN (0x4)

.ARM.extab      0x0000000008000978        0x0
                0x0000000008000978                . = ALIGN (0x4)
 *(.ARM.extab* .gnu.linkonce.armextab.*)
                0x0000000008000978                . = ALIGN (0x4)

.ARM            0x0000000008000978        0x0
                0x0000000008000978                . = ALIGN (0x4)
                0x0000000008000978                __exidx_start = .
 *(.ARM.exidx*)
                0x0000000008000978                __exidx_end = .
                0x0000000008000978                . = ALIGN (0x4)

.preinit_array  0x0000000008000978        0x0
                0x0000000008000978                . = ALIGN (0x4)
                0x0000000008000978                PROVIDE (__preinit_array_start = .)
 *(.preinit_array*)
                0x0000000008000978                PROVIDE (__preinit_array_end = .)
                0x0000000008000978                . = ALIGN (0x4)

.init_array     0x0000000008000978        0x4
                0x0000000008000978                . = ALIGN (0x4)
                0x0000000008000978                PROVIDE (__init_array_start = .)
 *(SORT_BY_NAME(.init_array.*))
 *(.init_array*)
 .init_array    0x0000000008000978        0x4 c:/st/stm32cubeide_1.4.0/stm32cubeide/plugins/com.st.stm32cube.ide.mcu.externaltools.gnu-tools-for-stm32.10.3-2021.10.win32_1.0.0.202111181127/tools/bin/../lib/gcc/arm-none-eabi/10.3.1/thumb/v7-m/nofp/crtbegin.o
                0x000000000800097c                PROVIDE (__init_array_end = .)
                0x000000000800097c                . = ALIGN (0x4)

.fini_array     0x000000000800097c        0x4
                0x000000000800097c                . = ALIGN (0x4)
                [!provide]                        PROVIDE (__fini_array_start = .)
 *(SORT_BY_NAME(.fini_array.*))
 *(.fini_array*)
 .fini_array    0x000000000800097c        0x4 c:/st/stm32cubeide_1.4.0/stm32cubeide/plugins/com.st.stm32cube.ide.mcu.externaltools.gnu-tools-for-stm32.10.3-2021.10.win32_1.0.0.202111181127/tools/bin/../lib/gcc/arm-none-eabi/10.3.1/thumb/v7-m/nofp/crtbegin.o
                [!provide]                        PROVIDE (__fini_array_end = .)
                0x0000000008000980                . = ALIGN (0x4)
                0x0000000008000980                _sidata = LOADADDR (.data)

.data           0x0000000020000000        0x0 load address 0x0000000008000980
                0x0000000020000000                . = ALIGN (0x4)
                0x0000000020000000                _sdata = .
 *(.data)
 *(.data*)
 *(.RamFunc)
 *(.RamFunc*)
                0x0000000020000000                . = ALIGN (0x4)
                0x0000000020000000                _edata = .

.igot.plt       0x0000000020000000        0x0 load address 0x0000000008000980
 .igot.plt      0x0000000020000000        0x0 c:/st/stm32cubeide_1.4.0/stm32cubeide/plugins/com.st.stm32cube.ide.mcu.externaltools.gnu-tools-for-stm32.10.3-2021.10.win32_1.0.0.202111181127/tools/bin/../lib/gcc/arm-none-eabi/10.3.1/thumb/v7-m/nofp/crtbegin.o
                0x0000000020000000                . = ALIGN (0x4)

.bss            0x0000000020000000       0xb8 load address 0x0000000008000980
                0x0000000020000000                _sbss = .
                0x0000000020000000                __bss_start__ = _sbss
 *(.bss)
 .bss           0x0000000020000000       0x1c c:/st/stm32cubeide_1.4.0/stm32cubeide/plugins/com.st.stm32cube.ide.mcu.externaltools.gnu-tools-for-stm32.10.3-2021.10.win32_1.0.0.202111181127/tools/bin/../lib/gcc/arm-none-eabi/10.3.1/thumb/v7-m/nofp/crtbegin.o
 *(.bss*)
 .bss.P_IRQ_Callback_g
                0x000000002000001c       0x40 ./MCAL/Src/Stm32f103c6_EXTI_Driver.o
                0x000000002000001c                P_IRQ_Callback_g
 .bss.Global_I2C_Config
                0x000000002000005c       0x48 ./MCAL/Src/Stm32f103c6_I2C_Driver.o
                0x000000002000005c                Global_I2C_Config
 .bss.P_SPI_IRQ_Callback_g
                0x00000000200000a4        0x8 ./MCAL/Src/Stm32f103c6_SPI_Driver.o
                0x00000000200000a4                P_SPI_IRQ_Callback_g
 .bss.P_UART_IRQ_Callback_g
                0x00000000200000ac        0xc ./MCAL/Src/Stm32f103c6_USART_Driver.o
                0x00000000200000ac                P_UART_IRQ_Callback_g
 *(COMMON)
                0x00000000200000b8                . = ALIGN (0x4)
                0x00000000200000b8                _ebss = .
                0x00000000200000b8                __bss_end__ = _ebss

._user_heap_stack
                0x00000000200000b8      0x600 load address 0x0000000008000980
                0x00000000200000b8                . = ALIGN (0x8)
                [!provide]                        PROVIDE (end = .)
                0x00000000200000b8                PROVIDE (_end = .)
                0x00000000200002b8                . = (. + _Min_Heap_Size)
 *fill*         0x00000000200000b8      0x200 
                0x00000000200006b8                . = (. + _Min_Stack_Size)
 *fill*         0x00000000200002b8      0x400 
                0x00000000200006b8                . = ALIGN (0x8)

/DISCARD/
 libc.a(*)
 libm.a(*)
 libgcc.a(*)

.ARM.attributes
                0x0000000000000000       0x29
 *(.ARM.attributes)
 .ARM.attributes
                0x0000000000000000       0x1d c:/st/stm32cubeide_1.4.0/stm32cubeide/plugins/com.st.stm32cube.ide.mcu.externaltools.gnu-tools-for-stm32.10.3-2021.10.win32_1.0.0.202111181127/tools/bin/../lib/gcc/arm-none-eabi/10.3.1/thumb/v7-m/nofp/crti.o
 .ARM.attributes
                0x000000000000001d       0x2d c:/st/stm32cubeide_1.4.0/stm32cubeide/plugins/com.st.stm32cube.ide.mcu.externaltools.gnu-tools-for-stm32.10.3-2021.10.win32_1.0.0.202111181127/tools/bin/../lib/gcc/arm-none-eabi/10.3.1/thumb/v7-m/nofp/crtbegin.o
 .ARM.attributes
                0x000000000000004a       0x2d ./MCAL/Src/Stm32f103c6_EXTI_Driver.o
 .ARM.attributes
                0x0000000000000077       0x2d ./MCAL/Src/Stm32f103c6_I2C_Driver.o
 .ARM.attributes
                0x00000000000000a4       0x2d ./MCAL/Src/Stm32f103c6_SPI_Driver.o
 .ARM.attributes
                0x00000000000000d1       0x2d ./MCAL/Src/Stm32f103c6_USART_Driver.o
 .ARM.attributes
                0x00000000000000fe       0x2d ./Src/Session07_SVC_PendSV Exceptions.o
 .ARM.attributes
                0x000000000000012b       0x21 ./Startup/startup_stm32f103c6tx.o
 .ARM.attributes
                0x000000000000014c       0x2d c:/st/stm32cubeide_1.4.0/stm32cubeide/plugins/com.st.stm32cube.ide.mcu.externaltools.gnu-tools-for-stm32.10.3-2021.10.win32_1.0.0.202111181127/tools/bin/../lib/gcc/arm-none-eabi/10.3.1/../../../../arm-none-eabi/lib/thumb/v7-m/nofp\libc_nano.a(lib_a-init.o)
 .ARM.attributes
                0x0000000000000179       0x1d c:/st/stm32cubeide_1.4.0/stm32cubeide/plugins/com.st.stm32cube.ide.mcu.externaltools.gnu-tools-for-stm32.10.3-2021.10.win32_1.0.0.202111181127/tools/bin/../lib/gcc/arm-none-eabi/10.3.1/thumb/v7-m/nofp/crtn.o
OUTPUT(ARM_CortexM3_M4.axf elf32-littlearm)
LOAD linker stubs
LOAD c:/st/stm32cubeide_1.4.0/stm32cubeide/plugins/com.st.stm32cube.ide.mcu.externaltools.gnu-tools-for-stm32.10.3-2021.10.win32_1.0.0.202111181127/tools/bin/../lib/gcc/arm-none-eabi/10.3.1/../../../../arm-none-eabi/lib/thumb/v7-m/nofp\libc.a
LOAD c:/st/stm32cubeide_1.4.0/stm32cubeide/plugins/com.st.stm32cube.ide.mcu.externaltools.gnu-tools-for-stm32.10.3-2021.10.win32_1.0.0.202111181127/tools/bin/../lib/gcc/arm-none-eabi/10.3.1/../../../../arm-none-eabi/lib/thumb/v7-m/nofp\libm.a
LOAD c:/st/stm32cubeide_1.4.0/stm32cubeide/plugins/com.st.stm32cube.ide.mcu.externaltools.gnu-tools-for-stm32.10.3-2021.10.win32_1.0.0.202111181127/tools/bin/../lib/gcc/arm-none-eabi/10.3.1/thumb/v7-m/nofp\libgcc.a

.debug_info     0x0000000000000000     0x2165
 .debug_info    0x0000000000000000      0x52e ./MCAL/Src/Stm32f103c6_EXTI_Driver.o
 .debug_info    0x000000000000052e      0xaaa ./MCAL/Src/Stm32f103c6_I2C_Driver.o
 .debug_info    0x0000000000000fd8      0x6c6 ./MCAL/Src/Stm32f103c6_SPI_Driver.o
 .debug_info    0x000000000000169e      0x6f8 ./MCAL/Src/Stm32f103c6_USART_Driver.o
 .debug_info    0x0000000000001d96      0x3ad ./Src/Session07_SVC_PendSV Exceptions.o
 .debug_info    0x0000000000002143       0x22 ./Startup/startup_stm32f103c6tx.o

.debug_abbrev   0x0000000000000000      0x93d
 .debug_abbrev  0x0000000000000000      0x198 ./MCAL/Src/Stm32f103c6_EXTI_Driver.o
 .debug_abbrev  0x0000000000000198      0x223 ./MCAL/Src/Stm32f103c6_I2C_Driver.o
 .debug_abbrev  0x00000000000003bb      0x1f4 ./MCAL/Src/Stm32f103c6_SPI_Driver.o
 .debug_abbrev  0x00000000000005af      0x21a ./MCAL/Src/Stm32f103c6_USART_Driver.o
 .debug_abbrev  0x00000000000007c9      0x162 ./Src/Session07_SVC_PendSV Exceptions.o
 .debug_abbrev  0x000000000000092b       0x12 ./Startup/startup_stm32f103c6tx.o

.debug_loc      0x0000000000000000      0xfec
 .debug_loc     0x0000000000000000      0x320 ./MCAL/Src/Stm32f103c6_EXTI_Driver.o
 .debug_loc     0x0000000000000320      0x5dc ./MCAL/Src/Stm32f103c6_I2C_Driver.o
 .debug_loc     0x00000000000008fc      0x2bc ./MCAL/Src/Stm32f103c6_SPI_Driver.o
 .debug_loc     0x0000000000000bb8      0x300 ./MCAL/Src/Stm32f103c6_USART_Driver.o
 .debug_loc     0x0000000000000eb8      0x134 ./Src/Session07_SVC_PendSV Exceptions.o

.debug_aranges  0x0000000000000000      0x248
 .debug_aranges
                0x0000000000000000       0x80 ./MCAL/Src/Stm32f103c6_EXTI_Driver.o
 .debug_aranges
                0x0000000000000080       0xa8 ./MCAL/Src/Stm32f103c6_I2C_Driver.o
 .debug_aranges
                0x0000000000000128       0x58 ./MCAL/Src/Stm32f103c6_SPI_Driver.o
 .debug_aranges
                0x0000000000000180       0x60 ./MCAL/Src/Stm32f103c6_USART_Driver.o
 .debug_aranges
                0x00000000000001e0       0x40 ./Src/Session07_SVC_PendSV Exceptions.o
 .debug_aranges
                0x0000000000000220       0x28 ./Startup/startup_stm32f103c6tx.o

.debug_ranges   0x0000000000000000      0x1f0
 .debug_ranges  0x0000000000000000       0x70 ./MCAL/Src/Stm32f103c6_EXTI_Driver.o
 .debug_ranges  0x0000000000000070       0x98 ./MCAL/Src/Stm32f103c6_I2C_Driver.o
 .debug_ranges  0x0000000000000108       0x48 ./MCAL/Src/Stm32f103c6_SPI_Driver.o
 .debug_ranges  0x0000000000000150       0x50 ./MCAL/Src/Stm32f103c6_USART_Driver.o
 .debug_ranges  0x00000000000001a0       0x30 ./Src/Session07_SVC_PendSV Exceptions.o
 .debug_ranges  0x00000000000001d0       0x20 ./Startup/startup_stm32f103c6tx.o

.debug_macro    0x0000000000000000     0x1bd8
 .debug_macro   0x0000000000000000      0x15b ./MCAL/Src/Stm32f103c6_EXTI_Driver.o
 .debug_macro   0x000000000000015b      0x224 ./MCAL/Src/Stm32f103c6_EXTI_Driver.o
 .debug_macro   0x000000000000037f      0x16a ./MCAL/Src/Stm32f103c6_I2C_Driver.o
 .debug_macro   0x00000000000004e9      0x17c ./MCAL/Src/Stm32f103c6_SPI_Driver.o
 .debug_macro   0x0000000000000665       0xc3 ./MCAL/Src/Stm32f103c6_SPI_Driver.o
 .debug_macro   0x0000000000000728      0x188 ./MCAL/Src/Stm32f103c6_USART_Driver.o
 .debug_macro   0x00000000000008b0       0xe8 ./MCAL/Src/Stm32f103c6_USART_Driver.o
 .debug_macro   0x0000000000000998      0x18e ./Src/Session07_SVC_PendSV Exceptions.o
 .debug_macro   0x0000000000000b26       0x8e ./Src/Session07_SVC_PendSV Exceptions.o
 .debug_macro   0x0000000000000bb4       0x51 ./Src/Session07_SVC_PendSV Exceptions.o
 .debug_macro   0x0000000000000c05       0x28 ./Src/Session07_SVC_PendSV Exceptions.o
 .debug_macro   0x0000000000000c2d       0x1c ./Src/Session07_SVC_PendSV Exceptions.o
 .debug_macro   0x0000000000000c49       0x22 ./Src/Session07_SVC_PendSV Exceptions.o
 .debug_macro   0x0000000000000c6b       0xdf ./Src/Session07_SVC_PendSV Exceptions.o
 .debug_macro   0x0000000000000d4a      0xe3c ./Src/Session07_SVC_PendSV Exceptions.o
 .debug_macro   0x0000000000001b86       0x52 ./Src/Session07_SVC_PendSV Exceptions.o

.debug_line     0x0000000000000000     0x2e51
 .debug_line    0x0000000000000000      0x9d5 ./MCAL/Src/Stm32f103c6_EXTI_Driver.o
 .debug_line    0x00000000000009d5      0xb34 ./MCAL/Src/Stm32f103c6_I2C_Driver.o
 .debug_line    0x0000000000001509      0x8e5 ./MCAL/Src/Stm32f103c6_SPI_Driver.o
 .debug_line    0x0000000000001dee      0x8b0 ./MCAL/Src/Stm32f103c6_USART_Driver.o
 .debug_line    0x000000000000269e      0x72f ./Src/Session07_SVC_PendSV Exceptions.o
 .debug_line    0x0000000000002dcd       0x84 ./Startup/startup_stm32f103c6tx.o

.debug_str      0x0000000000000000    0x11ca4
 .debug_str     0x0000000000000000     0xabe7 ./MCAL/Src/Stm32f103c6_EXTI_Driver.o
                                       0xadee (size before relaxing)
 .debug_str     0x000000000000abe7      0x73e ./MCAL/Src/Stm32f103c6_I2C_Driver.o
                                       0x9fdd (size before relaxing)
 .debug_str     0x000000000000b325      0x79d ./MCAL/Src/Stm32f103c6_SPI_Driver.o
                                       0xa0af (size before relaxing)
 .debug_str     0x000000000000bac2      0x8d1 ./MCAL/Src/Stm32f103c6_USART_Driver.o
                                       0xa23a (size before relaxing)
 .debug_str     0x000000000000c393     0x58e0 ./Src/Session07_SVC_PendSV Exceptions.o
                                       0xec1f (size before relaxing)
 .debug_str     0x0000000000011c73       0x31 ./Startup/startup_stm32f103c6tx.o
                                         0xbd (size before relaxing)

.comment        0x0000000000000000       0x50
 .comment       0x0000000000000000       0x50 ./MCAL/Src/Stm32f103c6_EXTI_Driver.o
                                         0x51 (size before relaxing)
 .comment       0x0000000000000050       0x51 ./MCAL/Src/Stm32f103c6_I2C_Driver.o
 .comment       0x0000000000000050       0x51 ./MCAL/Src/Stm32f103c6_SPI_Driver.o
 .comment       0x0000000000000050       0x51 ./MCAL/Src/Stm32f103c6_USART_Driver.o
 .comment       0x0000000000000050       0x51 ./Src/Session07_SVC_PendSV Exceptions.o

.debug_frame    0x0000000000000000      0x7f0
 .debug_frame   0x0000000000000000      0x1b0 ./MCAL/Src/Stm32f103c6_EXTI_Driver.o
 .debug_frame   0x00000000000001b0      0x2b0 ./MCAL/Src/Stm32f103c6_I2C_Driver.o
 .debug_frame   0x0000000000000460      0x14c ./MCAL/Src/Stm32f103c6_SPI_Driver.o
 .debug_frame   0x00000000000005ac      0x168 ./MCAL/Src/Stm32f103c6_USART_Driver.o
 .debug_frame   0x0000000000000714       0xb0 ./Src/Session07_SVC_PendSV Exceptions.o
 .debug_frame   0x00000000000007c4       0x2c c:/st/stm32cubeide_1.4.0/stm32cubeide/plugins/com.st.stm32cube.ide.mcu.externaltools.gnu-tools-for-stm32.10.3-2021.10.win32_1.0.0.202111181127/tools/bin/../lib/gcc/arm-none-eabi/10.3.1/../../../../arm-none-eabi/lib/thumb/v7-m/nofp\libc_nano.a(lib_a-init.o)
