../MCAL/Src/Stm32f103c6_EXTI_Driver.c:37:6:Enable_NVIC	16	static
../MCAL/Src/Stm32f103c6_EXTI_Driver.c:80:6:Disable_NVIC	16	static
../MCAL/Src/Stm32f103c6_EXTI_Driver.c:124:6:Update_EXTI	24	static
../MCAL/Src/Stm32f103c6_EXTI_Driver.c:198:6:MCAL_EXTI_GPIO_INIT	16	static
../MCAL/Src/Stm32f103c6_EXTI_Driver.c:211:6:MCAL_EXTI_GPIO_DEINIT	4	static
../MCAL/Src/Stm32f103c6_EXTI_Driver.c:240:6:MCAL_EXTI_GPIO_UPDATE	16	static
../MCAL/Src/Stm32f103c6_EXTI_Driver.c:254:6:EXTI0_IRQHandler	8	static
../MCAL/Src/Stm32f103c6_EXTI_Driver.c:261:6:EXTI1_IRQHandler	8	static
../MCAL/Src/Stm32f103c6_EXTI_Driver.c:267:6:EXTI2_IRQHandler	8	static
../MCAL/Src/Stm32f103c6_EXTI_Driver.c:273:6:EXTI3_IRQHandler	8	static
../MCAL/Src/Stm32f103c6_EXTI_Driver.c:279:6:EXTI4_IRQHandler	8	static
../MCAL/Src/Stm32f103c6_EXTI_Driver.c:285:6:EXTI9_5_IRQHandler	8	static
../MCAL/Src/Stm32f103c6_EXTI_Driver.c:294:6:EXTI15_10_IRQHandler	8	static
