Archive member included to satisfy reference by file (symbol)

c:/st/stm32cubeide_1.4.0/stm32cubeide/plugins/com.st.stm32cube.ide.mcu.externaltools.gnu-tools-for-stm32.10.3-2021.10.win32_1.0.0.202111181127/tools/bin/../lib/gcc/arm-none-eabi/10.3.1/../../../../arm-none-eabi/lib/thumb/v7-m/nofp\libc_nano.a(lib_a-errno.o)
                              ./Src/syscalls.o (__errno)
c:/st/stm32cubeide_1.4.0/stm32cubeide/plugins/com.st.stm32cube.ide.mcu.externaltools.gnu-tools-for-stm32.10.3-2021.10.win32_1.0.0.202111181127/tools/bin/../lib/gcc/arm-none-eabi/10.3.1/../../../../arm-none-eabi/lib/thumb/v7-m/nofp\libc_nano.a(lib_a-exit.o)
                              c:/st/stm32cubeide_1.4.0/stm32cubeide/plugins/com.st.stm32cube.ide.mcu.externaltools.gnu-tools-for-stm32.10.3-2021.10.win32_1.0.0.202111181127/tools/bin/../lib/gcc/arm-none-eabi/10.3.1/../../../../arm-none-eabi/lib/thumb/v7-m/nofp/crt0.o (exit)
c:/st/stm32cubeide_1.4.0/stm32cubeide/plugins/com.st.stm32cube.ide.mcu.externaltools.gnu-tools-for-stm32.10.3-2021.10.win32_1.0.0.202111181127/tools/bin/../lib/gcc/arm-none-eabi/10.3.1/../../../../arm-none-eabi/lib/thumb/v7-m/nofp\libc_nano.a(lib_a-impure.o)
                              c:/st/stm32cubeide_1.4.0/stm32cubeide/plugins/com.st.stm32cube.ide.mcu.externaltools.gnu-tools-for-stm32.10.3-2021.10.win32_1.0.0.202111181127/tools/bin/../lib/gcc/arm-none-eabi/10.3.1/../../../../arm-none-eabi/lib/thumb/v7-m/nofp\libc_nano.a(lib_a-exit.o) (_global_impure_ptr)
c:/st/stm32cubeide_1.4.0/stm32cubeide/plugins/com.st.stm32cube.ide.mcu.externaltools.gnu-tools-for-stm32.10.3-2021.10.win32_1.0.0.202111181127/tools/bin/../lib/gcc/arm-none-eabi/10.3.1/../../../../arm-none-eabi/lib/thumb/v7-m/nofp\libc_nano.a(lib_a-init.o)
                              c:/st/stm32cubeide_1.4.0/stm32cubeide/plugins/com.st.stm32cube.ide.mcu.externaltools.gnu-tools-for-stm32.10.3-2021.10.win32_1.0.0.202111181127/tools/bin/../lib/gcc/arm-none-eabi/10.3.1/../../../../arm-none-eabi/lib/thumb/v7-m/nofp/crt0.o (__libc_init_array)
c:/st/stm32cubeide_1.4.0/stm32cubeide/plugins/com.st.stm32cube.ide.mcu.externaltools.gnu-tools-for-stm32.10.3-2021.10.win32_1.0.0.202111181127/tools/bin/../lib/gcc/arm-none-eabi/10.3.1/../../../../arm-none-eabi/lib/thumb/v7-m/nofp\libc_nano.a(lib_a-memset.o)
                              c:/st/stm32cubeide_1.4.0/stm32cubeide/plugins/com.st.stm32cube.ide.mcu.externaltools.gnu-tools-for-stm32.10.3-2021.10.win32_1.0.0.202111181127/tools/bin/../lib/gcc/arm-none-eabi/10.3.1/../../../../arm-none-eabi/lib/thumb/v7-m/nofp/crt0.o (memset)
c:/st/stm32cubeide_1.4.0/stm32cubeide/plugins/com.st.stm32cube.ide.mcu.externaltools.gnu-tools-for-stm32.10.3-2021.10.win32_1.0.0.202111181127/tools/bin/../lib/gcc/arm-none-eabi/10.3.1/../../../../arm-none-eabi/lib/thumb/v7-m/nofp\libc_nano.a(lib_a-sprintf.o)
                              ./HAL/LCD/lcd.o (sprintf)
c:/st/stm32cubeide_1.4.0/stm32cubeide/plugins/com.st.stm32cube.ide.mcu.externaltools.gnu-tools-for-stm32.10.3-2021.10.win32_1.0.0.202111181127/tools/bin/../lib/gcc/arm-none-eabi/10.3.1/../../../../arm-none-eabi/lib/thumb/v7-m/nofp\libc_nano.a(lib_a-nano-svfprintf.o)
                              c:/st/stm32cubeide_1.4.0/stm32cubeide/plugins/com.st.stm32cube.ide.mcu.externaltools.gnu-tools-for-stm32.10.3-2021.10.win32_1.0.0.202111181127/tools/bin/../lib/gcc/arm-none-eabi/10.3.1/../../../../arm-none-eabi/lib/thumb/v7-m/nofp\libc_nano.a(lib_a-sprintf.o) (_svfprintf_r)
c:/st/stm32cubeide_1.4.0/stm32cubeide/plugins/com.st.stm32cube.ide.mcu.externaltools.gnu-tools-for-stm32.10.3-2021.10.win32_1.0.0.202111181127/tools/bin/../lib/gcc/arm-none-eabi/10.3.1/../../../../arm-none-eabi/lib/thumb/v7-m/nofp\libc_nano.a(lib_a-nano-vfprintf_i.o)
                              c:/st/stm32cubeide_1.4.0/stm32cubeide/plugins/com.st.stm32cube.ide.mcu.externaltools.gnu-tools-for-stm32.10.3-2021.10.win32_1.0.0.202111181127/tools/bin/../lib/gcc/arm-none-eabi/10.3.1/../../../../arm-none-eabi/lib/thumb/v7-m/nofp\libc_nano.a(lib_a-nano-svfprintf.o) (_printf_i)
c:/st/stm32cubeide_1.4.0/stm32cubeide/plugins/com.st.stm32cube.ide.mcu.externaltools.gnu-tools-for-stm32.10.3-2021.10.win32_1.0.0.202111181127/tools/bin/../lib/gcc/arm-none-eabi/10.3.1/../../../../arm-none-eabi/lib/thumb/v7-m/nofp\libc_nano.a(lib_a-memchr-stub.o)
                              c:/st/stm32cubeide_1.4.0/stm32cubeide/plugins/com.st.stm32cube.ide.mcu.externaltools.gnu-tools-for-stm32.10.3-2021.10.win32_1.0.0.202111181127/tools/bin/../lib/gcc/arm-none-eabi/10.3.1/../../../../arm-none-eabi/lib/thumb/v7-m/nofp\libc_nano.a(lib_a-nano-svfprintf.o) (memchr)
c:/st/stm32cubeide_1.4.0/stm32cubeide/plugins/com.st.stm32cube.ide.mcu.externaltools.gnu-tools-for-stm32.10.3-2021.10.win32_1.0.0.202111181127/tools/bin/../lib/gcc/arm-none-eabi/10.3.1/../../../../arm-none-eabi/lib/thumb/v7-m/nofp\libc_nano.a(lib_a-memcpy-stub.o)
[...]
Memory Configuration

Name             Origin             Length             Attributes
RAM              0x0000000020000000 0x0000000000002800 xrw
FLASH            0x0000000008000000 0x0000000000008000 xr
*default*        0x0000000000000000 0xffffffffffffffff

Linker script and memory map

LOAD c:/st/stm32cubeide_1.4.0/stm32cubeide/plugins/com.st.stm32cube.ide.mcu.externaltools.gnu-tools-for-stm32.10.3-2021.10.win32_1.0.0.202111181127/tools/bin/../lib/gcc/arm-none-eabi/10.3.1/thumb/v7-m/nofp/crti.o
LOAD c:/st/stm32cubeide_1.4.0/stm32cubeide/plugins/com.st.stm32cube.ide.mcu.externaltools.gnu-tools-for-stm32.10.3-2021.10.win32_1.0.0.202111181127/tools/bin/../lib/gcc/arm-none-eabi/10.3.1/thumb/v7-m/nofp/crtbegin.o
LOAD c:/st/stm32cubeide_1.4.0/stm32cubeide/plugins/com.st.stm32cube.ide.mcu.externaltools.gnu-tools-for-stm32.10.3-2021.10.win32_1.0.0.202111181127/tools/bin/../lib/gcc/arm-none-eabi/10.3.1/../../../../arm-none-eabi/lib/thumb/v7-m/nofp/crt0.o
LOAD ./HAL/EEPROM/I2C_Slave_EEPROM.o
LOAD ./HAL/KeyPad/keypad.o
LOAD ./HAL/LCD/lcd.o
LOAD ./HAL/SevenSegment/sevensegment.o
LOAD ./MCAL/Src/Stm32f103c6_EXTI_Driver.o
LOAD ./MCAL/Src/Stm32f103c6_GPIO_Driver.o
LOAD ./MCAL/Src/Stm32f103c6_I2C_Driver.o
LOAD ./MCAL/Src/Stm32f103c6_RCC_Driver.o
LOAD ./MCAL/Src/Stm32f103c6_SPI_Driver.o
LOAD ./MCAL/Src/Stm32f103c6_USART_Driver.o
LOAD ./Src/06_I2C_EEPROM_Test.o
LOAD ./Src/syscalls.o
LOAD ./Src/sysmem.o
LOAD ./Startup/startup_stm32f103c6tx.o
START GROUP
LOAD c:/st/stm32cubeide_1.4.0/stm32cubeide/plugins/com.st.stm32cube.ide.mcu.externaltools.gnu-tools-for-stm32.10.3-2021.10.win32_1.0.0.202111181127/tools/bin/../lib/gcc/arm-none-eabi/10.3.1/../../../../arm-none-eabi/lib/thumb/v7-m/nofp\libc_nano.a
LOAD c:/st/stm32cubeide_1.4.0/stm32cubeide/plugins/com.st.stm32cube.ide.mcu.externaltools.gnu-tools-for-stm32.10.3-2021.10.win32_1.0.0.202111181127/tools/bin/../lib/gcc/arm-none-eabi/10.3.1/../../../../arm-none-eabi/lib/thumb/v7-m/nofp\libm.a
END GROUP
START GROUP
LOAD c:/st/stm32cubeide_1.4.0/stm32cubeide/plugins/com.st.stm32cube.ide.mcu.externaltools.gnu-tools-for-stm32.10.3-2021.10.win32_1.0.0.202111181127/tools/bin/../lib/gcc/arm-none-eabi/10.3.1/thumb/v7-m/nofp\libgcc.a
LOAD c:/st/stm32cubeide_1.4.0/stm32cubeide/plugins/com.st.stm32cube.ide.mcu.externaltools.gnu-tools-for-stm32.10.3-2021.10.win32_1.0.0.202111181127/tools/bin/../lib/gcc/arm-none-eabi/10.3.1/../../../../arm-none-eabi/lib/thumb/v7-m/nofp\libg_nano.a
LOAD c:/st/stm32cubeide_1.4.0/stm32cubeide/plugins/com.st.stm32cube.ide.mcu.externaltools.gnu-tools-for-stm32.10.3-2021.10.win32_1.0.0.202111181127/tools/bin/../lib/gcc/arm-none-eabi/10.3.1/../../../../arm-none-eabi/lib/thumb/v7-m/nofp\libc_nano.a
END GROUP
START GROUP
LOAD c:/st/stm32cubeide_1.4.0/stm32cubeide/plugins/com.st.stm32cube.ide.mcu.externaltools.gnu-tools-for-stm32.10.3-2021.10.win32_1.0.0.202111181127/tools/bin/../lib/gcc/arm-none-eabi/10.3.1/thumb/v7-m/nofp\libgcc.a
LOAD c:/st/stm32cubeide_1.4.0/stm32cubeide/plugins/com.st.stm32cube.ide.mcu.externaltools.gnu-tools-for-stm32.10.3-2021.10.win32_1.0.0.202111181127/tools/bin/../lib/gcc/arm-none-eabi/10.3.1/../../../../arm-none-eabi/lib/thumb/v7-m/nofp\libc_nano.a
LOAD c:/st/stm32cubeide_1.4.0/stm32cubeide/plugins/com.st.stm32cube.ide.mcu.externaltools.gnu-tools-for-stm32.10.3-2021.10.win32_1.0.0.202111181127/tools/bin/../lib/gcc/arm-none-eabi/10.3.1/../../../../arm-none-eabi/lib/thumb/v7-m/nofp\libnosys.a
END GROUP
START GROUP
LOAD c:/st/stm32cubeide_1.4.0/stm32cubeide/plugins/com.st.stm32cube.ide.mcu.externaltools.gnu-tools-for-stm32.10.3-2021.10.win32_1.0.0.202111181127/tools/bin/../lib/gcc/arm-none-eabi/10.3.1/thumb/v7-m/nofp\libgcc.a
LOAD c:/st/stm32cubeide_1.4.0/stm32cubeide/plugins/com.st.stm32cube.ide.mcu.externaltools.gnu-tools-for-stm32.10.3-2021.10.win32_1.0.0.202111181127/tools/bin/../lib/gcc/arm-none-eabi/10.3.1/../../../../arm-none-eabi/lib/thumb/v7-m/nofp\libc_nano.a
LOAD c:/st/stm32cubeide_1.4.0/stm32cubeide/plugins/com.st.stm32cube.ide.mcu.externaltools.gnu-tools-for-stm32.10.3-2021.10.win32_1.0.0.202111181127/tools/bin/../lib/gcc/arm-none-eabi/10.3.1/../../../../arm-none-eabi/lib/thumb/v7-m/nofp\libnosys.a
END GROUP
LOAD c:/st/stm32cubeide_1.4.0/stm32cubeide/plugins/com.st.stm32cube.ide.mcu.externaltools.gnu-tools-for-stm32.10.3-2021.10.win32_1.0.0.202111181127/tools/bin/../lib/gcc/arm-none-eabi/10.3.1/thumb/v7-m/nofp/crtend.o
LOAD c:/st/stm32cubeide_1.4.0/stm32cubeide/plugins/com.st.stm32cube.ide.mcu.externaltools.gnu-tools-for-stm32.10.3-2021.10.win32_1.0.0.202111181127/tools/bin/../lib/gcc/arm-none-eabi/10.3.1/thumb/v7-m/nofp/crtn.o
                0x0000000020002800                _estack = (ORIGIN (RAM) + LENGTH (RAM))
                0x0000000000000200                _Min_Heap_Size = 0x200
                0x0000000000000400                _Min_Stack_Size = 0x400

.isr_vector     0x0000000008000000      0x130
                0x0000000008000000                . = ALIGN (0x4)
 *(.isr_vector)
 .isr_vector    0x0000000008000000      0x130 ./Startup/startup_stm32f103c6tx.o
                0x0000000008000000                g_pfnVectors
                0x0000000008000130                . = ALIGN (0x4)

.text           0x0000000008000130     0x1304
                0x0000000008000130                . = ALIGN (0x4)
 *(.text)
 .text          0x0000000008000130       0x40 c:/st/stm32cubeide_1.4.0/stm32cubeide/plugins/com.st.stm32cube.ide.mcu.externaltools.gnu-tools-for-stm32.10.3-2021.10.win32_1.0.0.202111181127/tools/bin/../lib/gcc/arm-none-eabi/10.3.1/thumb/v7-m/nofp/crtbegin.o
 *(.text*)
 .text.EEPROM_Init
                0x0000000008000170       0x40 ./HAL/EEPROM/I2C_Slave_EEPROM.o
                0x0000000008000170                EEPROM_Init
 .text.EEPROM_Write_nBytes
                0x00000000080001b0       0xdc ./HAL/EEPROM/I2C_Slave_EEPROM.o
                0x00000000080001b0                EEPROM_Write_nBytes
 .text.EEPROM_Read_nBytes
                0x000000000800028c       0x58 ./HAL/EEPROM/I2C_Slave_EEPROM.o
                0x000000000800028c                EEPROM_Read_nBytes
 .text.EXTI0_IRQHandler
                0x00000000080002e4       0x24 ./MCAL/Src/Stm32f103c6_EXTI_Driver.o
                0x00000000080002e4                EXTI0_IRQHandler
 .text.EXTI1_IRQHandler
                0x0000000008000308       0x24 ./MCAL/Src/Stm32f103c6_EXTI_Driver.o
                0x0000000008000308                EXTI1_IRQHandler
 .text.EXTI2_IRQHandler
                0x000000000800032c       0x24 ./MCAL/Src/Stm32f103c6_EXTI_Driver.o
                0x000000000800032c                EXTI2_IRQHandler
 .text.EXTI3_IRQHandler
                0x0000000008000350       0x24 ./MCAL/Src/Stm32f103c6_EXTI_Driver.o
                0x0000000008000350                EXTI3_IRQHandler
 .text.EXTI4_IRQHandler
                0x0000000008000374       0x24 ./MCAL/Src/Stm32f103c6_EXTI_Driver.o
                0x0000000008000374                EXTI4_IRQHandler
 .text.EXTI9_5_IRQHandler
                0x0000000008000398       0xa8 ./MCAL/Src/Stm32f103c6_EXTI_Driver.o
                0x0000000008000398                EXTI9_5_IRQHandler
 .text.EXTI15_10_IRQHandler
                0x0000000008000440       0xc4 ./MCAL/Src/Stm32f103c6_EXTI_Driver.o
                0x0000000008000440                EXTI15_10_IRQHandler
 .text.Get_CRLH_Position
                0x0000000008000504      0x170 ./MCAL/Src/Stm32f103c6_GPIO_Driver.o
                0x0000000008000504                Get_CRLH_Position
 .text.MCAL_GPIO_Init
                0x0000000008000674      0x11c ./MCAL/Src/Stm32f103c6_GPIO_Driver.o
                0x0000000008000674                MCAL_GPIO_Init
 .text.MCAL_I2C_Init
                0x0000000008000790      0x228 ./MCAL/Src/Stm32f103c6_I2C_Driver.o
                0x0000000008000790                MCAL_I2C_Init
 .text.MCAL_I2C_GPIO_SetPins
                0x00000000080009b8       0x7c ./MCAL/Src/Stm32f103c6_I2C_Driver.o
                0x00000000080009b8                MCAL_I2C_GPIO_SetPins
 .text.MCAL_I2C_Master_Transmit
                0x0000000008000a34       0xa0 ./MCAL/Src/Stm32f103c6_I2C_Driver.o
                0x0000000008000a34                MCAL_I2C_Master_Transmit
 .text.MCAL_I2C_Master_Receive
                0x0000000008000ad4      0x138 ./MCAL/Src/Stm32f103c6_I2C_Driver.o
                0x0000000008000ad4                MCAL_I2C_Master_Receive
 .text.I2C_Generate_START
                0x0000000008000c0c       0x4e ./MCAL/Src/Stm32f103c6_I2C_Driver.o
                0x0000000008000c0c                I2C_Generate_START
 .text.I2C_Generate_STOP
                0x0000000008000c5a       0x36 ./MCAL/Src/Stm32f103c6_I2C_Driver.o
                0x0000000008000c5a                I2C_Generate_STOP
 .text.I2C_SendAddress
                0x0000000008000c90       0x6c ./MCAL/Src/Stm32f103c6_I2C_Driver.o
                0x0000000008000c90                I2C_SendAddress
 .text.I2C_AcknowledgeConfig
                0x0000000008000cfc       0x36 ./MCAL/Src/Stm32f103c6_I2C_Driver.o
                0x0000000008000cfc                I2C_AcknowledgeConfig
 .text.I2C_ClearADDRFlag
                0x0000000008000d32       0x1e ./MCAL/Src/Stm32f103c6_I2C_Driver.o
                0x0000000008000d32                I2C_ClearADDRFlag
 .text.I2C_GetFlagStatus
                0x0000000008000d50      0x10c ./MCAL/Src/Stm32f103c6_I2C_Driver.o
                0x0000000008000d50                I2C_GetFlagStatus
 .text.I2C1_EV_IRQHandler
                0x0000000008000e5c       0xe0 ./MCAL/Src/Stm32f103c6_I2C_Driver.o
                0x0000000008000e5c                I2C1_EV_IRQHandler
 .text.I2C1_ER_IRQHandler
                0x0000000008000f3c        0xc ./MCAL/Src/Stm32f103c6_I2C_Driver.o
                0x0000000008000f3c                I2C1_ER_IRQHandler
 .text.I2C2_EV_IRQHandler
                0x0000000008000f48        0xc ./MCAL/Src/Stm32f103c6_I2C_Driver.o
                0x0000000008000f48                I2C2_EV_IRQHandler
 .text.I2C2_ER_IRQHandler
                0x0000000008000f54        0xc ./MCAL/Src/Stm32f103c6_I2C_Driver.o
                0x0000000008000f54                I2C2_ER_IRQHandler
 .text.Slave_States
                0x0000000008000f60       0xe0 ./MCAL/Src/Stm32f103c6_I2C_Driver.o
                0x0000000008000f60                Slave_States
 .text.MCAL_RCC_GetSysClkFreq
                0x0000000008001040       0x44 ./MCAL/Src/Stm32f103c6_RCC_Driver.o
                0x0000000008001040                MCAL_RCC_GetSysClkFreq
 .text.MCAL_RCC_GetHClkFreq
                0x0000000008001084       0x28 ./MCAL/Src/Stm32f103c6_RCC_Driver.o
                0x0000000008001084                MCAL_RCC_GetHClkFreq
 .text.MCAL_RCC_GetPClk1Freq
                0x00000000080010ac       0x28 ./MCAL/Src/Stm32f103c6_RCC_Driver.o
                0x00000000080010ac                MCAL_RCC_GetPClk1Freq
 .text.SPI1_IRQHandler
                0x00000000080010d4       0x58 ./MCAL/Src/Stm32f103c6_SPI_Driver.o
                0x00000000080010d4                SPI1_IRQHandler
 .text.SPI2_IRQHandler
                0x000000000800112c       0x58 ./MCAL/Src/Stm32f103c6_SPI_Driver.o
                0x000000000800112c                SPI2_IRQHandler
 .text.USART1_IRQHandler
                0x0000000008001184       0x70 ./MCAL/Src/Stm32f103c6_USART_Driver.o
                0x0000000008001184                USART1_IRQHandler
 .text.USART2_IRQHandler
                0x00000000080011f4       0x70 ./MCAL/Src/Stm32f103c6_USART_Driver.o
                0x00000000080011f4                USART2_IRQHandler
 .text.USART3_IRQHandler
                0x0000000008001264       0x70 ./MCAL/Src/Stm32f103c6_USART_Driver.o
                0x0000000008001264                USART3_IRQHandler
 .text.main     0x00000000080012d4       0x84 ./Src/06_I2C_EEPROM_Test.o
                0x00000000080012d4                main
 .text.Clock_Init
                0x0000000008001358       0x28 ./Src/06_I2C_EEPROM_Test.o
                0x0000000008001358                Clock_Init
 .text.Reset_Handler
                0x0000000008001380       0x50 ./Startup/startup_stm32f103c6tx.o
                0x0000000008001380                Reset_Handler
 .text.Default_Handler
                0x00000000080013d0        0x2 ./Startup/startup_stm32f103c6tx.o
                0x00000000080013d0                TIM8_TRG_COM_IRQHandler
                0x00000000080013d0                TIM8_CC_IRQHandler
                0x00000000080013d0                DebugMon_Handler
                0x00000000080013d0                TIM1_CC_IRQHandler
                0x00000000080013d0                HardFault_Handler
                0x00000000080013d0                TIM6_IRQHandler
                0x00000000080013d0                SysTick_Handler
                0x00000000080013d0                PVD_IRQHandler
                0x00000000080013d0                SDIO_IRQHandler
                0x00000000080013d0                PendSV_Handler
                0x00000000080013d0                NMI_Handler
                0x00000000080013d0                USB_HP_CAN_TX_IRQHandler
                0x00000000080013d0                UsageFault_Handler
                0x00000000080013d0                ADC1_2_IRQHandler
                0x00000000080013d0                CAN_SCE_IRQHandler
                0x00000000080013d0                TAMPER_IRQHandler
                0x00000000080013d0                TIM8_UP_IRQHandler
                0x00000000080013d0                DMA2_Channel2_IRQHandler
                0x00000000080013d0                DMA1_Channel4_IRQHandler
                0x00000000080013d0                RTC_IRQHandler
                0x00000000080013d0                DMA1_Channel7_IRQHandler
                0x00000000080013d0                UART5_IRQHandler
                0x00000000080013d0                ADC3_IRQHandler
                0x00000000080013d0                TIM4_IRQHandler
                0x00000000080013d0                CAN_RX1_IRQHandler
                0x00000000080013d0                DMA2_Channel1_IRQHandler
                0x00000000080013d0                DMA1_Channel6_IRQHandler
                0x00000000080013d0                UART4_IRQHandler
                0x00000000080013d0                TIM3_IRQHandler
                0x00000000080013d0                RCC_IRQHandler
                0x00000000080013d0                TIM1_TRG_COM_IRQHandler
                0x00000000080013d0                DMA1_Channel1_IRQHandler
                0x00000000080013d0                Default_Handler
                0x00000000080013d0                TIM7_IRQHandler
                0x00000000080013d0                TIM5_IRQHandler
                0x00000000080013d0                USB_LP_CAN_RX0_IRQHandler
                0x00000000080013d0                MemManage_Handler
                0x00000000080013d0                SVC_Handler
                0x00000000080013d0                DMA1_Channel5_IRQHandler
                0x00000000080013d0                DMA1_Channel3_IRQHandler
                0x00000000080013d0                FSMC_IRQHandler
                0x00000000080013d0                TIM1_UP_IRQHandler
                0x00000000080013d0                WWDG_IRQHandler
                0x00000000080013d0                TIM2_IRQHandler
                0x00000000080013d0                TIM1_BRK_IRQHandler
                0x00000000080013d0                RTCAlarm_IRQHandler
                0x00000000080013d0                DMA2_Channel4_5_IRQHandler
                0x00000000080013d0                DMA1_Channel2_IRQHandler
                0x00000000080013d0                TIM8_BRK_IRQHandler
                0x00000000080013d0                FLASH_IRQHandler
                0x00000000080013d0                BusFault_Handler
                0x00000000080013d0                SPI3_IRQHandler
                0x00000000080013d0                DMA2_Channel3_IRQHandler
 *fill*         0x00000000080013d2        0x2 
 .text.__libc_init_array
                0x00000000080013d4       0x48 c:/st/stm32cubeide_1.4.0/stm32cubeide/plugins/com.st.stm32cube.ide.mcu.externaltools.gnu-tools-for-stm32.10.3-2021.10.win32_1.0.0.202111181127/tools/bin/../lib/gcc/arm-none-eabi/10.3.1/../../../../arm-none-eabi/lib/thumb/v7-m/nofp\libc_nano.a(lib_a-init.o)
                0x00000000080013d4                __libc_init_array
 *(.glue_7)
 .glue_7        0x000000000800141c        0x0 linker stubs
 *(.glue_7t)
 .glue_7t       0x000000000800141c        0x0 linker stubs
 *(.eh_frame)
 .eh_frame      0x000000000800141c        0x0 c:/st/stm32cubeide_1.4.0/stm32cubeide/plugins/com.st.stm32cube.ide.mcu.externaltools.gnu-tools-for-stm32.10.3-2021.10.win32_1.0.0.202111181127/tools/bin/../lib/gcc/arm-none-eabi/10.3.1/thumb/v7-m/nofp/crtbegin.o
 *(.init)
 .init          0x000000000800141c        0x4 c:/st/stm32cubeide_1.4.0/stm32cubeide/plugins/com.st.stm32cube.ide.mcu.externaltools.gnu-tools-for-stm32.10.3-2021.10.win32_1.0.0.202111181127/tools/bin/../lib/gcc/arm-none-eabi/10.3.1/thumb/v7-m/nofp/crti.o
                0x000000000800141c                _init
 .init          0x0000000008001420        0x8 c:/st/stm32cubeide_1.4.0/stm32cubeide/plugins/com.st.stm32cube.ide.mcu.externaltools.gnu-tools-for-stm32.10.3-2021.10.win32_1.0.0.202111181127/tools/bin/../lib/gcc/arm-none-eabi/10.3.1/thumb/v7-m/nofp/crtn.o
 *(.fini)
 .fini          0x0000000008001428        0x4 c:/st/stm32cubeide_1.4.0/stm32cubeide/plugins/com.st.stm32cube.ide.mcu.externaltools.gnu-tools-for-stm32.10.3-2021.10.win32_1.0.0.202111181127/tools/bin/../lib/gcc/arm-none-eabi/10.3.1/thumb/v7-m/nofp/crti.o
                0x0000000008001428                _fini
 .fini          0x000000000800142c        0x8 c:/st/stm32cubeide_1.4.0/stm32cubeide/plugins/com.st.stm32cube.ide.mcu.externaltools.gnu-tools-for-stm32.10.3-2021.10.win32_1.0.0.202111181127/tools/bin/../lib/gcc/arm-none-eabi/10.3.1/thumb/v7-m/nofp/crtn.o
                0x0000000008001434                . = ALIGN (0x4)
                0x0000000008001434                _etext = .

.vfp11_veneer   0x0000000008001434        0x0
 .vfp11_veneer  0x0000000008001434        0x0 linker stubs

.v4_bx          0x0000000008001434        0x0
 .v4_bx         0x0000000008001434        0x0 linker stubs

.iplt           0x0000000008001434        0x0
 .iplt          0x0000000008001434        0x0 c:/st/stm32cubeide_1.4.0/stm32cubeide/plugins/com.st.stm32cube.ide.mcu.externaltools.gnu-tools-for-stm32.10.3-2021.10.win32_1.0.0.202111181127/tools/bin/../lib/gcc/arm-none-eabi/10.3.1/thumb/v7-m/nofp/crtbegin.o

.rodata         0x0000000008001434       0x20
                0x0000000008001434                . = ALIGN (0x4)
 *(.rodata)
 .rodata        0x0000000008001434        0x7 ./Src/06_I2C_EEPROM_Test.o
 *(.rodata*)
 *fill*         0x000000000800143b        0x1 
 .rodata.APBPrescTable
                0x000000000800143c        0x8 ./MCAL/Src/Stm32f103c6_RCC_Driver.o
                0x000000000800143c                APBPrescTable
 .rodata.AHBPrescTable
                0x0000000008001444       0x10 ./MCAL/Src/Stm32f103c6_RCC_Driver.o
                0x0000000008001444                AHBPrescTable
                0x0000000008001454                . = ALIGN (0x4)

.rel.dyn        0x0000000008001454        0x0
 .rel.iplt      0x0000000008001454        0x0 c:/st/stm32cubeide_1.4.0/stm32cubeide/plugins/com.st.stm32cube.ide.mcu.externaltools.gnu-tools-for-stm32.10.3-2021.10.win32_1.0.0.202111181127/tools/bin/../lib/gcc/arm-none-eabi/10.3.1/thumb/v7-m/nofp/crtbegin.o

.ARM.extab      0x0000000008001454        0x0
                0x0000000008001454                . = ALIGN (0x4)
 *(.ARM.extab* .gnu.linkonce.armextab.*)
                0x0000000008001454                . = ALIGN (0x4)

.ARM            0x0000000008001454        0x0
                0x0000000008001454                . = ALIGN (0x4)
                0x0000000008001454                __exidx_start = .
 *(.ARM.exidx*)
                0x0000000008001454                __exidx_end = .
                0x0000000008001454                . = ALIGN (0x4)

.preinit_array  0x0000000008001454        0x0
                0x0000000008001454                . = ALIGN (0x4)
                0x0000000008001454                PROVIDE (__preinit_array_start = .)
 *(.preinit_array*)
                0x0000000008001454                PROVIDE (__preinit_array_end = .)
                0x0000000008001454                . = ALIGN (0x4)

.init_array     0x0000000008001454        0x4
                0x0000000008001454                . = ALIGN (0x4)
                0x0000000008001454                PROVIDE (__init_array_start = .)
 *(SORT_BY_NAME(.init_array.*))
 *(.init_array*)
 .init_array    0x0000000008001454        0x4 c:/st/stm32cubeide_1.4.0/stm32cubeide/plugins/com.st.stm32cube.ide.mcu.externaltools.gnu-tools-for-stm32.10.3-2021.10.win32_1.0.0.202111181127/tools/bin/../lib/gcc/arm-none-eabi/10.3.1/thumb/v7-m/nofp/crtbegin.o
                0x0000000008001458                PROVIDE (__init_array_end = .)
                0x0000000008001458                . = ALIGN (0x4)

.fini_array     0x0000000008001458        0x4
                0x0000000008001458                . = ALIGN (0x4)
                [!provide]                        PROVIDE (__fini_array_start = .)
 *(SORT_BY_NAME(.fini_array.*))
 *(.fini_array*)
 .fini_array    0x0000000008001458        0x4 c:/st/stm32cubeide_1.4.0/stm32cubeide/plugins/com.st.stm32cube.ide.mcu.externaltools.gnu-tools-for-stm32.10.3-2021.10.win32_1.0.0.202111181127/tools/bin/../lib/gcc/arm-none-eabi/10.3.1/thumb/v7-m/nofp/crtbegin.o
                [!provide]                        PROVIDE (__fini_array_end = .)
                0x000000000800145c                . = ALIGN (0x4)
                0x000000000800145c                _sidata = LOADADDR (.data)

.data           0x0000000020000000        0x0 load address 0x000000000800145c
                0x0000000020000000                . = ALIGN (0x4)
                0x0000000020000000                _sdata = .
 *(.data)
 *(.data*)
 *(.RamFunc)
 *(.RamFunc*)
                0x0000000020000000                . = ALIGN (0x4)
                0x0000000020000000                _edata = .

.igot.plt       0x0000000020000000        0x0 load address 0x000000000800145c
 .igot.plt      0x0000000020000000        0x0 c:/st/stm32cubeide_1.4.0/stm32cubeide/plugins/com.st.stm32cube.ide.mcu.externaltools.gnu-tools-for-stm32.10.3-2021.10.win32_1.0.0.202111181127/tools/bin/../lib/gcc/arm-none-eabi/10.3.1/thumb/v7-m/nofp/crtbegin.o
                0x0000000020000000                . = ALIGN (0x4)

.bss            0x0000000020000000       0xb8 load address 0x000000000800145c
                0x0000000020000000                _sbss = .
                0x0000000020000000                __bss_start__ = _sbss
 *(.bss)
 .bss           0x0000000020000000       0x1c c:/st/stm32cubeide_1.4.0/stm32cubeide/plugins/com.st.stm32cube.ide.mcu.externaltools.gnu-tools-for-stm32.10.3-2021.10.win32_1.0.0.202111181127/tools/bin/../lib/gcc/arm-none-eabi/10.3.1/thumb/v7-m/nofp/crtbegin.o
 *(.bss*)
 .bss.P_IRQ_Callback_g
                0x000000002000001c       0x40 ./MCAL/Src/Stm32f103c6_EXTI_Driver.o
                0x000000002000001c                P_IRQ_Callback_g
 .bss.Global_I2C_Config
                0x000000002000005c       0x48 ./MCAL/Src/Stm32f103c6_I2C_Driver.o
                0x000000002000005c                Global_I2C_Config
 .bss.P_SPI_IRQ_Callback_g
                0x00000000200000a4        0x8 ./MCAL/Src/Stm32f103c6_SPI_Driver.o
                0x00000000200000a4                P_SPI_IRQ_Callback_g
 .bss.P_UART_IRQ_Callback_g
                0x00000000200000ac        0xc ./MCAL/Src/Stm32f103c6_USART_Driver.o
                0x00000000200000ac                P_UART_IRQ_Callback_g
 *(COMMON)
                0x00000000200000b8                . = ALIGN (0x4)
                0x00000000200000b8                _ebss = .
                0x00000000200000b8                __bss_end__ = _ebss

._user_heap_stack
                0x00000000200000b8      0x600 load address 0x000000000800145c
                0x00000000200000b8                . = ALIGN (0x8)
                [!provide]                        PROVIDE (end = .)
                0x00000000200000b8                PROVIDE (_end = .)
                0x00000000200002b8                . = (. + _Min_Heap_Size)
 *fill*         0x00000000200000b8      0x200 
                0x00000000200006b8                . = (. + _Min_Stack_Size)
 *fill*         0x00000000200002b8      0x400 
                0x00000000200006b8                . = ALIGN (0x8)

/DISCARD/
 libc.a(*)
 libm.a(*)
 libgcc.a(*)

.ARM.attributes
                0x0000000000000000       0x29
 *(.ARM.attributes)
 .ARM.attributes
                0x0000000000000000       0x1d c:/st/stm32cubeide_1.4.0/stm32cubeide/plugins/com.st.stm32cube.ide.mcu.externaltools.gnu-tools-for-stm32.10.3-2021.10.win32_1.0.0.202111181127/tools/bin/../lib/gcc/arm-none-eabi/10.3.1/thumb/v7-m/nofp/crti.o
 .ARM.attributes
                0x000000000000001d       0x2d c:/st/stm32cubeide_1.4.0/stm32cubeide/plugins/com.st.stm32cube.ide.mcu.externaltools.gnu-tools-for-stm32.10.3-2021.10.win32_1.0.0.202111181127/tools/bin/../lib/gcc/arm-none-eabi/10.3.1/thumb/v7-m/nofp/crtbegin.o
 .ARM.attributes
                0x000000000000004a       0x2d ./HAL/EEPROM/I2C_Slave_EEPROM.o
 .ARM.attributes
                0x0000000000000077       0x2d ./MCAL/Src/Stm32f103c6_EXTI_Driver.o
 .ARM.attributes
                0x00000000000000a4       0x2d ./MCAL/Src/Stm32f103c6_GPIO_Driver.o
 .ARM.attributes
                0x00000000000000d1       0x2d ./MCAL/Src/Stm32f103c6_I2C_Driver.o
 .ARM.attributes
                0x00000000000000fe       0x2d ./MCAL/Src/Stm32f103c6_RCC_Driver.o
 .ARM.attributes
                0x000000000000012b       0x2d ./MCAL/Src/Stm32f103c6_SPI_Driver.o
 .ARM.attributes
                0x0000000000000158       0x2d ./MCAL/Src/Stm32f103c6_USART_Driver.o
 .ARM.attributes
                0x0000000000000185       0x2d ./Src/06_I2C_EEPROM_Test.o
 .ARM.attributes
                0x00000000000001b2       0x21 ./Startup/startup_stm32f103c6tx.o
 .ARM.attributes
                0x00000000000001d3       0x2d c:/st/stm32cubeide_1.4.0/stm32cubeide/plugins/com.st.stm32cube.ide.mcu.externaltools.gnu-tools-for-stm32.10.3-2021.10.win32_1.0.0.202111181127/tools/bin/../lib/gcc/arm-none-eabi/10.3.1/../../../../arm-none-eabi/lib/thumb/v7-m/nofp\libc_nano.a(lib_a-init.o)
 .ARM.attributes
                0x0000000000000200       0x1d c:/st/stm32cubeide_1.4.0/stm32cubeide/plugins/com.st.stm32cube.ide.mcu.externaltools.gnu-tools-for-stm32.10.3-2021.10.win32_1.0.0.202111181127/tools/bin/../lib/gcc/arm-none-eabi/10.3.1/thumb/v7-m/nofp/crtn.o
OUTPUT(STM32F103C6.axf elf32-littlearm)
LOAD linker stubs
LOAD c:/st/stm32cubeide_1.4.0/stm32cubeide/plugins/com.st.stm32cube.ide.mcu.externaltools.gnu-tools-for-stm32.10.3-2021.10.win32_1.0.0.202111181127/tools/bin/../lib/gcc/arm-none-eabi/10.3.1/../../../../arm-none-eabi/lib/thumb/v7-m/nofp\libc.a
LOAD c:/st/stm32cubeide_1.4.0/stm32cubeide/plugins/com.st.stm32cube.ide.mcu.externaltools.gnu-tools-for-stm32.10.3-2021.10.win32_1.0.0.202111181127/tools/bin/../lib/gcc/arm-none-eabi/10.3.1/../../../../arm-none-eabi/lib/thumb/v7-m/nofp\libm.a
LOAD c:/st/stm32cubeide_1.4.0/stm32cubeide/plugins/com.st.stm32cube.ide.mcu.externaltools.gnu-tools-for-stm32.10.3-2021.10.win32_1.0.0.202111181127/tools/bin/../lib/gcc/arm-none-eabi/10.3.1/thumb/v7-m/nofp\libgcc.a

.debug_info     0x0000000000000000     0x2b7f
 .debug_info    0x0000000000000000      0x47a ./HAL/EEPROM/I2C_Slave_EEPROM.o
 .debug_info    0x000000000000047a      0x52e ./MCAL/Src/Stm32f103c6_EXTI_Driver.o
 .debug_info    0x00000000000009a8      0x4bd ./MCAL/Src/Stm32f103c6_GPIO_Driver.o
 .debug_info    0x0000000000000e65      0xaaa ./MCAL/Src/Stm32f103c6_I2C_Driver.o
 .debug_info    0x000000000000190f      0x241 ./MCAL/Src/Stm32f103c6_RCC_Driver.o
 .debug_info    0x0000000000001b50      0x6c6 ./MCAL/Src/Stm32f103c6_SPI_Driver.o
 .debug_info    0x0000000000002216      0x6f8 ./MCAL/Src/Stm32f103c6_USART_Driver.o
 .debug_info    0x000000000000290e      0x24f ./Src/06_I2C_EEPROM_Test.o
 .debug_info    0x0000000000002b5d       0x22 ./Startup/startup_stm32f103c6tx.o

.debug_abbrev   0x0000000000000000      0xc79
 .debug_abbrev  0x0000000000000000      0x14e ./HAL/EEPROM/I2C_Slave_EEPROM.o
 .debug_abbrev  0x000000000000014e      0x198 ./MCAL/Src/Stm32f103c6_EXTI_Driver.o
 .debug_abbrev  0x00000000000002e6      0x16f ./MCAL/Src/Stm32f103c6_GPIO_Driver.o
 .debug_abbrev  0x0000000000000455      0x223 ./MCAL/Src/Stm32f103c6_I2C_Driver.o
 .debug_abbrev  0x0000000000000678       0xda ./MCAL/Src/Stm32f103c6_RCC_Driver.o
 .debug_abbrev  0x0000000000000752      0x1f4 ./MCAL/Src/Stm32f103c6_SPI_Driver.o
 .debug_abbrev  0x0000000000000946      0x21a ./MCAL/Src/Stm32f103c6_USART_Driver.o
 .debug_abbrev  0x0000000000000b60      0x107 ./Src/06_I2C_EEPROM_Test.o
 .debug_abbrev  0x0000000000000c67       0x12 ./Startup/startup_stm32f103c6tx.o

.debug_loc      0x0000000000000000     0x141e
 .debug_loc     0x0000000000000000       0xf2 ./HAL/EEPROM/I2C_Slave_EEPROM.o
 .debug_loc     0x00000000000000f2      0x320 ./MCAL/Src/Stm32f103c6_EXTI_Driver.o
 .debug_loc     0x0000000000000412      0x330 ./MCAL/Src/Stm32f103c6_GPIO_Driver.o
 .debug_loc     0x0000000000000742      0x5dc ./MCAL/Src/Stm32f103c6_I2C_Driver.o
 .debug_loc     0x0000000000000d1e       0xc8 ./MCAL/Src/Stm32f103c6_RCC_Driver.o
 .debug_loc     0x0000000000000de6      0x2bc ./MCAL/Src/Stm32f103c6_SPI_Driver.o
 .debug_loc     0x00000000000010a2      0x300 ./MCAL/Src/Stm32f103c6_USART_Driver.o
 .debug_loc     0x00000000000013a2       0x7c ./Src/06_I2C_EEPROM_Test.o

.debug_aranges  0x0000000000000000      0x2f8
 .debug_aranges
                0x0000000000000000       0x30 ./HAL/EEPROM/I2C_Slave_EEPROM.o
 .debug_aranges
                0x0000000000000030       0x80 ./MCAL/Src/Stm32f103c6_EXTI_Driver.o
 .debug_aranges
                0x00000000000000b0       0x60 ./MCAL/Src/Stm32f103c6_GPIO_Driver.o
 .debug_aranges
                0x0000000000000110       0xa8 ./MCAL/Src/Stm32f103c6_I2C_Driver.o
 .debug_aranges
                0x00000000000001b8       0x38 ./MCAL/Src/Stm32f103c6_RCC_Driver.o
 .debug_aranges
                0x00000000000001f0       0x58 ./MCAL/Src/Stm32f103c6_SPI_Driver.o
 .debug_aranges
                0x0000000000000248       0x60 ./MCAL/Src/Stm32f103c6_USART_Driver.o
 .debug_aranges
                0x00000000000002a8       0x28 ./Src/06_I2C_EEPROM_Test.o
 .debug_aranges
                0x00000000000002d0       0x28 ./Startup/startup_stm32f103c6tx.o

.debug_ranges   0x0000000000000000      0x270
 .debug_ranges  0x0000000000000000       0x20 ./HAL/EEPROM/I2C_Slave_EEPROM.o
 .debug_ranges  0x0000000000000020       0x70 ./MCAL/Src/Stm32f103c6_EXTI_Driver.o
 .debug_ranges  0x0000000000000090       0x50 ./MCAL/Src/Stm32f103c6_GPIO_Driver.o
 .debug_ranges  0x00000000000000e0       0x98 ./MCAL/Src/Stm32f103c6_I2C_Driver.o
 .debug_ranges  0x0000000000000178       0x28 ./MCAL/Src/Stm32f103c6_RCC_Driver.o
 .debug_ranges  0x00000000000001a0       0x48 ./MCAL/Src/Stm32f103c6_SPI_Driver.o
 .debug_ranges  0x00000000000001e8       0x50 ./MCAL/Src/Stm32f103c6_USART_Driver.o
 .debug_ranges  0x0000000000000238       0x18 ./Src/06_I2C_EEPROM_Test.o
 .debug_ranges  0x0000000000000250       0x20 ./Startup/startup_stm32f103c6tx.o

.debug_macro    0x0000000000000000     0x308f
 .debug_macro   0x0000000000000000      0x16d ./HAL/EEPROM/I2C_Slave_EEPROM.o
 .debug_macro   0x000000000000016d      0xa72 ./HAL/EEPROM/I2C_Slave_EEPROM.o
 .debug_macro   0x0000000000000bdf       0x18 ./HAL/EEPROM/I2C_Slave_EEPROM.o
 .debug_macro   0x0000000000000bf7       0x22 ./HAL/EEPROM/I2C_Slave_EEPROM.o
 .debug_macro   0x0000000000000c19       0x4c ./HAL/EEPROM/I2C_Slave_EEPROM.o
 .debug_macro   0x0000000000000c65       0x94 ./HAL/EEPROM/I2C_Slave_EEPROM.o
 .debug_macro   0x0000000000000cf9       0x3c ./HAL/EEPROM/I2C_Slave_EEPROM.o
 .debug_macro   0x0000000000000d35       0x34 ./HAL/EEPROM/I2C_Slave_EEPROM.o
 .debug_macro   0x0000000000000d69       0x16 ./HAL/EEPROM/I2C_Slave_EEPROM.o
 .debug_macro   0x0000000000000d7f      0x10e ./HAL/EEPROM/I2C_Slave_EEPROM.o
 .debug_macro   0x0000000000000e8d       0x8d ./HAL/EEPROM/I2C_Slave_EEPROM.o
 .debug_macro   0x0000000000000f1a       0x16 ./HAL/EEPROM/I2C_Slave_EEPROM.o
 .debug_macro   0x0000000000000f30       0x43 ./HAL/EEPROM/I2C_Slave_EEPROM.o
 .debug_macro   0x0000000000000f73       0x57 ./HAL/EEPROM/I2C_Slave_EEPROM.o
 .debug_macro   0x0000000000000fca       0x34 ./HAL/EEPROM/I2C_Slave_EEPROM.o
 .debug_macro   0x0000000000000ffe       0x10 ./HAL/EEPROM/I2C_Slave_EEPROM.o
 .debug_macro   0x000000000000100e       0x58 ./HAL/EEPROM/I2C_Slave_EEPROM.o
 .debug_macro   0x0000000000001066       0x71 ./HAL/EEPROM/I2C_Slave_EEPROM.o
 .debug_macro   0x00000000000010d7       0x1c ./HAL/EEPROM/I2C_Slave_EEPROM.o
 .debug_macro   0x00000000000010f3      0x12a ./HAL/EEPROM/I2C_Slave_EEPROM.o
 .debug_macro   0x000000000000121d      0x341 ./HAL/EEPROM/I2C_Slave_EEPROM.o
 .debug_macro   0x000000000000155e       0x16 ./HAL/EEPROM/I2C_Slave_EEPROM.o
 .debug_macro   0x0000000000001574       0x29 ./HAL/EEPROM/I2C_Slave_EEPROM.o
 .debug_macro   0x000000000000159d      0x103 ./HAL/EEPROM/I2C_Slave_EEPROM.o
 .debug_macro   0x00000000000016a0       0x6a ./HAL/EEPROM/I2C_Slave_EEPROM.o
 .debug_macro   0x000000000000170a      0x1df ./HAL/EEPROM/I2C_Slave_EEPROM.o
 .debug_macro   0x00000000000018e9      0x6d4 ./HAL/EEPROM/I2C_Slave_EEPROM.o
 .debug_macro   0x0000000000001fbd       0xd6 ./HAL/EEPROM/I2C_Slave_EEPROM.o
 .debug_macro   0x0000000000002093       0x16 ./HAL/EEPROM/I2C_Slave_EEPROM.o
 .debug_macro   0x00000000000020a9       0x5e ./HAL/EEPROM/I2C_Slave_EEPROM.o
 .debug_macro   0x0000000000002107       0x10 ./HAL/EEPROM/I2C_Slave_EEPROM.o
 .debug_macro   0x0000000000002117      0x15b ./MCAL/Src/Stm32f103c6_EXTI_Driver.o
 .debug_macro   0x0000000000002272      0x224 ./MCAL/Src/Stm32f103c6_EXTI_Driver.o
 .debug_macro   0x0000000000002496      0x14c ./MCAL/Src/Stm32f103c6_GPIO_Driver.o
 .debug_macro   0x00000000000025e2      0x16a ./MCAL/Src/Stm32f103c6_I2C_Driver.o
 .debug_macro   0x000000000000274c      0x155 ./MCAL/Src/Stm32f103c6_RCC_Driver.o
 .debug_macro   0x00000000000028a1       0x10 ./MCAL/Src/Stm32f103c6_RCC_Driver.o
 .debug_macro   0x00000000000028b1      0x17c ./MCAL/Src/Stm32f103c6_SPI_Driver.o
 .debug_macro   0x0000000000002a2d       0xc3 ./MCAL/Src/Stm32f103c6_SPI_Driver.o
 .debug_macro   0x0000000000002af0      0x188 ./MCAL/Src/Stm32f103c6_USART_Driver.o
 .debug_macro   0x0000000000002c78       0xe8 ./MCAL/Src/Stm32f103c6_USART_Driver.o
 .debug_macro   0x0000000000002d60      0x184 ./Src/06_I2C_EEPROM_Test.o
 .debug_macro   0x0000000000002ee4       0x8e ./Src/06_I2C_EEPROM_Test.o
 .debug_macro   0x0000000000002f72       0x51 ./Src/06_I2C_EEPROM_Test.o
 .debug_macro   0x0000000000002fc3       0x52 ./Src/06_I2C_EEPROM_Test.o
 .debug_macro   0x0000000000003015       0x64 ./Src/06_I2C_EEPROM_Test.o
 .debug_macro   0x0000000000003079       0x16 ./Src/06_I2C_EEPROM_Test.o

.debug_line     0x0000000000000000     0x40fa
 .debug_line    0x0000000000000000      0x65c ./HAL/EEPROM/I2C_Slave_EEPROM.o
 .debug_line    0x000000000000065c      0x9a8 ./MCAL/Src/Stm32f103c6_EXTI_Driver.o
 .debug_line    0x0000000000001004      0x7b2 ./MCAL/Src/Stm32f103c6_GPIO_Driver.o
 .debug_line    0x00000000000017b6      0xb03 ./MCAL/Src/Stm32f103c6_I2C_Driver.o
 .debug_line    0x00000000000022b9      0x618 ./MCAL/Src/Stm32f103c6_RCC_Driver.o
 .debug_line    0x00000000000028d1      0x8b8 ./MCAL/Src/Stm32f103c6_SPI_Driver.o
 .debug_line    0x0000000000003189      0x883 ./MCAL/Src/Stm32f103c6_USART_Driver.o
 .debug_line    0x0000000000003a0c      0x66a ./Src/06_I2C_EEPROM_Test.o
 .debug_line    0x0000000000004076       0x84 ./Startup/startup_stm32f103c6tx.o

.debug_str      0x0000000000000000     0xc5d4
 .debug_str     0x0000000000000000     0x9a89 ./HAL/EEPROM/I2C_Slave_EEPROM.o
                                       0x9caf (size before relaxing)
 .debug_str     0x0000000000009a89     0x15f8 ./MCAL/Src/Stm32f103c6_EXTI_Driver.o
                                       0xada5 (size before relaxing)
 .debug_str     0x000000000000b081      0x146 ./MCAL/Src/Stm32f103c6_GPIO_Driver.o
                                       0x9964 (size before relaxing)
 .debug_str     0x000000000000b1c7      0x2d5 ./MCAL/Src/Stm32f103c6_I2C_Driver.o
                                       0x9f94 (size before relaxing)
 .debug_str     0x000000000000b49c       0x83 ./MCAL/Src/Stm32f103c6_RCC_Driver.o
                                       0x98dd (size before relaxing)
 .debug_str     0x000000000000b51f      0x79d ./MCAL/Src/Stm32f103c6_SPI_Driver.o
                                       0xa066 (size before relaxing)
 .debug_str     0x000000000000bcbc      0x8bb ./MCAL/Src/Stm32f103c6_USART_Driver.o
                                       0xa1f1 (size before relaxing)
 .debug_str     0x000000000000c577       0x2c ./Src/06_I2C_EEPROM_Test.o
                                       0x9fcd (size before relaxing)
 .debug_str     0x000000000000c5a3       0x31 ./Startup/startup_stm32f103c6tx.o
                                         0x90 (size before relaxing)

.comment        0x0000000000000000       0x50
 .comment       0x0000000000000000       0x50 ./HAL/EEPROM/I2C_Slave_EEPROM.o
                                         0x51 (size before relaxing)
 .comment       0x0000000000000050       0x51 ./MCAL/Src/Stm32f103c6_EXTI_Driver.o
 .comment       0x0000000000000050       0x51 ./MCAL/Src/Stm32f103c6_GPIO_Driver.o
 .comment       0x0000000000000050       0x51 ./MCAL/Src/Stm32f103c6_I2C_Driver.o
 .comment       0x0000000000000050       0x51 ./MCAL/Src/Stm32f103c6_RCC_Driver.o
 .comment       0x0000000000000050       0x51 ./MCAL/Src/Stm32f103c6_SPI_Driver.o
 .comment       0x0000000000000050       0x51 ./MCAL/Src/Stm32f103c6_USART_Driver.o
 .comment       0x0000000000000050       0x51 ./Src/06_I2C_EEPROM_Test.o

.debug_frame    0x0000000000000000      0xa0c
 .debug_frame   0x0000000000000000       0x80 ./HAL/EEPROM/I2C_Slave_EEPROM.o
 .debug_frame   0x0000000000000080      0x1b0 ./MCAL/Src/Stm32f103c6_EXTI_Driver.o
 .debug_frame   0x0000000000000230      0x178 ./MCAL/Src/Stm32f103c6_GPIO_Driver.o
 .debug_frame   0x00000000000003a8      0x2b0 ./MCAL/Src/Stm32f103c6_I2C_Driver.o
 .debug_frame   0x0000000000000658       0x84 ./MCAL/Src/Stm32f103c6_RCC_Driver.o
 .debug_frame   0x00000000000006dc      0x14c ./MCAL/Src/Stm32f103c6_SPI_Driver.o
 .debug_frame   0x0000000000000828      0x168 ./MCAL/Src/Stm32f103c6_USART_Driver.o
 .debug_frame   0x0000000000000990       0x50 ./Src/06_I2C_EEPROM_Test.o
 .debug_frame   0x00000000000009e0       0x2c c:/st/stm32cubeide_1.4.0/stm32cubeide/plugins/com.st.stm32cube.ide.mcu.externaltools.gnu-tools-for-stm32.10.3-2021.10.win32_1.0.0.202111181127/tools/bin/../lib/gcc/arm-none-eabi/10.3.1/../../../../arm-none-eabi/lib/thumb/v7-m/nofp\libc_nano.a(lib_a-init.o)
