../MCAL/Src/Stm32f103c6_USART_Driver.c:48:6:MCAL_UART_Init	24	static
../MCAL/Src/Stm32f103c6_USART_Driver.c:133:6:MCAL_UART_DeInit	16	static
../MCAL/Src/Stm32f103c6_USART_Driver.c:161:6:MCAL_UART_GPIO_SetPins	24	static
../MCAL/Src/Stm32f103c6_USART_Driver.c:284:6:MCAL_UART_SendData	24	static
../MCAL/Src/Stm32f103c6_USART_Driver.c:315:6:MCAL_UART_ReceiveData	24	static
../MCAL/Src/Stm32f103c6_USART_Driver.c:360:6:MCAL_UART_WAIT_TC	16	static
../MCAL/Src/Stm32f103c6_USART_Driver.c:375:6:USART1_IRQHandler	8	static
../MCAL/Src/Stm32f103c6_USART_Driver.c:380:6:USART2_IRQHandler	8	static
../MCAL/Src/Stm32f103c6_USART_Driver.c:385:6:USART3_IRQHandler	8	static
