09:43:53 **** Build of configuration Debug for project ARM_CortexM3_M4 ****
make -j16 all 
arm-none-eabi-gcc -gdwarf-2 -mcpu=cortex-m3 -g3 -DDEBUG -c -x assembler-with-cpp -MMD -MP -MF"Startup/startup_stm32f103c6tx.d" -MT"Startup/startup_stm32f103c6tx.o" --specs=nano.specs -mfloat-abi=soft -mthumb -o "Startup/startup_stm32f103c6tx.o" "../Startup/startup_stm32f103c6tx.s"
arm-none-eabi-gcc -gdwarf-2 "../Src/Session02_CPUModes.c" -mcpu=cortex-m3 -std=gnu11 -g3 -DDEBUG -DSTM32 -DSTM32F1 -DSTM32F103C6Tx -c -I"C:/Users/Abdel/OneDrive/Documents/EmbeddedSystemsInDepth/STM32CUBE_IDE_Diploma_Workspace/Unit14_ARM_CORTEX(M3-M4)/ARM/ARM_CortexM3_M4/MCAL/Inc" -I"C:/Users/Abdel/OneDrive/Documents/EmbeddedSystemsInDepth/STM32CUBE_IDE_Diploma_Workspace/Unit14_ARM_CORTEX(M3-M4)/ARM/ARM_CortexM3_M4/HAL/SevenSegment" -I"C:/Users/Abdel/OneDrive/Documents/EmbeddedSystemsInDepth/STM32CUBE_IDE_Diploma_Workspace/Unit14_ARM_CORTEX(M3-M4)/ARM/ARM_CortexM3_M4/HAL/KeyPad" -I"C:/Users/Abdel/OneDrive/Documents/EmbeddedSystemsInDepth/STM32CUBE_IDE_Diploma_Workspace/Unit14_ARM_CORTEX(M3-M4)/ARM/ARM_CortexM3_M4/HAL/LCD" -I../Inc -I"C:/Users/Abdel/OneDrive/Documents/EmbeddedSystemsInDepth/STM32CUBE_IDE_Diploma_Workspace/Unit14_ARM_CORTEX(M3-M4)/ARM/ARM_CortexM3_M4/HAL/EEPROM" -O0 -ffunction-sections -fdata-sections -Wall -fstack-usage -MMD -MP -MF"Src/Session02_CPUModes.d" -MT"Src/Session02_CPUModes.o" --specs=nano.specs -mfloat-abi=soft -mthumb -o "Src/Session02_CPUModes.o"
arm-none-eabi-gcc -gdwarf-2 "../Src/syscalls.c" -mcpu=cortex-m3 -std=gnu11 -g3 -DDEBUG -DSTM32 -DSTM32F1 -DSTM32F103C6Tx -c -I"C:/Users/Abdel/OneDrive/Documents/EmbeddedSystemsInDepth/STM32CUBE_IDE_Diploma_Workspace/Unit14_ARM_CORTEX(M3-M4)/ARM/ARM_CortexM3_M4/MCAL/Inc" -I"C:/Users/Abdel/OneDrive/Documents/EmbeddedSystemsInDepth/STM32CUBE_IDE_Diploma_Workspace/Unit14_ARM_CORTEX(M3-M4)/ARM/ARM_CortexM3_M4/HAL/SevenSegment" -I"C:/Users/Abdel/OneDrive/Documents/EmbeddedSystemsInDepth/STM32CUBE_IDE_Diploma_Workspace/Unit14_ARM_CORTEX(M3-M4)/ARM/ARM_CortexM3_M4/HAL/KeyPad" -I"C:/Users/Abdel/OneDrive/Documents/EmbeddedSystemsInDepth/STM32CUBE_IDE_Diploma_Workspace/Unit14_ARM_CORTEX(M3-M4)/ARM/ARM_CortexM3_M4/HAL/LCD" -I../Inc -I"C:/Users/Abdel/OneDrive/Documents/EmbeddedSystemsInDepth/STM32CUBE_IDE_Diploma_Workspace/Unit14_ARM_CORTEX(M3-M4)/ARM/ARM_CortexM3_M4/HAL/EEPROM" -O0 -ffunction-sections -fdata-sections -Wall -fstack-usage -MMD -MP -MF"Src/syscalls.d" -MT"Src/syscalls.o" --specs=nano.specs -mfloat-abi=soft -mthumb -o "Src/syscalls.o"
arm-none-eabi-gcc -gdwarf-2 "../Src/sysmem.c" -mcpu=cortex-m3 -std=gnu11 -g3 -DDEBUG -DSTM32 -DSTM32F1 -DSTM32F103C6Tx -c -I"C:/Users/Abdel/OneDrive/Documents/EmbeddedSystemsInDepth/STM32CUBE_IDE_Diploma_Workspace/Unit14_ARM_CORTEX(M3-M4)/ARM/ARM_CortexM3_M4/MCAL/Inc" -I"C:/Users/Abdel/OneDrive/Documents/EmbeddedSystemsInDepth/STM32CUBE_IDE_Diploma_Workspace/Unit14_ARM_CORTEX(M3-M4)/ARM/ARM_CortexM3_M4/HAL/SevenSegment" -I"C:/Users/Abdel/OneDrive/Documents/EmbeddedSystemsInDepth/STM32CUBE_IDE_Diploma_Workspace/Unit14_ARM_CORTEX(M3-M4)/ARM/ARM_CortexM3_M4/HAL/KeyPad" -I"C:/Users/Abdel/OneDrive/Documents/EmbeddedSystemsInDepth/STM32CUBE_IDE_Diploma_Workspace/Unit14_ARM_CORTEX(M3-M4)/ARM/ARM_CortexM3_M4/HAL/LCD" -I../Inc -I"C:/Users/Abdel/OneDrive/Documents/EmbeddedSystemsInDepth/STM32CUBE_IDE_Diploma_Workspace/Unit14_ARM_CORTEX(M3-M4)/ARM/ARM_CortexM3_M4/HAL/EEPROM" -O0 -ffunction-sections -fdata-sections -Wall -fstack-usage -MMD -MP -MF"Src/sysmem.d" -MT"Src/sysmem.o" --specs=nano.specs -mfloat-abi=soft -mthumb -o "Src/sysmem.o"
arm-none-eabi-gcc -gdwarf-2 "../MCAL/Src/Stm32f103c6_EXTI_Driver.c" -mcpu=cortex-m3 -std=gnu11 -g3 -DDEBUG -DSTM32 -DSTM32F1 -DSTM32F103C6Tx -c -I"C:/Users/Abdel/OneDrive/Documents/EmbeddedSystemsInDepth/STM32CUBE_IDE_Diploma_Workspace/Unit14_ARM_CORTEX(M3-M4)/ARM/ARM_CortexM3_M4/MCAL/Inc" -I"C:/Users/Abdel/OneDrive/Documents/EmbeddedSystemsInDepth/STM32CUBE_IDE_Diploma_Workspace/Unit14_ARM_CORTEX(M3-M4)/ARM/ARM_CortexM3_M4/HAL/SevenSegment" -I"C:/Users/Abdel/OneDrive/Documents/EmbeddedSystemsInDepth/STM32CUBE_IDE_Diploma_Workspace/Unit14_ARM_CORTEX(M3-M4)/ARM/ARM_CortexM3_M4/HAL/KeyPad" -I"C:/Users/Abdel/OneDrive/Documents/EmbeddedSystemsInDepth/STM32CUBE_IDE_Diploma_Workspace/Unit14_ARM_CORTEX(M3-M4)/ARM/ARM_CortexM3_M4/HAL/LCD" -I../Inc -I"C:/Users/Abdel/OneDrive/Documents/EmbeddedSystemsInDepth/STM32CUBE_IDE_Diploma_Workspace/Unit14_ARM_CORTEX(M3-M4)/ARM/ARM_CortexM3_M4/HAL/EEPROM" -O0 -ffunction-sections -fdata-sections -Wall -fstack-usage -MMD -MP -MF"MCAL/Src/Stm32f103c6_EXTI_Driver.d" -MT"MCAL/Src/Stm32f103c6_EXTI_Driver.o" --specs=nano.specs -mfloat-abi=soft -mthumb -o "MCAL/Src/Stm32f103c6_EXTI_Driver.o"
arm-none-eabi-gcc -gdwarf-2 "../MCAL/Src/Stm32f103c6_GPIO_Driver.c" -mcpu=cortex-m3 -std=gnu11 -g3 -DDEBUG -DSTM32 -DSTM32F1 -DSTM32F103C6Tx -c -I"C:/Users/Abdel/OneDrive/Documents/EmbeddedSystemsInDepth/STM32CUBE_IDE_Diploma_Workspace/Unit14_ARM_CORTEX(M3-M4)/ARM/ARM_CortexM3_M4/MCAL/Inc" -I"C:/Users/Abdel/OneDrive/Documents/EmbeddedSystemsInDepth/STM32CUBE_IDE_Diploma_Workspace/Unit14_ARM_CORTEX(M3-M4)/ARM/ARM_CortexM3_M4/HAL/SevenSegment" -I"C:/Users/Abdel/OneDrive/Documents/EmbeddedSystemsInDepth/STM32CUBE_IDE_Diploma_Workspace/Unit14_ARM_CORTEX(M3-M4)/ARM/ARM_CortexM3_M4/HAL/KeyPad" -I"C:/Users/Abdel/OneDrive/Documents/EmbeddedSystemsInDepth/STM32CUBE_IDE_Diploma_Workspace/Unit14_ARM_CORTEX(M3-M4)/ARM/ARM_CortexM3_M4/HAL/LCD" -I../Inc -I"C:/Users/Abdel/OneDrive/Documents/EmbeddedSystemsInDepth/STM32CUBE_IDE_Diploma_Workspace/Unit14_ARM_CORTEX(M3-M4)/ARM/ARM_CortexM3_M4/HAL/EEPROM" -O0 -ffunction-sections -fdata-sections -Wall -fstack-usage -MMD -MP -MF"MCAL/Src/Stm32f103c6_GPIO_Driver.d" -MT"MCAL/Src/Stm32f103c6_GPIO_Driver.o" --specs=nano.specs -mfloat-abi=soft -mthumb -o "MCAL/Src/Stm32f103c6_GPIO_Driver.o"
arm-none-eabi-gcc -gdwarf-2 "../MCAL/Src/Stm32f103c6_I2C_Driver.c" -mcpu=cortex-m3 -std=gnu11 -g3 -DDEBUG -DSTM32 -DSTM32F1 -DSTM32F103C6Tx -c -I"C:/Users/Abdel/OneDrive/Documents/EmbeddedSystemsInDepth/STM32CUBE_IDE_Diploma_Workspace/Unit14_ARM_CORTEX(M3-M4)/ARM/ARM_CortexM3_M4/MCAL/Inc" -I"C:/Users/Abdel/OneDrive/Documents/EmbeddedSystemsInDepth/STM32CUBE_IDE_Diploma_Workspace/Unit14_ARM_CORTEX(M3-M4)/ARM/ARM_CortexM3_M4/HAL/SevenSegment" -I"C:/Users/Abdel/OneDrive/Documents/EmbeddedSystemsInDepth/STM32CUBE_IDE_Diploma_Workspace/Unit14_ARM_CORTEX(M3-M4)/ARM/ARM_CortexM3_M4/HAL/KeyPad" -I"C:/Users/Abdel/OneDrive/Documents/EmbeddedSystemsInDepth/STM32CUBE_IDE_Diploma_Workspace/Unit14_ARM_CORTEX(M3-M4)/ARM/ARM_CortexM3_M4/HAL/LCD" -I../Inc -I"C:/Users/Abdel/OneDrive/Documents/EmbeddedSystemsInDepth/STM32CUBE_IDE_Diploma_Workspace/Unit14_ARM_CORTEX(M3-M4)/ARM/ARM_CortexM3_M4/HAL/EEPROM" -O0 -ffunction-sections -fdata-sections -Wall -fstack-usage -MMD -MP -MF"MCAL/Src/Stm32f103c6_I2C_Driver.d" -MT"MCAL/Src/Stm32f103c6_I2C_Driver.o" --specs=nano.specs -mfloat-abi=soft -mthumb -o "MCAL/Src/Stm32f103c6_I2C_Driver.o"
arm-none-eabi-gcc -gdwarf-2 "../MCAL/Src/Stm32f103c6_RCC_Driver.c" -mcpu=cortex-m3 -std=gnu11 -g3 -DDEBUG -DSTM32 -DSTM32F1 -DSTM32F103C6Tx -c -I"C:/Users/Abdel/OneDrive/Documents/EmbeddedSystemsInDepth/STM32CUBE_IDE_Diploma_Workspace/Unit14_ARM_CORTEX(M3-M4)/ARM/ARM_CortexM3_M4/MCAL/Inc" -I"C:/Users/Abdel/OneDrive/Documents/EmbeddedSystemsInDepth/STM32CUBE_IDE_Diploma_Workspace/Unit14_ARM_CORTEX(M3-M4)/ARM/ARM_CortexM3_M4/HAL/SevenSegment" -I"C:/Users/Abdel/OneDrive/Documents/EmbeddedSystemsInDepth/STM32CUBE_IDE_Diploma_Workspace/Unit14_ARM_CORTEX(M3-M4)/ARM/ARM_CortexM3_M4/HAL/KeyPad" -I"C:/Users/Abdel/OneDrive/Documents/EmbeddedSystemsInDepth/STM32CUBE_IDE_Diploma_Workspace/Unit14_ARM_CORTEX(M3-M4)/ARM/ARM_CortexM3_M4/HAL/LCD" -I../Inc -I"C:/Users/Abdel/OneDrive/Documents/EmbeddedSystemsInDepth/STM32CUBE_IDE_Diploma_Workspace/Unit14_ARM_CORTEX(M3-M4)/ARM/ARM_CortexM3_M4/HAL/EEPROM" -O0 -ffunction-sections -fdata-sections -Wall -fstack-usage -MMD -MP -MF"MCAL/Src/Stm32f103c6_RCC_Driver.d" -MT"MCAL/Src/Stm32f103c6_RCC_Driver.o" --specs=nano.specs -mfloat-abi=soft -mthumb -o "MCAL/Src/Stm32f103c6_RCC_Driver.o"
arm-none-eabi-gcc -gdwarf-2 "../MCAL/Src/Stm32f103c6_SPI_Driver.c" -mcpu=cortex-m3 -std=gnu11 -g3 -DDEBUG -DSTM32 -DSTM32F1 -DSTM32F103C6Tx -c -I"C:/Users/Abdel/OneDrive/Documents/EmbeddedSystemsInDepth/STM32CUBE_IDE_Diploma_Workspace/Unit14_ARM_CORTEX(M3-M4)/ARM/ARM_CortexM3_M4/MCAL/Inc" -I"C:/Users/Abdel/OneDrive/Documents/EmbeddedSystemsInDepth/STM32CUBE_IDE_Diploma_Workspace/Unit14_ARM_CORTEX(M3-M4)/ARM/ARM_CortexM3_M4/HAL/SevenSegment" -I"C:/Users/Abdel/OneDrive/Documents/EmbeddedSystemsInDepth/STM32CUBE_IDE_Diploma_Workspace/Unit14_ARM_CORTEX(M3-M4)/ARM/ARM_CortexM3_M4/HAL/KeyPad" -I"C:/Users/Abdel/OneDrive/Documents/EmbeddedSystemsInDepth/STM32CUBE_IDE_Diploma_Workspace/Unit14_ARM_CORTEX(M3-M4)/ARM/ARM_CortexM3_M4/HAL/LCD" -I../Inc -I"C:/Users/Abdel/OneDrive/Documents/EmbeddedSystemsInDepth/STM32CUBE_IDE_Diploma_Workspace/Unit14_ARM_CORTEX(M3-M4)/ARM/ARM_CortexM3_M4/HAL/EEPROM" -O0 -ffunction-sections -fdata-sections -Wall -fstack-usage -MMD -MP -MF"MCAL/Src/Stm32f103c6_SPI_Driver.d" -MT"MCAL/Src/Stm32f103c6_SPI_Driver.o" --specs=nano.specs -mfloat-abi=soft -mthumb -o "MCAL/Src/Stm32f103c6_SPI_Driver.o"
arm-none-eabi-gcc -gdwarf-2 "../MCAL/Src/Stm32f103c6_USART_Driver.c" -mcpu=cortex-m3 -std=gnu11 -g3 -DDEBUG -DSTM32 -DSTM32F1 -DSTM32F103C6Tx -c -I"C:/Users/Abdel/OneDrive/Documents/EmbeddedSystemsInDepth/STM32CUBE_IDE_Diploma_Workspace/Unit14_ARM_CORTEX(M3-M4)/ARM/ARM_CortexM3_M4/MCAL/Inc" -I"C:/Users/Abdel/OneDrive/Documents/EmbeddedSystemsInDepth/STM32CUBE_IDE_Diploma_Workspace/Unit14_ARM_CORTEX(M3-M4)/ARM/ARM_CortexM3_M4/HAL/SevenSegment" -I"C:/Users/Abdel/OneDrive/Documents/EmbeddedSystemsInDepth/STM32CUBE_IDE_Diploma_Workspace/Unit14_ARM_CORTEX(M3-M4)/ARM/ARM_CortexM3_M4/HAL/KeyPad" -I"C:/Users/Abdel/OneDrive/Documents/EmbeddedSystemsInDepth/STM32CUBE_IDE_Diploma_Workspace/Unit14_ARM_CORTEX(M3-M4)/ARM/ARM_CortexM3_M4/HAL/LCD" -I../Inc -I"C:/Users/Abdel/OneDrive/Documents/EmbeddedSystemsInDepth/STM32CUBE_IDE_Diploma_Workspace/Unit14_ARM_CORTEX(M3-M4)/ARM/ARM_CortexM3_M4/HAL/EEPROM" -O0 -ffunction-sections -fdata-sections -Wall -fstack-usage -MMD -MP -MF"MCAL/Src/Stm32f103c6_USART_Driver.d" -MT"MCAL/Src/Stm32f103c6_USART_Driver.o" --specs=nano.specs -mfloat-abi=soft -mthumb -o "MCAL/Src/Stm32f103c6_USART_Driver.o"
arm-none-eabi-gcc -gdwarf-2 "../HAL/SevenSegment/sevensegment.c" -mcpu=cortex-m3 -std=gnu11 -g3 -DDEBUG -DSTM32 -DSTM32F1 -DSTM32F103C6Tx -c -I"C:/Users/Abdel/OneDrive/Documents/EmbeddedSystemsInDepth/STM32CUBE_IDE_Diploma_Workspace/Unit14_ARM_CORTEX(M3-M4)/ARM/ARM_CortexM3_M4/MCAL/Inc" -I"C:/Users/Abdel/OneDrive/Documents/EmbeddedSystemsInDepth/STM32CUBE_IDE_Diploma_Workspace/Unit14_ARM_CORTEX(M3-M4)/ARM/ARM_CortexM3_M4/HAL/SevenSegment" -I"C:/Users/Abdel/OneDrive/Documents/EmbeddedSystemsInDepth/STM32CUBE_IDE_Diploma_Workspace/Unit14_ARM_CORTEX(M3-M4)/ARM/ARM_CortexM3_M4/HAL/KeyPad" -I"C:/Users/Abdel/OneDrive/Documents/EmbeddedSystemsInDepth/STM32CUBE_IDE_Diploma_Workspace/Unit14_ARM_CORTEX(M3-M4)/ARM/ARM_CortexM3_M4/HAL/LCD" -I../Inc -I"C:/Users/Abdel/OneDrive/Documents/EmbeddedSystemsInDepth/STM32CUBE_IDE_Diploma_Workspace/Unit14_ARM_CORTEX(M3-M4)/ARM/ARM_CortexM3_M4/HAL/EEPROM" -O0 -ffunction-sections -fdata-sections -Wall -fstack-usage -MMD -MP -MF"HAL/SevenSegment/sevensegment.d" -MT"HAL/SevenSegment/sevensegment.o" --specs=nano.specs -mfloat-abi=soft -mthumb -o "HAL/SevenSegment/sevensegment.o"
arm-none-eabi-gcc -gdwarf-2 "../HAL/LCD/lcd.c" -mcpu=cortex-m3 -std=gnu11 -g3 -DDEBUG -DSTM32 -DSTM32F1 -DSTM32F103C6Tx -c -I"C:/Users/Abdel/OneDrive/Documents/EmbeddedSystemsInDepth/STM32CUBE_IDE_Diploma_Workspace/Unit14_ARM_CORTEX(M3-M4)/ARM/ARM_CortexM3_M4/MCAL/Inc" -I"C:/Users/Abdel/OneDrive/Documents/EmbeddedSystemsInDepth/STM32CUBE_IDE_Diploma_Workspace/Unit14_ARM_CORTEX(M3-M4)/ARM/ARM_CortexM3_M4/HAL/SevenSegment" -I"C:/Users/Abdel/OneDrive/Documents/EmbeddedSystemsInDepth/STM32CUBE_IDE_Diploma_Workspace/Unit14_ARM_CORTEX(M3-M4)/ARM/ARM_CortexM3_M4/HAL/KeyPad" -I"C:/Users/Abdel/OneDrive/Documents/EmbeddedSystemsInDepth/STM32CUBE_IDE_Diploma_Workspace/Unit14_ARM_CORTEX(M3-M4)/ARM/ARM_CortexM3_M4/HAL/LCD" -I../Inc -I"C:/Users/Abdel/OneDrive/Documents/EmbeddedSystemsInDepth/STM32CUBE_IDE_Diploma_Workspace/Unit14_ARM_CORTEX(M3-M4)/ARM/ARM_CortexM3_M4/HAL/EEPROM" -O0 -ffunction-sections -fdata-sections -Wall -fstack-usage -MMD -MP -MF"HAL/LCD/lcd.d" -MT"HAL/LCD/lcd.o" --specs=nano.specs -mfloat-abi=soft -mthumb -o "HAL/LCD/lcd.o"
arm-none-eabi-gcc -gdwarf-2 "../HAL/KeyPad/keypad.c" -mcpu=cortex-m3 -std=gnu11 -g3 -DDEBUG -DSTM32 -DSTM32F1 -DSTM32F103C6Tx -c -I"C:/Users/Abdel/OneDrive/Documents/EmbeddedSystemsInDepth/STM32CUBE_IDE_Diploma_Workspace/Unit14_ARM_CORTEX(M3-M4)/ARM/ARM_CortexM3_M4/MCAL/Inc" -I"C:/Users/Abdel/OneDrive/Documents/EmbeddedSystemsInDepth/STM32CUBE_IDE_Diploma_Workspace/Unit14_ARM_CORTEX(M3-M4)/ARM/ARM_CortexM3_M4/HAL/SevenSegment" -I"C:/Users/Abdel/OneDrive/Documents/EmbeddedSystemsInDepth/STM32CUBE_IDE_Diploma_Workspace/Unit14_ARM_CORTEX(M3-M4)/ARM/ARM_CortexM3_M4/HAL/KeyPad" -I"C:/Users/Abdel/OneDrive/Documents/EmbeddedSystemsInDepth/STM32CUBE_IDE_Diploma_Workspace/Unit14_ARM_CORTEX(M3-M4)/ARM/ARM_CortexM3_M4/HAL/LCD" -I../Inc -I"C:/Users/Abdel/OneDrive/Documents/EmbeddedSystemsInDepth/STM32CUBE_IDE_Diploma_Workspace/Unit14_ARM_CORTEX(M3-M4)/ARM/ARM_CortexM3_M4/HAL/EEPROM" -O0 -ffunction-sections -fdata-sections -Wall -fstack-usage -MMD -MP -MF"HAL/KeyPad/keypad.d" -MT"HAL/KeyPad/keypad.o" --specs=nano.specs -mfloat-abi=soft -mthumb -o "HAL/KeyPad/keypad.o"
arm-none-eabi-gcc -gdwarf-2 "../HAL/EEPROM/I2C_Slave_EEPROM.c" -mcpu=cortex-m3 -std=gnu11 -g3 -DDEBUG -DSTM32 -DSTM32F1 -DSTM32F103C6Tx -c -I"C:/Users/Abdel/OneDrive/Documents/EmbeddedSystemsInDepth/STM32CUBE_IDE_Diploma_Workspace/Unit14_ARM_CORTEX(M3-M4)/ARM/ARM_CortexM3_M4/MCAL/Inc" -I"C:/Users/Abdel/OneDrive/Documents/EmbeddedSystemsInDepth/STM32CUBE_IDE_Diploma_Workspace/Unit14_ARM_CORTEX(M3-M4)/ARM/ARM_CortexM3_M4/HAL/SevenSegment" -I"C:/Users/Abdel/OneDrive/Documents/EmbeddedSystemsInDepth/STM32CUBE_IDE_Diploma_Workspace/Unit14_ARM_CORTEX(M3-M4)/ARM/ARM_CortexM3_M4/HAL/KeyPad" -I"C:/Users/Abdel/OneDrive/Documents/EmbeddedSystemsInDepth/STM32CUBE_IDE_Diploma_Workspace/Unit14_ARM_CORTEX(M3-M4)/ARM/ARM_CortexM3_M4/HAL/LCD" -I../Inc -I"C:/Users/Abdel/OneDrive/Documents/EmbeddedSystemsInDepth/STM32CUBE_IDE_Diploma_Workspace/Unit14_ARM_CORTEX(M3-M4)/ARM/ARM_CortexM3_M4/HAL/EEPROM" -O0 -ffunction-sections -fdata-sections -Wall -fstack-usage -MMD -MP -MF"HAL/EEPROM/I2C_Slave_EEPROM.d" -MT"HAL/EEPROM/I2C_Slave_EEPROM.o" --specs=nano.specs -mfloat-abi=soft -mthumb -o "HAL/EEPROM/I2C_Slave_EEPROM.o"
arm-none-eabi-gcc -gdwarf-2 -o "ARM_CortexM3_M4.elf" @"objects.list"   -mcpu=cortex-m3 -T"C:\Users\Abdel\OneDrive\Documents\EmbeddedSystemsInDepth\STM32CUBE_IDE_Diploma_Workspace\Unit14_ARM_CORTEX(M3-M4)\ARM\ARM_CortexM3_M4\STM32F103C6TX_FLASH.ld" --specs=nosys.specs -Wl,-Map="ARM_CortexM3_M4.map" -Wl,--gc-sections -static --specs=nano.specs -mfloat-abi=soft -mthumb -Wl,--start-group -lc -lm -Wl,--end-group
Finished building target: ARM_CortexM3_M4.elf
 
arm-none-eabi-size   ARM_CortexM3_M4.elf 
arm-none-eabi-objdump -h -S  ARM_CortexM3_M4.elf  > "ARM_CortexM3_M4.list"
   text	   data	    bss	    dec	    hex	filename
   3852	      8	   1728	   5588	   15d4	ARM_CortexM3_M4.elf
Finished building: default.size.stdout
 
Finished building: ARM_CortexM3_M4.list
 
