06:23:52 **** Incremental Build of configuration Debug for project STM32F103C6 ****
make -j16 all 
arm-none-eabi-gcc "../Src/main.c" -mcpu=cortex-m3 -std=gnu11 -g3 -DDEBUG -DSTM32 -DSTM32F1 -DSTM32F103C6Tx -c -I"C:/Users/Abdel/OneDrive/Documents/EmbeddedSystemsInDepth/Drivers/Stm32f103xx/STM32F103C6/Drivers/Inc" -I../Inc -O0 -ffunction-sections -fdata-sections -Wall -fstack-usage -MMD -MP -MF"Src/main.d" -MT"Src/main.o" --specs=nano.specs -mfloat-abi=soft -mthumb -o "Src/main.o"
arm-none-eabi-gcc "../Drivers/Src/Stm32f103c6_EXTI_Driver.c" -mcpu=cortex-m3 -std=gnu11 -g3 -DDEBUG -DSTM32 -DSTM32F1 -DSTM32F103C6Tx -c -I"C:/Users/Abdel/OneDrive/Documents/EmbeddedSystemsInDepth/Drivers/Stm32f103xx/STM32F103C6/Drivers/Inc" -I../Inc -O0 -ffunction-sections -fdata-sections -Wall -fstack-usage -MMD -MP -MF"Drivers/Src/Stm32f103c6_EXTI_Driver.d" -MT"Drivers/Src/Stm32f103c6_EXTI_Driver.o" --specs=nano.specs -mfloat-abi=soft -mthumb -o "Drivers/Src/Stm32f103c6_EXTI_Driver.o"
arm-none-eabi-gcc "../Drivers/Src/Stm32f103c6_GPIO_Driver.c" -mcpu=cortex-m3 -std=gnu11 -g3 -DDEBUG -DSTM32 -DSTM32F1 -DSTM32F103C6Tx -c -I"C:/Users/Abdel/OneDrive/Documents/EmbeddedSystemsInDepth/Drivers/Stm32f103xx/STM32F103C6/Drivers/Inc" -I../Inc -O0 -ffunction-sections -fdata-sections -Wall -fstack-usage -MMD -MP -MF"Drivers/Src/Stm32f103c6_GPIO_Driver.d" -MT"Drivers/Src/Stm32f103c6_GPIO_Driver.o" --specs=nano.specs -mfloat-abi=soft -mthumb -o "Drivers/Src/Stm32f103c6_GPIO_Driver.o"
arm-none-eabi-gcc -o "STM32F103C6.elf" @"objects.list"   -mcpu=cortex-m3 -T"C:\Users\Abdel\OneDrive\Documents\EmbeddedSystemsInDepth\Drivers\Stm32f103xx\STM32F103C6\STM32F103C6TX_FLASH.ld" --specs=nosys.specs -Wl,-Map="STM32F103C6.map" -Wl,--gc-sections -static --specs=nano.specs -mfloat-abi=soft -mthumb -Wl,--start-group -lc -lm -Wl,--end-group
Finished building target: STM32F103C6.elf
 
arm-none-eabi-size   STM32F103C6.elf 
arm-none-eabi-objdump -h -S  STM32F103C6.elf  > "STM32F103C6.list"
   text	   data	    bss	    dec	    hex	filename
    556	      8	   1568	   2132	    854	STM32F103C6.elf
Finished building: default.size.stdout
 
Finished building: STM32F103C6.list
 

06:24:05 Build Finished. 0 errors, 0 warnings. (took 12s.276ms)

