22:26:39 **** Incremental Build of configuration Debug for project ARM_CortexM3_M4 ****
make -j16 all 
arm-none-eabi-gcc -gdwarf-2 "../Src/Session05_ARM_Stack.c" -mcpu=cortex-m3 -std=gnu11 -g3 -DDEBUG -DSTM32 -DSTM32F1 -DSTM32F103C6Tx -c -I"C:/Users/Abdel/OneDrive/Documents/EmbeddedSystemsInDepth/STM32CUBE_IDE_Diploma_Workspace/Unit14_ARM_CORTEX(M3-M4)/ARM/ARM_CortexM3_M4/MCAL/Inc" -I"C:/Users/Abdel/OneDrive/Documents/EmbeddedSystemsInDepth/STM32CUBE_IDE_Diploma_Workspace/Unit14_ARM_CORTEX(M3-M4)/ARM/ARM_CortexM3_M4/HAL/SevenSegment" -I"C:/Users/Abdel/OneDrive/Documents/EmbeddedSystemsInDepth/STM32CUBE_IDE_Diploma_Workspace/Unit14_ARM_CORTEX(M3-M4)/ARM/ARM_CortexM3_M4/HAL/KeyPad" -I"C:/Users/Abdel/OneDrive/Documents/EmbeddedSystemsInDepth/STM32CUBE_IDE_Diploma_Workspace/Unit14_ARM_CORTEX(M3-M4)/ARM/ARM_CortexM3_M4/HAL/LCD" -I../Inc -I"C:/Users/Abdel/OneDrive/Documents/EmbeddedSystemsInDepth/STM32CUBE_IDE_Diploma_Workspace/Unit14_ARM_CORTEX(M3-M4)/ARM/ARM_CortexM3_M4/HAL/EEPROM" -O0 -ffunction-sections -fdata-sections -Wall -fstack-usage -MMD -MP -MF"Src/Session05_ARM_Stack.d" -MT"Src/Session05_ARM_Stack.o" --specs=nano.specs -mfloat-abi=soft -mthumb -o "Src/Session05_ARM_Stack.o"
arm-none-eabi-size   ARM_CortexM3_M4.axf 
   text	   data	    bss	    dec	    hex	filename
   4216	     12	   1748	   5976	   1758	ARM_CortexM3_M4.axf
Finished building: default.size.stdout
 
arm-none-eabi-gcc -gdwarf-2 -o "ARM_CortexM3_M4.axf" @"objects.list"   -mcpu=cortex-m3 -T"C:\Users\Abdel\OneDrive\Documents\EmbeddedSystemsInDepth\STM32CUBE_IDE_Diploma_Workspace\Unit14_ARM_CORTEX(M3-M4)\ARM\ARM_CortexM3_M4\STM32F103C6TX_FLASH.ld" --specs=nosys.specs -Wl,-Map="ARM_CortexM3_M4.map" -Wl,--gc-sections -static --specs=nano.specs -mfloat-abi=soft -mthumb -Wl,--start-group -lc -lm -Wl,--end-group
Finished building target: ARM_CortexM3_M4.elf
arm-none-eabi-objdump -D ARM_CortexM3_M4.axf > ARM_Assembly.s		
 
