09:19:05 **** Incremental Build of configuration Debug for project STM32F103C6 ****
make -j16 all 
arm-none-eabi-gcc -gdwarf-2 "../Src/01_GPIO_Test.c" -mcpu=cortex-m3 -std=gnu11 -g3 -DDEBUG -DSTM32 -DSTM32F1 -DSTM32F103C6Tx -c -I"C:/Users/Abdel/OneDrive/Documents/EmbeddedSystemsInDepth/Drivers/Stm32f103xx/STM32F103C6/MCAL/Inc" -I../Inc -O0 -ffunction-sections -fdata-sections -Wall -fstack-usage -MMD -MP -MF"Src/01_GPIO_Test.d" -MT"Src/01_GPIO_Test.o" --specs=nano.specs -mfloat-abi=soft -mthumb -o "Src/01_GPIO_Test.o"
arm-none-eabi-gcc -gdwarf-2 "../Src/syscalls.c" -mcpu=cortex-m3 -std=gnu11 -g3 -DDEBUG -DSTM32 -DSTM32F1 -DSTM32F103C6Tx -c -I"C:/Users/Abdel/OneDrive/Documents/EmbeddedSystemsInDepth/Drivers/Stm32f103xx/STM32F103C6/MCAL/Inc" -I../Inc -O0 -ffunction-sections -fdata-sections -Wall -fstack-usage -MMD -MP -MF"Src/syscalls.d" -MT"Src/syscalls.o" --specs=nano.specs -mfloat-abi=soft -mthumb -o "Src/syscalls.o"
arm-none-eabi-gcc -gdwarf-2 "../Src/sysmem.c" -mcpu=cortex-m3 -std=gnu11 -g3 -DDEBUG -DSTM32 -DSTM32F1 -DSTM32F103C6Tx -c -I"C:/Users/Abdel/OneDrive/Documents/EmbeddedSystemsInDepth/Drivers/Stm32f103xx/STM32F103C6/MCAL/Inc" -I../Inc -O0 -ffunction-sections -fdata-sections -Wall -fstack-usage -MMD -MP -MF"Src/sysmem.d" -MT"Src/sysmem.o" --specs=nano.specs -mfloat-abi=soft -mthumb -o "Src/sysmem.o"
arm-none-eabi-gcc -gdwarf-2 -o "STM32F103C6.elf" @"objects.list"   -mcpu=cortex-m3 -T"C:\Users\Abdel\OneDrive\Documents\EmbeddedSystemsInDepth\Drivers\Stm32f103xx\STM32F103C6\STM32F103C6TX_FLASH.ld" --specs=nosys.specs -Wl,-Map="STM32F103C6.map" -Wl,--gc-sections -static --specs=nano.specs -mfloat-abi=soft -mthumb -Wl,--start-group -lc -lm -Wl,--end-group
Finished building target: STM32F103C6.elf
 
arm-none-eabi-size   STM32F103C6.elf 
arm-none-eabi-objdump -h -S  STM32F103C6.elf  > "STM32F103C6.list"
   text	   data	    bss	    dec	    hex	filename
   2192	      8	   1624	   3824	    ef0	STM32F103C6.elf
Finished building: default.size.stdout
 
Finished building: STM32F103C6.list
 
