17:02:08 **** Clean-only build of configuration Debug for project STM32F103C6 ****
make -j16 clean 
rm -rf ./Startup/startup_stm32f103c6tx.d ./Startup/startup_stm32f103c6tx.o
rm -rf ./Src/main.d ./Src/main.o ./Src/main.su ./Src/syscalls.d ./Src/syscalls.o ./Src/syscalls.su ./Src/sysmem.d ./Src/sysmem.o ./Src/sysmem.su
rm -rf ./Drivers/Src/Stm32f103c6_EXTI_Driver.d ./Drivers/Src/Stm32f103c6_EXTI_Driver.o ./Drivers/Src/Stm32f103c6_EXTI_Driver.su ./Drivers/Src/Stm32f103c6_GPIO_Driver.d ./Drivers/Src/Stm32f103c6_GPIO_Driver.o ./Drivers/Src/Stm32f103c6_GPIO_Driver.su
rm -rf STM32F103C6.elf STM32F103C6.list STM32F103C6.map default.size.stdout
 
17:02:10 **** Incremental Build of configuration Debug for project STM32F103C6 ****
make -j16 all 
arm-none-eabi-gcc -mcpu=cortex-m3 -g3 -DDEBUG -c -x assembler-with-cpp -MMD -MP -MF"Startup/startup_stm32f103c6tx.d" -MT"Startup/startup_stm32f103c6tx.o" --specs=nano.specs -mfloat-abi=soft -mthumb -o "Startup/startup_stm32f103c6tx.o" "../Startup/startup_stm32f103c6tx.s"
arm-none-eabi-gcc "../Src/main.c" -mcpu=cortex-m3 -std=gnu11 -g3 -DDEBUG -DSTM32 -DSTM32F1 -DSTM32F103C6Tx -c -I"C:/Users/Abdel/OneDrive/Documents/EmbeddedSystemsInDepth/Drivers/Stm32f103xx/STM32F103C6/MCAL/Inc" -I../Inc -O0 -ffunction-sections -fdata-sections -Wall -fstack-usage -MMD -MP -MF"Src/main.d" -MT"Src/main.o" --specs=nano.specs -mfloat-abi=soft -mthumb -o "Src/main.o"
arm-none-eabi-gcc "../Src/syscalls.c" -mcpu=cortex-m3 -std=gnu11 -g3 -DDEBUG -DSTM32 -DSTM32F1 -DSTM32F103C6Tx -c -I"C:/Users/Abdel/OneDrive/Documents/EmbeddedSystemsInDepth/Drivers/Stm32f103xx/STM32F103C6/MCAL/Inc" -I../Inc -O0 -ffunction-sections -fdata-sections -Wall -fstack-usage -MMD -MP -MF"Src/syscalls.d" -MT"Src/syscalls.o" --specs=nano.specs -mfloat-abi=soft -mthumb -o "Src/syscalls.o"
arm-none-eabi-gcc "../Src/sysmem.c" -mcpu=cortex-m3 -std=gnu11 -g3 -DDEBUG -DSTM32 -DSTM32F1 -DSTM32F103C6Tx -c -I"C:/Users/Abdel/OneDrive/Documents/EmbeddedSystemsInDepth/Drivers/Stm32f103xx/STM32F103C6/MCAL/Inc" -I../Inc -O0 -ffunction-sections -fdata-sections -Wall -fstack-usage -MMD -MP -MF"Src/sysmem.d" -MT"Src/sysmem.o" --specs=nano.specs -mfloat-abi=soft -mthumb -o "Src/sysmem.o"
arm-none-eabi-gcc "../MCAL/Src/Stm32f103c6_EXTI_Driver.c" -mcpu=cortex-m3 -std=gnu11 -g3 -DDEBUG -DSTM32 -DSTM32F1 -DSTM32F103C6Tx -c -I"C:/Users/Abdel/OneDrive/Documents/EmbeddedSystemsInDepth/Drivers/Stm32f103xx/STM32F103C6/MCAL/Inc" -I../Inc -O0 -ffunction-sections -fdata-sections -Wall -fstack-usage -MMD -MP -MF"MCAL/Src/Stm32f103c6_EXTI_Driver.d" -MT"MCAL/Src/Stm32f103c6_EXTI_Driver.o" --specs=nano.specs -mfloat-abi=soft -mthumb -o "MCAL/Src/Stm32f103c6_EXTI_Driver.o"
arm-none-eabi-gcc "../MCAL/Src/Stm32f103c6_GPIO_Driver.c" -mcpu=cortex-m3 -std=gnu11 -g3 -DDEBUG -DSTM32 -DSTM32F1 -DSTM32F103C6Tx -c -I"C:/Users/Abdel/OneDrive/Documents/EmbeddedSystemsInDepth/Drivers/Stm32f103xx/STM32F103C6/MCAL/Inc" -I../Inc -O0 -ffunction-sections -fdata-sections -Wall -fstack-usage -MMD -MP -MF"MCAL/Src/Stm32f103c6_GPIO_Driver.d" -MT"MCAL/Src/Stm32f103c6_GPIO_Driver.o" --specs=nano.specs -mfloat-abi=soft -mthumb -o "MCAL/Src/Stm32f103c6_GPIO_Driver.o"
arm-none-eabi-gcc -o "STM32F103C6.elf" @"objects.list"   -mcpu=cortex-m3 -T"C:\Users\Abdel\OneDrive\Documents\EmbeddedSystemsInDepth\Drivers\Stm32f103xx\STM32F103C6\STM32F103C6TX_FLASH.ld" --specs=nosys.specs -Wl,-Map="STM32F103C6.map" -Wl,--gc-sections -static --specs=nano.specs -mfloat-abi=soft -mthumb -Wl,--start-group -lc -lm -Wl,--end-group
Finished building target: STM32F103C6.elf
 
arm-none-eabi-size   STM32F103C6.elf 
arm-none-eabi-objdump -h -S  STM32F103C6.elf  > "STM32F103C6.list"
   text	   data	    bss	    dec	    hex	filename
    556	      8	   1568	   2132	    854	STM32F103C6.elf
Finished building: default.size.stdout
 
Finished building: STM32F103C6.list
 
